******************************************************************************
               TMS320C6x Linker Unix v8.3.3                    
******************************************************************************
>> Linked Thu Jun 18 15:47:58 2026

OUTPUT FILE NAME:   <out_of_box_1843_dss_isk.xe674>
ENTRY POINT SYMBOL: "_c_int00"  address: 00806ca0


MEMORY CONFIGURATION

         name            origin    length      used     unused   attr    fill
----------------------  --------  ---------  --------  --------  ----  --------
PAGE 0:
  L2SRAM_UMAP1          007e0000   00020000  00020000  00000000  RWIX
  L2SRAM_UMAP0          00800000   00020000  0001fffc  00000004  RWIX
  L1PSRAM               00e00000   00004000  00000000  00004000  RWIX
  L1DSRAM               00f00000   00004000  00000000  00004000  RWIX
  L3SRAM                20000000   000c0000  000bd3c4  00002c3c  RWIX
  HWA_RAM               21030000   00010000  00000000  00010000  RWIX
  HSRAM                 21080000   00008000  00008000  00000000  RWIX

PAGE 1:
  L3SRAM                20000000   000c0000  00000000  000c0000  RWIX


SEGMENT ALLOCATION MAP

run origin  load origin   length   init length attrs members
----------  ----------- ---------- ----------- ----- -------
007e0000    007e0000    0002d000   0002d000    r-x
  007e0000    007e0000    00000200   00000200    r-x .vecs
  007e0200    007e0200    0001fe00   0001fe00    r-x .text.1
  00800000    00800000    0000d000   0000d000    r-x .text.2
0080d000    0080d000    0000f168   00000000    rw-
  0080d000    0080d000    0000c400   00000000    rw- .dpc_l2Heap
  00819400    00819400    00002564   00000000    rw- .far
  0081b968    0081b968    00000800   00000000    rw- .stack
0081c168    0081c168    00000028   0000001c    rw-
  0081c168    0081c168    0000001c   0000001c    rw- .neardata
  0081c184    0081c184    0000000c   00000000    rw- .bss
0081c190    0081c190    00003e70   00003e70    r--
  0081c190    0081c190    00003e70   00003e70    r-- .const.1
20000000    20000000    000bbc78   00000000    rw-
  20000000    20000000    000b3c78   00000000    rw- .l3ram
  200b3c78    200b3c78    00008000   00000000    rw- systemHeap
200bbc78    200bbc78    0000053c   0000053c    r--
  200bbc78    200bbc78    0000053c   0000053c    r-- .const.2
200bc1b8    200bc1b8    00000120   00000000    rw-
  200bc1b8    200bc1b8    00000120   00000000    rw- .cio
200bc2d8    200bc2d8    000000e4   000000e4    r--
  200bc2d8    200bc2d8    000000e4   000000e4    r-- .switch
200bc3c0    200bc3c0    0000100c   0000100c    rw-
  200bc3c0    200bc3c0    0000100c   0000100c    rw- .fardata
21080000    21080000    00008000   00000000    rw-
  21080000    21080000    00008000   00000000    rw- .demoSharedMem


SECTION ALLOCATION MAP

 output                                  attributes/
section   page    origin      length       input sections
--------  ----  ----------  ----------   ----------------
.vecs      0    007e0000    00000200     
                  007e0000    00000200     mmw_dss_pe674.oe674 (.vecs)

.stack     0    0081b968    00000800     UNINITIALIZED
                  0081b968    00000008     boot.ae674 : boot.oe674 (.stack)
                  0081b970    000007f8     --HOLE--

.bss       0    0081c184    0000000c     UNINITIALIZED
                  0081c184    00000004     gtrack_module.oe674 (.bss)
                  0081c188    00000004     (.common:gObjDetObj)
                  0081c18c    00000004     (.common:g_gtrackDoneSemHandle)

.neardata 
*          0    0081c168    0000001c     
                  0081c168    0000000c     gtrack_module.oe674 (.neardata)
                  0081c174    00000004     antenna_geometry.oe674 (.neardata)
                  0081c178    00000004     dss_main.oe674 (.neardata)
                  0081c17c    00000004     libdpm_xwr18xx.ae674 : dpm_mailbox.oe674 (.neardata)
                  0081c180    00000004     libedma_xwr18xx.ae674 : edma_low_level.oe674 (.neardata)

.cinit     0    00800000    00000000     UNINITIALIZED

.far       0    00819400    00002564     UNINITIALIZED
                  00819400    00001900     (.common:xdc_runtime_LoggerBuf_Instance_State_0_entryArr__A)
                  0081ad00    000006f8     libedma_xwr18xx.ae674 : edma.oe674 (.far:EDMA_object)
                  0081b3f8    00000320     mmw_dss_pe674.oe674 (.far:taskStackSection)
                  0081b718    00000140     (.common:__TI_tmpnams)
                  0081b858    000000d8     (.common:gMmwDssMCB)
                  0081b930    00000018     (.common:resultBuffer)
                  0081b948    00000010     (.common:edmaDbg)
                  0081b958    00000008     (.common:parmbuf)
                  0081b960    00000004     (.common:ti_sysbios_knl_Task_Instance_State_0_hookEnv__A)

xdc.meta   0    00000000    00000100     COPY SECTION
                  00000000    00000100     mmw_dss_pe674.oe674 (xdc.meta)

.text.1    0    007e0200    0001fe00     
                  007e0200    000017a0     libgtrack3D.ae674 : gtrack_unit_update.oe674 (.text:gtrack_unitUpdate)
                  007e19a0    00000ba0     sysbios.ae674 : BIOS.obj (.text:xdc_runtime_System_doPrint__I)
                  007e2540    00000b80     libgtrack3D.ae674 : gtrack_create.oe674 (.text:gtrack_create)
                  007e30c0    00000b40     libdopplerproc_hwa_xwr18xx.ae674 : dopplerprochwa.oe674 (.text:DPU_DopplerProcHWA_config)
                  007e3c00    00000aa0     libhwa_xwr18xx.ae674 : hwa.oe674 (.text:HWA_configParamSet)
                  007e46a0    000009e0     librangeproc_hwa_xwr18xx.ae674 : rangeprochwa.oe674 (.text:DPU_RangeProcHWA_process)
                  007e5080    000009a0     libgtrack3D.ae674 : gtrack_module.oe674 (.text:gtrack_moduleAllocate)
                  007e5a20    00000940                       : gtrack_utilities_3d.oe674 (.text:gtrack_matrixInv)
                  007e6360    000008a0     objectdetection.oe674 (.text:DPC_ObjectDetection_ioctl)
                  007e6c00    00000800     librangeproc_hwa_xwr18xx.ae674 : rangeprochwa.oe674 (.text:DPU_RangeProcHWA_config)
                  007e7400    00000780     sysbios.ae674 : BIOS.obj (.text:ti_sysbios_family_c64p_Exception_handler__I)
                  007e7b80    00000740     objectdetection.oe674 (.text:DPC_ObjDet_rangeBiasRxChPhaseMeasure)
                  007e82c0    00000720     libaoaproc_hwa_xwr18xx.ae674 : aoaprochwa.oe674 (.text:AoAProcHWA_config_EDMA)
                  007e89e0    00000700                                  : aoaprochwa.oe674 (.text:HWAutil_configHWA_extendedVelocityScheme)
                  007e90e0    00000700     libgtrack3D.ae674 : gtrack_unit_score.oe674 (.text:gtrack_unitScore)
                  007e97e0    000006a0     sysbios.ae674 : BIOS.obj (.text:ti_sysbios_knl_Semaphore_pend__E)
                  007e9e80    00000680                   : BIOS.obj (.text:ti_sysbios_heaps_HeapMem_allocUnprotected__E)
                  007ea500    00000660     rts6740_elf.lib : powf.c.obj (.text:powf)
                  007eab60    00000660     sysbios.ae674 : BIOS.obj (.text:ti_sysbios_heaps_HeapMem_freeUnprotected__E)
                  007eb1c0    00000600     libaoaproc_hwa_xwr18xx.ae674 : aoaprochwa.oe674 (.text:DPU_AoAProcHWA_process)
                  007eb7c0    00000600     rts6740_elf.lib : divd.c.obj (.text:__c6xabi_divd)
                  007ebdc0    00000580     sysbios.ae674 : BIOS.obj (.text:ti_sysbios_knl_Task_Instance_finalize__E)
                  007ec340    00000540     libgtrack3D.ae674 : gtrack_step.oe674 (.text:gtrack_step)
                  007ec880    00000520     objectdetection.oe674 (.text:DPC_ObjDet_AoAconfig)
                  007ecda0    00000500     libgtrack3D.ae674 : gtrack_unit_event.oe674 (.text:gtrack_unitEvent)
                  007ed2a0    000004c0     librangeproc_hwa_xwr18xx.ae674 : rangeprochwa.oe674 (.text:rangeProcHWA_ConfigEDMA_DataOut_nonInterleave)
                  007ed760    00000460     libhwa_xwr18xx.ae674 : hwa.oe674 (.text:HWA_configCommon)
                  007edbc0    00000460     libgtrack3D.ae674 : gtrack_unit_update.oe674 (.text:gtrack_velocityStateHandling)
                  007ee020    00000440     sysbios.ae674 : BIOS.obj (.text:ti_sysbios_knl_Task_Instance_init__E)
                  007ee460    00000420     libmailbox_xwr18xx.ae674 : mailbox.oe674 (.text:Mailbox_open)
                  007ee880    00000400     objectdetection.oe674 (.text:DPC_ObjDet_preStartConfig)
                  007eec80    000003e0     libaoaproc_hwa_xwr18xx.ae674 : aoaprochwa.oe674 (.text:DPU_AoAProcHWA_config)
                  007ef060    000003e0     libgtrack3D.ae674 : gtrack_unit_create.oe674 (.text:gtrack_unitCreate)
                  007ef440    000003e0     sysbios.ae674 : BIOS.obj (.text:ti_sysbios_knl_Task_sleep__E)
                  007ef820    000003e0                   : BIOS.obj (.text:ti_sysbios_utils_Load_updateThreadContexts__E)
                  007efc00    000003c0     libaoaproc_hwa_xwr18xx.ae674 : aoaprochwa.oe674 (.text:AoAProcHWA_angleEstimationAzimElev)
                  007effc0    000003c0     libgtrack3D.ae674 : gtrack_utilities.oe674 (.text:gtrack_computeJacobian)
                  007f0380    000003a0     libedma_xwr18xx.ae674 : edma.oe674 (.text:EDMA_paramConfig_assist)
                  007f0720    000003a0     librangeproc_hwa_xwr18xx.ae674 : rangeprochwa.oe674 (.text:rangeProcHWA_ConfigHWA)
                  007f0ac0    00000360     objectdetection.oe674 (.text:DPC_ObjDet_rangeConfig)
                  007f0e20    00000360     libdpm_xwr18xx.ae674 : dpm_core.oe674 (.text:DPM_init)
                  007f1180    00000360                          : dpm_msg.oe674 (.text:DPM_msgRecv)
                  007f14e0    00000340     objectdetection.oe674 (.text:DPC_ObjectDetection_execute)
                  007f1820    00000340     libstaticclutterproc_xwr18xx.ae674 : staticclutterproc.oe674 (.text:DPU_StaticClutterProc_process)
                  007f1b60    00000320     libedma_xwr18xx.ae674 : edma.oe674 (.text:EDMA_configChannel)
                  007f1e80    00000320     rts6740_elf.lib : cos.c.obj (.text:cos)
                  007f21a0    00000300     libaoaproc_hwa_xwr18xx.ae674 : aoaprochwa.oe674 (.text:HWAutil_configHWA_azimuthHeatMap)
                  007f24a0    00000300     libgtrack3D.ae674 : gtrack_module.oe674 (.text:gtrack_modulePresence)
                  007f27a0    00000300     sysbios.ae674 : BIOS.obj (.text:xdc_runtime_LoggerBuf_write8__E)
                  007f2aa0    000002e0     libaoaproc_hwa_xwr18xx.ae674 : aoaprochwa.oe674 (.text:AoAProcHWA_XYZestimation)
                  007f2d80    000002e0     rts6740_elf.lib : sin.c.obj (.text:sin)
                  007f3060    000002e0     sysbios.ae674 : BIOS.obj (.text:ti_sysbios_heaps_HeapMem_Instance_init__E)
                  007f3340    000002e0                   : BIOS.obj (.text:xdc_runtime_Core_createObject__I)
                  007f3620    000002c0     objectdetection.oe674 (.text:DPC_ObjDet_dopplerConfig)
                  007f38e0    000002c0     libedma_xwr18xx.ae674 : edma.oe674 (.text:EDMA_configErrorMonitoring)
                  007f3ba0    000002c0                           : edma.oe674 (.text:EDMA_open)
                  007f3e60    000002c0     libgtrack3D.ae674 : gtrack_unit_predict.oe674 (.text:gtrack_unitPredict)
                  007f4120    000002c0     sysbios.ae674 : BIOS.obj (.text:ti_sysbios_knl_Task_postInit__I)
                  007f43e0    000002c0                   : BIOS.obj (.text:ti_sysbios_timers_rti_Timer_Module_startup__E)
                  007f46a0    000002a0     libcfarcaproc_hwa_xwr18xx.ae674 : cfarcaprochwa.oe674 (.text:DPU_CFARCAProcHWA_process)
                  007f4940    000002a0     libhwa_xwr18xx.ae674 : hwa.oe674 (.text:HWA_open)
                  007f4be0    000002a0     rts6740_elf.lib : divf.c.obj (.text:__c6xabi_divf)
                  007f4e80    000002a0     sysbios.ae674 : BIOS.obj (.text:ti_sysbios_family_c64p_EventCombiner_dispatch__E)
                  007f5120    000002a0                   : BIOS.obj (.text:ti_sysbios_timers_rti_Timer_getFreq__E)
                  007f53c0    00000280     libaoaproc_hwa_xwr18xx.ae674 : aoaprochwa.oe674 (.text:AoAProcHWA_PrepareRangeAzimuthHeatmap)
                  007f5640    00000280     objectdetection.oe674 (.text:DPC_ObjectDetection_init)
                  007f58c0    00000280     sysbios.ae674 : BIOS.obj (.text:ti_sysbios_family_c64p_Cache_Module_startup__E)
                  007f5b40    00000280                   : BIOS.obj (.text:xdc_runtime_Startup_startMods__I)
                  007f5dc0    00000260     libaoaproc_hwa_xwr18xx.ae674 : aoaprochwa.oe674 (.text:AoAProcHWA_config_azimuthHeatMap_EDMA)
                  007f6020    00000260     dss_main.oe674 (.text:MmwDemo_DPC_ObjectDetection_dpmTask)
                  007f6280    00000260     gtrack_module.oe674 (.text:_ProcessGtrackTask)
                  007f64e0    00000260     rts6740_elf.lib : imath64.c.obj (.text:__c6xabi_divull)
                  007f6740    00000260     sysbios.ae674 : BIOS.obj (.text:ti_sysbios_gates_GateMutex_enter__E)
                  007f69a0    00000240     objectdetection.oe674 (.text:DPC_ObjDet_CFARCAconfig)
                  007f6be0    00000240     libedma_xwr18xx.ae674 : edma.oe674 (.text:EDMA_transferComplete_isr)
                  007f6e20    00000240     dss_main.oe674 (.text:MmwDemo_dssInitTask)
                  007f7060    00000240     rts6740_elf.lib : tanf.c.obj (.text:tanf)
                  007f72a0    00000240     sysbios.ae674 : BIOS.obj (.text:ti_sysbios_family_c64p_Exception_internalHandler__I)
                  007f74e0    00000240                   : BIOS.obj (.text:xdc_runtime_Error_policyDefault__E)
                  007f7720    00000240     mmw_dss_pe674.oe674 (.text:xdc_runtime_System_printfExtend__I)
                  007f7960    00000220     libcfarcaproc_hwa_xwr18xx.ae674 : cfarcaprochwa.oe674 (.text:DPU_CFARCAProcHWA_config)
                  007f7b80    00000220     libmailbox_xwr18xx.ae674 : mailbox.oe674 (.text:Mailbox_write)
                  007f7da0    00000220     libaoaproc_hwa_xwr18xx.ae674 : aoaprochwa.oe674 (.text:aoaHwa_dopplerCompensation)
                  007f7fc0    00000220     libgtrack3D.ae674 : gtrack_unit_start.oe674 (.text:gtrack_unitStart)
                  007f81e0    00000220     sysbios.ae674 : BIOS.obj (.text:ti_sysbios_family_c64p_EventCombiner_dispatchPlug__E)
                  007f8400    00000220                   : BIOS.obj (.text:ti_sysbios_family_c64p_EventCombiner_enableEvent__E)
                  007f8620    00000220                   : BIOS.obj (.text:xdc_runtime_LoggerBuf_write4__E)
                  007f8840    00000200     libdpm_xwr18xx.ae674 : dpm_msg.oe674 (.text:DPM_msgResultHandler)
                  007f8a40    00000200     libaoaproc_hwa_xwr18xx.ae674 : aoaprochwa.oe674 (.text:DPU_AoAProcHWA_init)
                  007f8c40    00000200     sysbios.ae674 : c64p_Hwi_disp_always.obj (.text:_ti_sysbios_family_c64p_Hwi_dispatchAlways)
                  007f8e40    00000200     rts6740_elf.lib : atan.c.obj (.text:atan)
                  007f9040    00000200     libgtrack3D.ae674 : gtrack_math.oe674 (.text:gtrack_matrixPrint2)
                  007f9240    00000200     libmathutils.ae674 : mathutils.oe674 (.text:mathUtils_genWindow)
                  007f9440    00000200     sysbios.ae674 : BIOS.obj (.text:ti_sysbios_family_c64p_EventCombiner_disableEvent__E)
                  007f9640    00000200                   : BIOS.obj (.text:ti_sysbios_utils_Load_idleFxn__E)
                  007f9840    00000200                   : BIOS.obj (.text:xdc_runtime_Core_constructObject__I)
                  007f9a40    000001e0     libedma_xwr18xx.ae674 : edma.oe674 (.text:EDMA_init)
                  007f9c20    000001e0     libgtrack3D.ae674 : gtrack_utilities.oe674 (.text:gtrack_cartesian2spherical)
                  007f9e00    000001e0                       : gtrack_utilities_3d.oe674 (.text:gtrack_matrixComputePJT)
                  007f9fe0    000001e0     sysbios.ae674 : BIOS.obj (.text:ti_sysbios_knl_Semaphore_post__E)
                  007fa1c0    000001c0     libdpedma_hwa_xwr18xx.ae674 : dpedma.oe674 (.text:DPEDMA_configSyncAB)
                  007fa380    000001c0                                 : dpedma.oe674 (.text:DPEDMA_configSyncA_singleFrame)
                  007fa540    000001c0     librangeproc_hwa_xwr18xx.ae674 : rangeprochwa.oe674 (.text:DPU_RangeProcHWA_control)
                  007fa700    000001c0     libstaticclutterproc_xwr18xx.ae674 : staticclutterproc.oe674 (.text:DPU_StaticClutterProc_configEdma)
                  007fa8c0    000001c0     libcfarcaproc_hwa_xwr18xx.ae674 : cfarcaprochwa.oe674 (.text:HWAutil_configCFAR)
                  007faa80    000001c0     libmailbox_xwr18xx.ae674 : mailbox.oe674 (.text:Mailbox_read)
                  007fac40    000001c0     libsoc_xwr18xx.ae674 : soc.oe674 (.text:SOC_deregisterSysIntListener)
                  007fae00    000001c0     rts6740_elf.lib : atan2.c.obj (.text:atan2)
                  007fafc0    000001c0                     : fputc.c.obj (.text:fputc)
                  007fb180    000001c0                     : frexp.c.obj (.text:frexp)
                  007fb340    000001c0     libgtrack3D.ae674 : gtrack_delete.oe674 (.text:gtrack_delete)
                  007fb500    000001c0     rts6740_elf.lib : ldexpf.c.obj (.text:ldexpf)
                  007fb6c0    000001c0     librangeproc_hwa_xwr18xx.ae674 : rangeprochwa.oe674 (.text:rangeProcHWA_ConfigEDMADummyThreeLinks)
                  007fb880    000001c0     rts6740_elf.lib : setvbuf.c.obj (.text:setvbuf)
                  007fba40    000001c0     sysbios.ae674 : BIOS.obj (.text:ti_sysbios_knl_Swi_restoreHwi__E)
                  007fbc00    000001c0                   : BIOS.obj (.text:ti_sysbios_knl_Task_checkStacks__E)
                  007fbdc0    000001c0                   : BIOS.obj (.text:xdc_runtime_Text_putSite__E)
                  007fbf80    000001a0     libcfarcaproc_hwa_xwr18xx.ae674 : cfarcaprochwa.oe674 (.text:CFARHWA_cfarRange_AND_cfarDoppler)
                  007fc120    000001a0                                     : cfarcaprochwa.oe674 (.text:DPU_CFARCAProcHWA_control)
                  007fc2c0    000001a0     libdopplerproc_hwa_xwr18xx.ae674 : dopplerprochwa.oe674 (.text:DPU_DopplerProcHWA_init)
                  007fc460    000001a0                                      : dopplerprochwa.oe674 (.text:DPU_DopplerProcHWA_process)
                  007fc600    000001a0     librangeproc_hwa_xwr18xx.ae674 : rangeprochwa.oe674 (.text:DPU_RangeProcHWA_init)
                  007fc7a0    000001a0     rts6740_elf.lib : hostrename.c.obj (.text:HOSTrename)
                  007fc940    000001a0     dss_main.oe674 (.text:MmwDemo_copyResultToHSRAM)
                  007fcae0    000001a0     rts6740_elf.lib : frexpf.c.obj (.text:frexpf)
                  007fcc80    000001a0     sysbios.ae674 : BIOS.obj (.text:ti_sysbios_family_c64p_Cache_getL2InitSize__I)
                  007fce20    000001a0                   : BIOS.obj (.text:ti_sysbios_heaps_HeapBuf_Module_startup__E)
                  007fcfc0    000001a0                   : BIOS.obj (.text:ti_sysbios_knl_Swi_runLoop__I)
                  007fd160    000001a0                   : BIOS.obj (.text:ti_sysbios_knl_Task_exit__E)
                  007fd300    000001a0                   : BIOS.obj (.text:ti_sysbios_timers_rti_Timer_startup__E)
                  007fd4a0    00000180     libdpm_xwr18xx.ae674 : dpm_core.oe674 (.text:DPM_deinit)
                  007fd620    00000180                          : dpm_core.oe674 (.text:DPM_ioctl)
                  007fd7a0    00000180     libaoaproc_hwa_xwr18xx.ae674 : aoaprochwa.oe674 (.text:DPU_AoAProcHWA_control)
                  007fd920    00000180     libhwa_xwr18xx.ae674 : hwa.oe674 (.text:HWA_enableParamSetInterrupt)
                  007fdaa0    00000180     dss_main.oe674 (.text:MmwDemo_sensorStopEpilog)
                  007fdc20    00000180     sysbios.ae674 : c64p_Exception_asm.obj (.text)
                  007fdda0    00000180                   : BIOS.obj (.text:ti_sysbios_knl_Task_schedule__I)
                  007fdf20    00000180                   : BIOS.obj (.text:ti_sysbios_utils_Load_startup__E)
                  007fe0a0    00000160     objectdetection.oe674 (.text:DPC_ObjDet_staticClutterConfig)
                  007fe200    00000160     libdpm_xwr18xx.ae674 : dpm_msg.oe674 (.text:DPM_msgResponseHandler)
                  007fe360    00000160     libedma_xwr18xx.ae674 : edma.oe674 (.text:EDMA_getErrorStatusInfo)
                  007fe4c0    00000160     libhwa_xwr18xx.ae674 : hwa.oe674 (.text:HWA_paramDoneISR)
                  007fe620    00000160     libmailbox_xwr18xx.ae674 : mailbox.oe674 (.text:Mailbox_close)
                  007fe780    00000160     libsoc_xwr18xx.ae674 : soc.oe674 (.text:SOC_registerSysIntListener)
                  007fe8e0    00000160     rts6740_elf.lib : sqrt.c.obj (.text:sqrt)
                  007fea40    00000160     sysbios.ae674 : BIOS.obj (.text:ti_sysbios_family_c64p_Cache_getL1DInitSize__I)
                  007feba0    00000160                   : BIOS.obj (.text:ti_sysbios_family_c64p_Cache_getL1PInitSize__I)
                  007fed00    00000160                   : BIOS.obj (.text:ti_sysbios_family_c64p_Hwi_Module_startup__E)
                  007fee60    00000160                   : BIOS.obj (.text:xdc_runtime_Core_deleteObject__I)
                  007fefc0    00000160                   : BIOS.obj (.text:xdc_runtime_LoggerBuf_getFilterLevel__E)
                  007ff120    00000160                   : BIOS.obj (.text:xdc_runtime_LoggerBuf_setFilterLevel__E)
                  007ff280    00000140     libaoaproc_hwa_xwr18xx.ae674 : aoaprochwa.oe674 (.text:AoAProcHWA_ConvertFov)
                  007ff3c0    00000140     libdpedma_hwa_xwr18xx.ae674 : dpedmahwa.oe674 (.text:DPEDMAHWA_configTwoHotSignature)
                  007ff500    00000140     libedma_xwr18xx.ae674 : edma_low_level.oe674 (.text:EDMA3Init)
                  007ff640    00000140                           : edma.oe674 (.text:EDMA_clearErrors)
                  007ff780    00000140                           : edma.oe674 (.text:EDMA_startTransfer)
                  007ff8c0    00000140     libhwa_xwr18xx.ae674 : hwa.oe674 (.text:HWA_configRam)
                  007ffa00    00000140     libsoc_xwr18xx.ae674 : soc.oe674 (.text:SOC_init)
                  007ffb40    00000140     libgtrack3D.ae674 : gtrack_math.oe674 (.text:gtrack_matrixPrint)
                  007ffc80    00000140     librangeproc_hwa_xwr18xx.ae674 : rangeprochwa.oe674 (.text:rangeProcHWA_ConfigEDMA_DataIn)
                  007ffdc0    00000140     sysbios.ae674 : BIOS.obj (.text:ti_sysbios_knl_Semaphore_Instance_init__E)
                  007fff00    00000100     libaoaproc_hwa_xwr18xx.ae674 : aoaprochwa.oe674 (.text:AoAProcHWA_cfgAndTrigger_EDMA_2DFFT)

.text.2    0    00800000    0000d000     
                  00800000    00000140     sysbios.ae674 : BIOS.obj (.text:ti_sysbios_knl_Task_Module_startup__E)
                  00800140    00000140                   : BIOS.obj (.text:ti_sysbios_knl_Task_startCore__E)
                  00800280    00000140                   : BIOS.obj (.text:ti_sysbios_timers_rti_Timer_initDevice__I)
                  008003c0    00000140                   : BIOS.obj (.text:ti_sysbios_utils_Load_addTask__E)
                  00800500    00000140                   : BIOS.obj (.text:ti_sysbios_utils_Load_updateLoads__E)
                  00800640    00000140                   : BIOS.obj (.text:xdc_runtime_Memory_alloc__E)
                  00800780    00000140                   : BIOS.obj (.text:xdc_runtime_Text_putLab__E)
                  008008c0    00000140                   : BIOS.obj (.text:xdc_runtime_Text_putMod__E)
                  00800a00    00000140                   : BIOS.obj (.text:xdc_runtime_Text_visitRope2__I)
                  00800b40    00000120     objectdetection.oe674 (.text:DPC_ObjDet_GetRxChPhaseComp)
                  00800c60    00000120     objectdetection.oe674 (.text:DPC_ObjDet_reconfigSubFrame)
                  00800d80    00000120     libdpedma_hwa_xwr18xx.ae674 : dpedmahwa.oe674 (.text:DPEDMAHWA_configOneHotSignature)
                  00800ea0    00000120     libdpm_xwr18xx.ae674 : dpm_msg.oe674 (.text:DPM_msgDPCCfgHandler)
                  00800fc0    00000120     libedma_xwr18xx.ae674 : edma.oe674 (.text:EDMA_configParamSet)
                  008010e0    00000120     boot.ae674 : autoinit.oe674 (.text:_auto_init_elf)
                  00801200    00000120     rts6740_elf.lib : getdevice.c.obj (.text:getdevice)
                  00801320    00000120     libgtrack3D.ae674 : gtrack_listlib.oe674 (.text:gtrack_listRemoveElement)
                  00801440    00000120     rts6740_elf.lib : logf.c.obj (.text:logf)
                  00801560    00000120                     : sqrtf.c.obj (.text:sqrtf)
                  00801680    00000120     sysbios.ae674 : BIOS.obj (.text:ti_sysbios_knl_Clock_workFunc__E)
                  008017a0    00000120                   : BIOS.obj (.text:ti_sysbios_timers_rti_Timer_setPeriodMicroSecs__E)
                  008018c0    00000120                   : BIOS.obj (.text:ti_sysbios_utils_Load_taskCreateHook__E)
                  008019e0    00000120                   : BIOS.obj (.text:ti_sysbios_utils_Load_taskDeleteHook__E)
                  00801b00    00000100     libcfarcaproc_hwa_xwr18xx.ae674 : cfarcaprochwa.oe674 (.text:DPU_CFARCAProcHWA_init)
                  00801c00    00000100     libstaticclutterproc_xwr18xx.ae674 : staticclutterproc.oe674 (.text:DPU_StaticClutterProc_config)
                  00801d00    00000100     libhwa_xwr18xx.ae674 : hwa.oe674 (.text:HWA_disableParamSetInterrupt)
                  00801e00    00000100     libmailbox_xwr18xx.ae674 : mailbox.oe674 (.text:Mailbox_readFlush)
                  00801f00    00000100     libsoc_xwr18xx.ae674 : soc_xwr18xx_dss.oe674 (.text:SOC_deviceInit)
                  00802000    00000100                          : soc_xwr18xx.oe674 (.text:SOC_translateAddress)
                  00802100    00000100     rts6740_elf.lib : fclose.c.obj (.text:__TI_closefile)
                  00802200    00000100                     : atanf.c.obj (.text:atanf)
                  00802300    00000100                     : fflush.c.obj (.text:fflush)
                  00802400    00000100                     : fseek.c.obj (.text:fseek)
                  00802500    00000100     libgtrack3D.ae674 : gtrack_utilities_3d.oe674 (.text:gtrack_computeMahalanobis)
                  00802600    00000100                       : gtrack_math.oe674 (.text:gtrack_matrixCovNormalize)
                  00802700    00000100                       : gtrack_math.oe674 (.text:gtrack_matrixMakeSymmetrical)
                  00802800    00000100                       : gtrack_math.oe674 (.text:gtrack_matrixMultiply)
                  00802900    00000100                       : gtrack_math.oe674 (.text:gtrack_matrixTransposeMultiply)
                  00802a00    00000100                       : gtrack_module.oe674 (.text:gtrack_moduleUpdate)
                  00802b00    00000100                       : gtrack_utilities.oe674 (.text:gtrack_spherical2cartesian)
                  00802c00    00000100     dss_main.oe674 (.text:main)
                  00802d00    00000100     sysbios.ae674 : BIOS.obj (.text:xdc_runtime_Error_print__E)
                  00802e00    00000100                   : BIOS.obj (.text:xdc_runtime_Startup_exec__E)
                  00802f00    000000e0     objectdetection.oe674 (.text:DPC_ObjectDetection_deinit)
                  00802fe0    000000e0     libdpm_xwr18xx.ae674 : dpm_core.oe674 (.text:DPM_execute)
                  008030c0    000000e0                          : dpm_pipe.oe674 (.text:DPM_pipeSend)
                  008031a0    000000e0     libedma_xwr18xx.ae674 : edma.oe674 (.text:EDMA_error_isr)
                  00803280    000000e0                           : edma.oe674 (.text:EDMA_isTransferComplete)
                  00803360    000000e0     rts6740_elf.lib : hostlseek.c.obj (.text:HOSTlseek)
                  00803440    000000e0                     : hostopen.c.obj (.text:HOSTopen)
                  00803520    000000e0                     : hostwrite.c.obj (.text:HOSTwrite)
                  00803600    000000e0     libmailbox_xwr18xx.ae674 : mailbox.oe674 (.text:Mailbox_boxFullISRMssDss)
                  008036e0    000000e0                              : mailbox.oe674 (.text:Mailbox_init)
                  008037c0    000000e0     dss_main.oe674 (.text:MmwDemo_DPC_ObjectDetection_reportFxn)
                  008038a0    000000e0     rts6740_elf.lib : _io_perm.c.obj (.text:__TI_wrt_ok)
                  00803980    000000e0                     : divi.asm.obj (.text:__divi)
                  00803a60    000000e0                     : close.c.obj (.text:close)
                  00803b40    000000e0                     : exit.c.obj (.text:exit)
                  00803c20    000000e0     libgtrack3D.ae674 : gtrack_utilities_3d.oe674 (.text:gtrack_calcDistance)
                  00803d00    000000e0                       : gtrack_utilities_3d.oe674 (.text:gtrack_calcMeasurementLimits)
                  00803de0    000000e0                       : gtrack_utilities_3d.oe674 (.text:gtrack_calcMeasurementSpread)
                  00803ec0    000000e0                       : gtrack_math.oe674 (.text:gtrack_matrixCovAcc)
                  00803fa0    000000e0                       : gtrack_math.oe674 (.text:gtrack_matrixCovFilter)
                  00804080    000000e0     rts6740_elf.lib : memset.c.obj (.text:memset)
                  00804160    000000e0     sysbios.ae674 : BIOS.obj (.text:ti_sysbios_utils_Load_updateCurrentThreadTime__E)
                  00804240    000000c0     libcfarcaproc_hwa_xwr18xx.ae674 : cfarcaprochwa.oe674 (.text:CFARCAHWA_config_EDMA)
                  00804300    000000c0                                     : cfarcaprochwa.oe674 (.text:CFARHWA_prepareHwaRunTime)
                  008043c0    000000c0     objectdetection.oe674 (.text:DPC_ObjectDetection_frameStart)
                  00804480    000000c0     libdpm_xwr18xx.ae674 : dpm_mailbox.oe674 (.text:DPM_mboxRemoteMailboxCallbackFxn)
                  00804540    000000c0                          : dpm_core.oe674 (.text:DPM_sendResult)
                  00804600    000000c0     libedma_xwr18xx.ae674 : edma.oe674 (.text:EDMA_startDmaTransfer)
                  008046c0    000000c0     rts6740_elf.lib : hostread.c.obj (.text:HOSTread)
                  00804780    000000c0                     : hostunlink.c.obj (.text:HOSTunlink)
                  00804840    000000c0     libhwa_xwr18xx.ae674 : hwa.oe674 (.text:HWA_getDMAChanIndex)
                  00804900    000000c0                          : hwa.oe674 (.text:HWA_getDMAconfig)
                  008049c0    000000c0                          : hwa.oe674 (.text:HWA_getDriverAccess)
                  00804a80    000000c0                          : hwa.oe674 (.text:HWA_getHWAMemInfo)
                  00804b40    000000c0     gtrack_module.oe674 (.text:InitGtrackModule)
                  00804c00    000000c0     libmailbox_xwr18xx.ae674 : mailbox.oe674 (.text:Mailbox_boxFullISRProcessing)
                  00804cc0    000000c0     data_path.oe674 (.text:MmwDemo_edmaOpen)
                  00804d80    000000c0     objectdetection.oe674 (.text:_DPC_Objdet_Assert)
                  00804e40    000000c0     rts6740_elf.lib : divu.asm.obj (.text:__divu)
                  00804f00    000000c0     libgtrack3D.ae674 : gtrack_utilities_3d.oe674 (.text:gtrack_cart2sph)
                  00804fc0    000000c0                       : gtrack_module.oe674 (.text:gtrack_modulePredict)
                  00805080    000000c0                       : gtrack_unit_stop.oe674 (.text:gtrack_unitStop)
                  00805140    000000c0     rts6740_elf.lib : modf.c.obj (.text:modf)
                  00805200    000000c0     librangeproc_hwa_xwr18xx.ae674 : rangeprochwa.oe674 (.text:rangeProcHWA_ConfigHWACommon)
                  008052c0    000000c0     sysbios.ae674 : BIOS.obj (.text:ti_sysbios_family_c64p_Hwi_dispatchCore__I)
                  00805380    000000c0                   : BIOS.obj (.text:ti_sysbios_heaps_HeapMem_alloc__E)
                  00805440    000000c0                   : BIOS.obj (.text:ti_sysbios_heaps_HeapMem_getStats__E)
                  00805500    000000c0                   : BIOS.obj (.text:ti_sysbios_knl_Swi_schedule__I)
                  008055c0    000000c0                   : BIOS.obj (.text:ti_sysbios_knl_Task_allBlockedFunction__I)
                  00805680    000000c0     mmw_dss_pe674.oe674 (.text:ti_sysbios_knl_Task_create)
                  00805740    000000c0     sysbios.ae674 : BIOS.obj (.text:ti_sysbios_knl_Task_stat__E)
                  00805800    000000c0                   : BIOS.obj (.text:ti_sysbios_utils_Load_taskSwitchHook__E)
                  008058c0    000000c0     rts6740_elf.lib : tls.c.obj (.text:tls:init:__TI_tls_init)
                  00805980    000000c0     sysbios.ae674 : BIOS.obj (.text:xdc_runtime_Assert_raise__I)
                  00805a40    000000c0                   : BIOS.obj (.text:xdc_runtime_LoggerBuf_Instance_init__E)
                  00805b00    000000c0     mmw_dss_pe674.oe674 (.text:xdc_runtime_LoggerBuf_Object__create__S)
                  00805bc0    000000a0     libcfarcaproc_hwa_xwr18xx.ae674 : cfarcaprochwa.oe674 (.text:CFARHWA_fovConvertDoppler)
                  00805c60    000000a0                                     : cfarcaprochwa.oe674 (.text:CFARHWA_saveConfiguration)
                  00805d00    000000a0     objectdetection.oe674 (.text:DPC_ObjectDetection_start)
                  00805da0    000000a0     libdpedma_hwa_xwr18xx.ae674 : dpedma.oe674 (.text:DPEDMA_setup_shadow_link)
                  00805e40    000000a0     libdpm_xwr18xx.ae674 : dpm_mailbox.oe674 (.text:DPM_mboxInit)
                  00805ee0    000000a0                          : dpm_msg.oe674 (.text:DPM_msgStartHandler)
                  00805f80    000000a0                          : dpm_msg.oe674 (.text:DPM_msgStopHandler)
                  00806020    000000a0                          : dpm_core.oe674 (.text:DPM_notifyExecute)
                  008060c0    000000a0                          : dpm_pipe.oe674 (.text:DPM_pipeRecv)
                  00806160    000000a0     libedma_xwr18xx.ae674 : edma_low_level.oe674 (.text:EDMA3EnableChInShadowReg)
                  00806200    000000a0                           : edma.oe674 (.text:EDMA_disableChannel)
                  008062a0    000000a0                           : edma.oe674 (.text:EDMA_enableChannel)
                  00806340    000000a0                           : edma.oe674 (.text:EDMA_transferController_error_isr)
                  008063e0    000000a0     rts6740_elf.lib : hostclose.c.obj (.text:HOSTclose)
                  00806480    000000a0     libhwa_xwr18xx.ae674 : hwa.oe674 (.text:HWA_deleteInstance)
                  00806520    000000a0                          : hwa.oe674 (.text:HWA_disableDoneInterrupt)
                  008065c0    000000a0                          : hwa.oe674 (.text:HWA_enable)
                  00806660    000000a0                          : hwa.oe674 (.text:HWA_enableDoneInterrupt)
                  00806700    000000a0                          : hwa.oe674 (.text:HWA_readCFARPeakCountReg)
                  008067a0    000000a0     libmailbox_xwr18xx.ae674 : mailbox.oe674 (.text:Mailbox_boxEmptyISRProcessing)
                  00806840    000000a0     libsoc_xwr18xx.ae674 : soc.oe674 (.text:SOC_SystemISR)
                  008068e0    000000a0     rts6740_elf.lib : fopen.c.obj (.text:__TI_cleanup)
                  00806980    000000a0                     : fflush.c.obj (.text:__TI_doflush)
                  00806a20    000000a0                     : fixfu.c.obj (.text:__c6xabi_fixfu)
                  00806ac0    000000a0                     : fltullf.c.obj (.text:__c6xabi_fltullf)
                  00806b60    000000a0                     : round.c.obj (.text:__c6xabi_nround)
                  00806c00    000000a0                     : remu.asm.obj (.text:__remu)
                  00806ca0    000000a0     boot.ae674 : boot.oe674 (.text:_c_int00)
                  00806d40    000000a0     rts6740_elf.lib : getdevice.c.obj (.text:finddevice)
                  00806de0    000000a0     libgtrack3D.ae674 : gtrack_utilities_3d.oe674 (.text:gtrack_computeMahalanobisPartial)
                  00806e80    000000a0                       : gtrack_utilities_3d.oe674 (.text:gtrack_isPointBehindTarget)
                  00806f20    000000a0                       : gtrack_math.oe674 (.text:gtrack_matrixSetDiag)
                  00806fc0    000000a0                       : gtrack_module.oe674 (.text:gtrack_moduleAssociate)
                  00807060    000000a0                       : gtrack_module.oe674 (.text:gtrack_moduleReport)
                  00807100    000000a0                       : gtrack_math.oe674 (.text:gtrack_sincosd)
                  008071a0    000000a0                       : gtrack_utilities_3d.oe674 (.text:gtrack_sph2cart)
                  00807240    000000a0                       : gtrack_unit_report.oe674 (.text:gtrack_unitReport)
                  008072e0    000000a0                       : gtrack_utilities.oe674 (.text:gtrack_unrollRadialVelocity)
                  00807380    000000a0     rts6740_elf.lib : memcpy64.asm.obj (.text:memcpy)
                  00807420    000000a0     libmmwavealg_xwr18xx.ae674 : mmwavelib_vecsum.oe674 (.text:mmwavelib_vecsum)
                  008074c0    000000a0     mathlib.ae674 : sqrtsp.oe674 (.text:optasm)
                  00807560    000000a0     sysbios.ae674 : BIOS.obj (.text:ti_sysbios_family_c64p_Exception_Module_startup__E)
                  00807600    000000a0                   : BIOS.obj (.text:ti_sysbios_family_c64p_Hwi_dispatchC__I)
                  008076a0    000000a0                   : BIOS.obj (.text:ti_sysbios_family_c64p_Hwi_getStackInfo__E)
                  00807740    000000a0                   : BIOS.obj (.text:ti_sysbios_hal_Hwi_checkStack)
                  008077e0    000000a0                   : BIOS.obj (.text:ti_sysbios_knl_Semaphore_pendTimeout__I)
                  00807880    000000a0                   : BIOS.obj (.text:xdc_runtime_Core_assignLabel__I)
                  00807920    000000a0                   : BIOS.obj (.text:xdc_runtime_Core_assignParams__I)
                  008079c0    000000a0                   : BIOS.obj (.text:xdc_runtime_LoggerBuf_Module_startup__E)
                  00807a60    000000a0                   : BIOS.obj (.text:xdc_runtime_System_atexit__E)
                  00807b00    000000a0                   : BIOS.obj (.text:xdc_runtime_System_exit__E)
                  00807ba0    000000a0                   : BIOS.obj (.text:xdc_runtime_Text_printVisFxn__I)
                  00807c40    000000a0                   : BIOS.obj (.text:xdc_runtime_Text_xprintf__I)
                  00807ce0    00000080     libaoaproc_hwa_xwr18xx.ae674 : aoaprochwa.oe674 (.text:AoAProc_HWAutil_configCommon)
                  00807d60    00000080     libcfarcaproc_hwa_xwr18xx.ae674 : cfarcaprochwa.oe674 (.text:CFARHWA_convHwaCfarDetListToDetMask)
                  00807de0    00000080                                     : cfarcaprochwa.oe674 (.text:CFARHWA_fovConvertRange)
                  00807e60    00000080     objectdetection.oe674 (.text:DPC_ObjDet_GetAntGeometryDef)
                  00807ee0    00000080     objectdetection.oe674 (.text:DPC_ObjectDetection_stop)
                  00807f60    00000080     libdpm_xwr18xx.ae674 : dpm_mailbox.oe674 (.text:DPM_mboxSendResult)
                  00807fe0    00000080                          : dpm_pipe.oe674 (.text:DPM_pipeDeinit)
                  00808060    00000080                          : dpm_pipe.oe674 (.text:DPM_pipeInit)
                  008080e0    00000080                          : dpm_core.oe674 (.text:DPM_synch)
                  00808160    00000080     librangeproc_hwa_xwr18xx.ae674 : rangeprochwa.oe674 (.text:DPU_RangeProcHWA_deinit)
                  008081e0    00000080     libstaticclutterproc_xwr18xx.ae674 : staticclutterproc.oe674 (.text:DPU_StaticClutterProc_init)
                  00808260    00000080                                        : staticclutterproc.oe674 (.text:DPU_StaticClutterProc_waitInData)
                  008082e0    00000080                                        : staticclutterproc.oe674 (.text:DPU_StaticClutterProc_waitOutData)
                  00808360    00000080     libedma_xwr18xx.ae674 : edma_low_level.oe674 (.text:EDMA3MapChToEvtQ)
                  008083e0    00000080                           : edma.oe674 (.text:EDMA_getTransferControllerErrorStatusInfo)
                  00808460    00000080                           : edma.oe674 (.text:EDMA_linkParamSets)
                  008084e0    00000080     libhwa_xwr18xx.ae674 : hwa.oe674 (.text:HWA_reset)
                  00808560    00000080                          : hwa.oe674 (.text:HWA_setDMA2ACCManualTrig)
                  008085e0    00000080     data_path.oe674 (.text:MmwDemo_dataPathInit)
                  00808660    00000080     libosal_xwr18xx.ae674 : SemaphoreP_tirtos.oe674 (.text:SemaphoreP_create)
                  008086e0    00000080     gtrack_module.oe674 (.text:SendPointCloudToGtrack)
                  00808760    00000080     rts6740_elf.lib : trgmsg.c.obj (.text:__TI_readmsg)
                  008087e0    00000080                     : fixdu.c.obj (.text:__c6xabi_fixdu)
                  00808860    00000080                     : llshift.c.obj (.text:__c6xabi_llshl)
                  008088e0    00000080                     : roundf.c.obj (.text:__c6xabi_roundf)
                  00808960    00000080     sysbios.ae674 : c62_TaskSupport_asm.obj (.text:_ti_sysbios_family_c62_TaskSupport_swap__E)
                  008089e0    00000080     libgtrack3D.ae674 : gtrack_utilities_3d.oe674 (.text:gtrack_calcDim)
                  00808a60    00000080                       : gtrack_utilities_3d.oe674 (.text:gtrack_censor2world)
                  00808ae0    00000080                       : gtrack_utilities_3d.oe674 (.text:gtrack_isInsideSolidAngle)
                  00808b60    00000080     librangeproc_hwa_xwr18xx.ae674 : rangeprochwa.oe674 (.text:rangeProcHWA_ConfigEDMATranspose)
                  00808be0    00000080     mmw_dss_pe674.oe674 (.text:ti_sysbios_BIOS_atExitFunc__I)
                  00808c60    00000080     mmw_dss_pe674.oe674 (.text:ti_sysbios_BIOS_registerRTSLock__I)
                  00808ce0    00000080     mmw_dss_pe674.oe674 (.text:ti_sysbios_gates_GateHwi_Object__create__S)
                  00808d60    00000080     mmw_dss_pe674.oe674 (.text:ti_sysbios_gates_GateMutex_Object__create__S)
                  00808de0    00000080     mmw_dss_pe674.oe674 (.text:ti_sysbios_heaps_HeapMem_Object__create__S)
                  00808e60    00000080     sysbios.ae674 : BIOS.obj (.text:ti_sysbios_heaps_HeapMem_init__I)
                  00808ee0    00000080     mmw_dss_pe674.oe674 (.text:ti_sysbios_knl_Clock_doTick__I)
                  00808f60    00000080     sysbios.ae674 : BIOS.obj (.text:ti_sysbios_knl_Idle_run__E)
                  00808fe0    00000080     mmw_dss_pe674.oe674 (.text:ti_sysbios_knl_Semaphore_create)
                  00809060    00000080     sysbios.ae674 : BIOS.obj (.text:ti_sysbios_knl_Swi_post__E)
                  008090e0    00000080                   : BIOS.obj (.text:ti_sysbios_knl_Swi_startup__E)
                  00809160    00000080                   : BIOS.obj (.text:ti_sysbios_knl_Task_processVitalTaskFlag__I)
                  008091e0    00000080                   : BIOS.obj (.text:ti_sysbios_knl_Task_restore__E)
                  00809260    00000080                   : BIOS.obj (.text:ti_sysbios_knl_Task_sleepTimeout__I)
                  008092e0    00000080     mmw_dss_pe674.oe674 (.text:ti_sysbios_rts_MemAlloc_alloc)
                  00809360    00000080     sysbios.ae674 : BIOS.obj (.text:ti_sysbios_timers_rti_Timer_setPeriod__E)
                  008093e0    00000080                   : BIOS.obj (.text:ti_sysbios_timers_rti_Timer_stop__E)
                  00809460    00000080     rts6740_elf.lib : unlink.c.obj (.text:unlink)
                  008094e0    00000080     sysbios.ae674 : BIOS.obj (.text:xdc_runtime_System_avprintf__E)
                  00809560    00000080                   : BIOS.obj (.text:xdc_runtime_System_vprintf__E)
                  008095e0    00000060     libaoaproc_hwa_xwr18xx.ae674 : aoaprochwa.oe674 (.text:AOAHWA_waitEdma)
                  00809640    00000060     libcfarcaproc_hwa_xwr18xx.ae674 : cfarcaprochwa.oe674 (.text:CFARHWA_triggerCFAR)
                  008096a0    00000060     objectdetection.oe674 (.text:DPC_ObjDet_GenDopplerWindow)
                  00809700    00000060     objectdetection.oe674 (.text:DPC_ObjDet_MemPoolAlloc)
                  00809760    00000060     libdpm_xwr18xx.ae674 : dpm_listlib.oe674 (.text:DPM_listCat)
                  008097c0    00000060                          : dpm_mailbox.oe674 (.text:DPM_mboxDeinit)
                  00809820    00000060                          : dpm_msg.oe674 (.text:DPM_msgInitHeader)
                  00809880    00000060     libaoaproc_hwa_xwr18xx.ae674 : aoaprochwa.oe674 (.text:DPU_AoAProcHWA_deinit)
                  008098e0    00000060     libcfarcaproc_hwa_xwr18xx.ae674 : cfarcaprochwa.oe674 (.text:DPU_CFARCAProcHWA_deinit)
                  00809940    00000060     libdopplerproc_hwa_xwr18xx.ae674 : dopplerprochwa.oe674 (.text:DPU_DopplerProcHWA_deinit)
                  008099a0    00000060     libstaticclutterproc_xwr18xx.ae674 : staticclutterproc.oe674 (.text:DPU_StaticClutterProc_deinit)
                  00809a00    00000060     libedma_xwr18xx.ae674 : edma_low_level.oe674 (.text:EDMA3ClrEvt)
                  00809a60    00000060                           : edma_low_level.oe674 (.text:EDMA3ClrIntr)
                  00809ac0    00000060                           : edma_low_level.oe674 (.text:EDMA3ClrMissEvt)
                  00809b20    00000060                           : edma_low_level.oe674 (.text:EDMA3DisableDmaEvt)
                  00809b80    00000060                           : edma_low_level.oe674 (.text:EDMA3DisableEvtIntr)
                  00809be0    00000060                           : edma_low_level.oe674 (.text:EDMA3EnableDmaEvt)
                  00809c40    00000060                           : edma_low_level.oe674 (.text:EDMA3EnableEvtIntr)
                  00809ca0    00000060                           : edma_low_level.oe674 (.text:EDMA3SetEvt)
                  00809d00    00000060                           : edma.oe674 (.text:EDMA_configTransferControllerError)
                  00809d60    00000060                           : edma.oe674 (.text:EDMA_setDestinationAddress)
                  00809dc0    00000060                           : edma.oe674 (.text:EDMA_setSourceAddress)
                  00809e20    00000060                           : edma.oe674 (.text:EDMA_validate_channelIdchannelType)
                  00809e80    00000060     gtrack_module.oe674 (.text:GetGtrackTargetList)
                  00809ee0    00000060     libhwa_xwr18xx.ae674 : hwa.oe674 (.text:HWA_allParamDoneISR)
                  00809f40    00000060     libmailbox_xwr18xx.ae674 : mailbox.oe674 (.text:Mailbox_Config_init)
                  00809fa0    00000060     data_path.oe674 (.text:MmwDemo_dataPathOpen)
                  0080a000    00000060     libsoc_xwr18xx.ae674 : soc_xwr18xx.oe674 (.text:SOC_enableHWA)
                  0080a060    00000060                          : soc_xwr18xx.oe674 (.text:SOC_setDSSLinkState)
                  0080a0c0    00000060                          : soc.oe674 (.text:SOC_unhaltBSS)
                  0080a120    00000060     rts6740_elf.lib : trgmsg.c.obj (.text:__TI_writemsg)
                  0080a180    00000060                     : llshift.c.obj (.text:__c6xabi_llshru)
                  0080a1e0    00000060                     : imath64.c.obj (.text:_subcull)
                  0080a240    00000060     sysbios.ae674 : c64p_Hwi_asm_switch.obj (.text:_ti_sysbios_family_c64p_Hwi_switchAndDispatch__I)
                  0080a2a0    00000060                   : c64p_Hwi_asm_switch.obj (.text:_ti_sysbios_family_xxx_Hwi_switchAndRunFunc)
                  0080a300    00000060     libgtrack3D.ae674 : gtrack_utilities_3d.oe674 (.text:gtrack_isInsideBoresightStaticZone)
                  0080a360    00000060                       : gtrack_utilities_3d.oe674 (.text:gtrack_isPointInsideBox)
                  0080a3c0    00000060                       : gtrack_math.oe674 (.text:gtrack_matrixAdd)
                  0080a420    00000060                       : gtrack_math.oe674 (.text:gtrack_matrixGetDiag)
                  0080a480    00000060                       : gtrack_math.oe674 (.text:gtrack_matrixSub)
                  0080a4e0    00000060                       : gtrack_math.oe674 (.text:gtrack_vectorScalarMulAcc)
                  0080a540    00000060     rts6740_elf.lib : lseek.c.obj (.text:lseek)
                  0080a5a0    00000060     libmmwavealg_xwr18xx.ae674 : mmwavelib_vecsubc.oe674 (.text:mmwavelib_vecsubc)
                  0080a600    00000060     rts6740_elf.lib : modff.c.obj (.text:modff)
                  0080a660    00000060     mmw_dss_pe674.oe674 (.text:ti_sysbios_BIOS_errorRaiseHook__I)
                  0080a6c0    00000060     mmw_dss_pe674.oe674 (.text:ti_sysbios_BIOS_removeRTSLock__I)
                  0080a720    00000060     mmw_dss_pe674.oe674 (.text:ti_sysbios_BIOS_startFunc__I)
                  0080a780    00000060     sysbios.ae674 : BIOS.obj (.text:ti_sysbios_family_c62_TaskSupport_stackUsed__E)
                  0080a7e0    00000060                   : BIOS.obj (.text:ti_sysbios_family_c62_TaskSupport_start__E)
                  0080a840    00000060                   : BIOS.obj (.text:ti_sysbios_family_c64p_Cache_setMar__E)
                  0080a8a0    00000060                   : BIOS.obj (.text:ti_sysbios_family_c64p_EventCombiner_Module_startup__E)
                  0080a900    00000060                   : BIOS.obj (.text:ti_sysbios_family_c64p_EventCombiner_unused__E)
                  0080a960    00000060     mmw_dss_pe674.oe674 (.text:ti_sysbios_gates_GateMutex_Object__delete__S)
                  0080a9c0    00000060     sysbios.ae674 : BIOS.obj (.text:ti_sysbios_hal_Hwi_initStack)
                  0080aa20    00000060                   : BIOS.obj (.text:ti_sysbios_heaps_HeapMem_free__E)
                  0080aa80    00000060                   : BIOS.obj (.text:ti_sysbios_knl_Clock_Module_startup__E)
                  0080aae0    00000060     mmw_dss_pe674.oe674 (.text:ti_sysbios_knl_Queue_construct)
                  0080ab40    00000060     mmw_dss_pe674.oe674 (.text:ti_sysbios_knl_Semaphore_Object__delete__S)
                  0080aba0    00000060     mmw_dss_pe674.oe674 (.text:ti_sysbios_knl_Semaphore_construct)
                  0080ac00    00000060     sysbios.ae674 : BIOS.obj (.text:ti_sysbios_knl_Swi_Module_startup__E)
                  0080ac60    00000060                   : BIOS.obj (.text:ti_sysbios_knl_Task_enter__I)
                  0080acc0    00000060     rts6740_elf.lib : write.c.obj (.text:write)
                  0080ad20    00000060     mmw_dss_pe674.oe674 (.text:xdc_runtime_LoggerBuf_Object__delete__S)
                  0080ad80    00000060     sysbios.ae674 : BIOS.obj (.text:xdc_runtime_SysStd_abort__E)
                  0080ade0    00000040     libhwa_xwr18xx.ae674 : hwa.oe674 (.text:CSL_FEXTR)
                  0080ae20    00000040     libsoc_xwr18xx.ae674 : soc.oe674 (.text:CSL_FEXTR)
                  0080ae60    00000040                          : soc_xwr18xx.oe674 (.text:CSL_FEXTR)
                  0080aea0    00000040     libhwa_xwr18xx.ae674 : hwa.oe674 (.text:CSL_FINSR)
                  0080aee0    00000040     libmailbox_xwr18xx.ae674 : mailbox.oe674 (.text:CSL_FINSR)
                  0080af20    00000040     libsoc_xwr18xx.ae674 : soc.oe674 (.text:CSL_FINSR)
                  0080af60    00000040                          : soc_xwr18xx.oe674 (.text:CSL_FINSR)
                  0080afa0    00000040                          : soc_xwr18xx_dss.oe674 (.text:CSL_FINSR)
                  0080afe0    00000040     gtrack_module.oe674 (.text:CreateGtrackTask)
                  0080b020    00000040     objectdetection.oe674 (.text:DPC_ObjDet_GenRangeWindow)
                  0080b060    00000040     libdpm_xwr18xx.ae674 : dpm_listlib.oe674 (.text:DPM_listAdd)
                  0080b0a0    00000040                          : dpm_listlib.oe674 (.text:DPM_listRemove)
                  0080b0e0    00000040                          : dpm_mailbox.oe674 (.text:DPM_mboxMsgSend)
                  0080b120    00000040                          : dpm_msg.oe674 (.text:DPM_msgAssertHandler)
                  0080b160    00000040                          : dpm_msg.oe674 (.text:DPM_msgBSSFaultHandler)
                  0080b1a0    00000040                          : dpm_msg.oe674 (.text:DPM_msgDPCInfoHandler)
                  0080b1e0    00000040                          : dpm_pipe.oe674 (.text:DPM_pipeDequeue)
                  0080b220    00000040     libedma_xwr18xx.ae674 : edma_low_level.oe674 (.text:EDMA3MapQdmaChToPaRAM)
                  0080b260    00000040                           : edma_low_level.oe674 (.text:EDMA3SetPaRAM)
                  0080b2a0    00000040                           : edma_low_level.oe674 (.text:EDMA3SetQdmaTrigWord)
                  0080b2e0    00000040                           : edma.oe674 (.text:EDMA_clearTransferControllerErrors)
                  0080b320    00000040     libosal_xwr18xx.ae674 : HwiP_tirtos.oe674 (.text:HwiP_create)
                  0080b360    00000040                           : HwiP_tirtos.oe674 (.text:HwiP_delete)
                  0080b3a0    00000040     libmailbox_xwr18xx.ae674 : mailbox.oe674 (.text:Mailbox_boxEmptyISRBss)
                  0080b3e0    00000040                              : mailbox.oe674 (.text:Mailbox_boxEmptyISRMssDss)
                  0080b420    00000040                              : mailbox.oe674 (.text:Mailbox_boxFullISRBss)
                  0080b460    00000040     dss_main.oe674 (.text:MmwDemo_DPC_ObjectDetection_processFrameBeginCallBackFxn)
                  0080b4a0    00000040     dss_main.oe674 (.text:MmwDemo_DPC_ObjectDetection_processInterFrameBeginCallBackFxn)
                  0080b4e0    00000040     data_path.oe674 (.text:MmwDemo_EDMA_errorCallbackFxn)
                  0080b520    00000040     data_path.oe674 (.text:MmwDemo_EDMA_transferControllerErrorCallbackFxn)
                  0080b560    00000040     libsoc_xwr18xx.ae674 : soc_xwr18xx_dss.oe674 (.text:SOC_getInAddr_LUTType)
                  0080b5a0    00000040                          : soc_xwr18xx_dss.oe674 (.text:SOC_getOutAddr_LUTType)
                  0080b5e0    00000040                          : soc_xwr18xx.oe674 (.text:SOC_isMSSOperational)
                  0080b620    00000040     gtrack_module.oe674 (.text:UpdateEgoVelocity)
                  0080b660    00000040     rts6740_elf.lib : frcmpyd_div.c.obj (.text:__TI_frcmpyd_div)
                  0080b6a0    00000040                     : strasg.asm.obj (.text:__strasgi_64plus)
                  0080b6e0    00000040                     : args_main.c.obj (.text:_args_main)
                  0080b720    00000040     sysbios.ae674 : c62_TaskSupport_asm.obj (.text:_ti_sysbios_family_c62_TaskSupport_buildTaskStack)
                  0080b760    00000040     mmw_dss_pe674.oe674 (.text:free)
                  0080b7a0    00000040     libgtrack3D.ae674 : gtrack_listlib.oe674 (.text:gtrack_listDequeue)
                  0080b7e0    00000040                       : gtrack_listlib.oe674 (.text:gtrack_listEnqueue)
                  0080b820    00000040                       : gtrack_math.oe674 (.text:gtrack_matrixInit)
                  0080b860    00000040                       : gtrack_math.oe674 (.text:gtrack_vectorAdd)
                  0080b8a0    00000040                       : gtrack_math.oe674 (.text:gtrack_vectorScalarMul)
                  0080b8e0    00000040                       : gtrack_math.oe674 (.text:gtrack_vectorSub)
                  0080b920    00000040     libmathutils.ae674 : mathutils.oe674 (.text:mathUtils_floorLog2)
                  0080b960    00000040     librangeproc_hwa_xwr18xx.ae674 : rangeprochwa.oe674 (.text:rangeProcHWA_EDMA_transferCompletionCallbackFxn)
                  0080b9a0    00000040     mmw_dss_pe674.oe674 (.text:ti_sysbios_BIOS_exitFunc__I)
                  0080b9e0    00000040     mmw_dss_pe674.oe674 (.text:ti_sysbios_BIOS_rtsLock__I)
                  0080ba20    00000040     mmw_dss_pe674.oe674 (.text:ti_sysbios_BIOS_rtsUnlock__I)
                  0080ba60    00000040     sysbios.ae674 : BIOS.obj (.text:ti_sysbios_family_c64p_Hwi_disableInterrupt__E)
                  0080baa0    00000040                   : BIOS.obj (.text:ti_sysbios_family_c64p_Hwi_enableInterrupt__E)
                  0080bae0    00000040     mmw_dss_pe674.oe674 (.text:ti_sysbios_gates_GateHwi_Handle__label__S)
                  0080bb20    00000040     mmw_dss_pe674.oe674 (.text:ti_sysbios_gates_GateHwi_Object__delete__S)
                  0080bb60    00000040     mmw_dss_pe674.oe674 (.text:ti_sysbios_gates_GateMutex_Handle__label__S)
                  0080bba0    00000040     sysbios.ae674 : BIOS.obj (.text:ti_sysbios_gates_GateMutex_Instance_init__E)
                  0080bbe0    00000040                   : BIOS.obj (.text:ti_sysbios_gates_GateMutex_leave__E)
                  0080bc20    00000040     mmw_dss_pe674.oe674 (.text:ti_sysbios_heaps_HeapMem_Handle__label__S)
                  0080bc60    00000040     mmw_dss_pe674.oe674 (.text:ti_sysbios_heaps_HeapMem_Object__delete__S)
                  0080bca0    00000040     mmw_dss_pe674.oe674 (.text:ti_sysbios_heaps_HeapMem_Object__get__S)
                  0080bce0    00000040     mmw_dss_pe674.oe674 (.text:ti_sysbios_knl_Semaphore_destruct)
                  0080bd20    00000040     mmw_dss_pe674.oe674 (.text:ti_sysbios_knl_Swi_Object__get__S)
                  0080bd60    00000040     mmw_dss_pe674.oe674 (.text:ti_sysbios_knl_Task_Object__get__S)
                  0080bda0    00000040     sysbios.ae674 : BIOS.obj (.text:ti_sysbios_timers_rti_Timer_periodicStub__E)
                  0080bde0    00000040                   : BIOS.obj (.text:xdc_runtime_Error_init__E)
                  0080be20    00000040     mmw_dss_pe674.oe674 (.text:xdc_runtime_LoggerBuf_Handle__label__S)
                  0080be60    00000040     sysbios.ae674 : BIOS.obj (.text:xdc_runtime_LoggerBuf_Instance_finalize__E)
                  0080bea0    00000040     mmw_dss_pe674.oe674 (.text:xdc_runtime_LoggerBuf_Object__get__S)
                  0080bee0    00000040     sysbios.ae674 : BIOS.obj (.text:xdc_runtime_LoggerBuf_write0__E)
                  0080bf20    00000040                   : BIOS.obj (.text:xdc_runtime_LoggerBuf_write1__E)
                  0080bf60    00000040                   : BIOS.obj (.text:xdc_runtime_LoggerBuf_write2__E)
                  0080bfa0    00000040     mmw_dss_pe674.oe674 (.text:xdc_runtime_System_aprintf__E)
                  0080bfe0    00000040     mmw_dss_pe674.oe674 (.text:xdc_runtime_System_printf__E)
                  0080c020    00000020     libaoaproc_hwa_xwr18xx.ae674 : aoaprochwa.oe674 (.text:AOAProcHWADoneIsrCallback)
                  0080c040    00000020     libcfarcaproc_hwa_xwr18xx.ae674 : cfarcaprochwa.oe674 (.text:CFARCAHWADoneIsrCallback)
                  0080c060    00000020     objectdetection.oe674 (.text:DPC_ObjDet_GetRangeWinGenLen)
                  0080c080    00000020     objectdetection.oe674 (.text:DPC_ObjDet_MemPoolReset)
                  0080c0a0    00000020     libdpm_xwr18xx.ae674 : dpm_core.oe674 (.text:DPM_chirpISR)
                  0080c0c0    00000020                          : dpm_core.oe674 (.text:DPM_frameStartISR)
                  0080c0e0    00000020                          : dpm_mailbox.oe674 (.text:DPM_mboxSynch)
                  0080c100    00000020     libaoaproc_hwa_xwr18xx.ae674 : aoaprochwa.oe674 (.text:DPU_AoAProcHWA_getNumHwaParamSets)
                  0080c120    00000020     libdopplerproc_hwa_xwr18xx.ae674 : dopplerprochwa.oe674 (.text:DPU_DopplerProcHWA_edmaDoneIsrCallback)
                  0080c140    00000020                                      : dopplerprochwa.oe674 (.text:DPU_DopplerProcHWA_hwaDoneIsrCallback)
                  0080c160    00000020     libedma_xwr18xx.ae674 : edma_low_level.oe674 (.text:EDMA3ChannelToParamMap)
                  0080c180    00000020                           : edma_low_level.oe674 (.text:EDMA3ClrCCErr)
                  0080c1a0    00000020                           : edma_low_level.oe674 (.text:EDMA3DisableQdmaEvt)
                  0080c1c0    00000020                           : edma_low_level.oe674 (.text:EDMA3EnableQdmaEvt)
                  0080c1e0    00000020                           : edma_low_level.oe674 (.text:EDMA3ErrIntrHighStatusGet)
                  0080c200    00000020                           : edma_low_level.oe674 (.text:EDMA3GetCCErrStatus)
                  0080c220    00000020                           : edma_low_level.oe674 (.text:EDMA3GetErrIntrStatus)
                  0080c240    00000020                           : edma_low_level.oe674 (.text:EDMA3GetIntrStatus)
                  0080c260    00000020                           : edma_low_level.oe674 (.text:EDMA3IntrStatusHighGet)
                  0080c280    00000020                           : edma_low_level.oe674 (.text:EDMA3QdmaClrMissEvt)
                  0080c2a0    00000020                           : edma_low_level.oe674 (.text:EDMA3QdmaGetErrIntrStatus)
                  0080c2c0    00000020                           : edma_low_level.oe674 (.text:EDMAsetRegion)
                  0080c2e0    00000020     libhwa_xwr18xx.ae674 : hwa.oe674 (.text:HWA_init)
                  0080c300    00000020     libosal_xwr18xx.ae674 : HwiP_tirtos.oe674 (.text:HwiP_Params_init)
                  0080c320    00000020                           : HwiP_tirtos.oe674 (.text:HwiP_disable)
                  0080c340    00000020                           : HwiP_tirtos.oe674 (.text:HwiP_disableInterrupt)
                  0080c360    00000020                           : HwiP_tirtos.oe674 (.text:HwiP_enableInterrupt)
                  0080c380    00000020                           : HwiP_tirtos.oe674 (.text:HwiP_restore)
                  0080c3a0    00000020                           : MemoryP_tirtos.oe674 (.text:MemoryP_ctrlAlloc)
                  0080c3c0    00000020                           : MemoryP_tirtos.oe674 (.text:MemoryP_ctrlFree)
                  0080c3e0    00000020                           : MemoryP_tirtos.oe674 (.text:MemoryP_getStats)
                  0080c400    00000020     dss_main.oe674 (.text:MmwDemo_sleep)
                  0080c420    00000020     libsoc_xwr18xx.ae674 : soc_xwr18xx.oe674 (.text:SOC_ungateClock)
                  0080c440    00000020     libosal_xwr18xx.ae674 : SemaphoreP_tirtos.oe674 (.text:SemaphoreP_Params_init)
                  0080c460    00000020                           : SemaphoreP_tirtos.oe674 (.text:SemaphoreP_delete)
                  0080c480    00000020                           : SemaphoreP_tirtos.oe674 (.text:SemaphoreP_pend)
                  0080c4a0    00000020                           : SemaphoreP_tirtos.oe674 (.text:SemaphoreP_post)
                  0080c4c0    00000020                           : DebugP_tirtos.oe674 (.text:_DebugP_assert)
                  0080c4e0    00000020     rts6740_elf.lib : errno.c.obj (.text:__c6xabi_errno_addr)
                  0080c500    00000020                     : trunc.c.obj (.text:__c6xabi_trunc)
                  0080c520    00000020                     : truncf.c.obj (.text:__c6xabi_truncf)
                  0080c540    00000020                     : push.asm.obj (.text:__pop_rts)
                  0080c560    00000020                     : push.asm.obj (.text:__push_rts)
                  0080c580    00000020                     : _lock.c.obj (.text:_nop)
                  0080c5a0    00000020                     : _lock.c.obj (.text:_register_lock)
                  0080c5c0    00000020                     : _lock.c.obj (.text:_register_unlock)
                  0080c5e0    00000020     sysbios.ae674 : c62_TaskSupport_asm.obj (.text:_ti_sysbios_family_c62_TaskSupport_glue)
                  0080c600    00000020     rts6740_elf.lib : exit.c.obj (.text:abort)
                  0080c620    00000020     gtrack_module.oe674 (.text:gtrack_alloc)
                  0080c640    00000020     gtrack_module.oe674 (.text:gtrack_free)
                  0080c660    00000020     libgtrack3D.ae674 : gtrack_listlib.oe674 (.text:gtrack_listGetFirst)
                  0080c680    00000020                       : gtrack_listlib.oe674 (.text:gtrack_listGetNext)
                  0080c6a0    00000020                       : gtrack_listlib.oe674 (.text:gtrack_listInit)
                  0080c6c0    00000020     gtrack_module.oe674 (.text:gtrack_log)
                  0080c6e0    00000020     libgtrack3D.ae674 : gtrack_unit_delete.oe674 (.text:gtrack_unitDelete)
                  0080c700    00000020                       : gtrack_unit_get.oe674 (.text:gtrack_unitGetC)
                  0080c720    00000020                       : gtrack_unit_get.oe674 (.text:gtrack_unitGetMCenter)
                  0080c740    00000020                       : gtrack_unit_get.oe674 (.text:gtrack_unitGetSpread)
                  0080c760    00000020                       : gtrack_math.oe674 (.text:gtrack_vectorInit)
                  0080c780    00000020     libmathutils.ae674 : mathutils.oe674 (.text:mathUtils_ceilLog2)
                  0080c7a0    00000020     rts6740_elf.lib : fputc.c.obj (.text:putchar)
                  0080c7c0    00000020     librangeproc_hwa_xwr18xx.ae674 : rangeprochwa.oe674 (.text:rangeProcHWADoneIsrCallback)
                  0080c7e0    00000020     mmw_dss_pe674.oe674 (.text:ti_sysbios_BIOS_RtsGateProxy_enter__E)
                  0080c800    00000020     mmw_dss_pe674.oe674 (.text:ti_sysbios_BIOS_RtsGateProxy_leave__E)
                  0080c820    00000020     sysbios.ae674 : BIOS.obj (.text:ti_sysbios_BIOS_getCpuFreq__E)
                  0080c840    00000020                   : BIOS.obj (.text:ti_sysbios_BIOS_linkedWithIncorrectBootLibrary__E)
                  0080c860    00000020     mmw_dss_pe674.oe674 (.text:ti_sysbios_BIOS_nullFunc__I)
                  0080c880    00000020     sysbios.ae674 : BIOS.obj (.text:ti_sysbios_BIOS_setThreadType__E)
                  0080c8a0    00000020                   : BIOS.obj (.text:ti_sysbios_BIOS_start__E)
                  0080c8c0    00000020     mmw_dss_pe674.oe674 (.text:ti_sysbios_family_c62_TaskSupport_Module__startupDone__S)
                  0080c8e0    00000020     sysbios.ae674 : BIOS.obj (.text:ti_sysbios_family_c62_TaskSupport_checkStack__E)
                  0080c900    00000020                   : BIOS.obj (.text:ti_sysbios_family_c62_TaskSupport_getStackAlignment__E)
                  0080c920    00000020     mmw_dss_pe674.oe674 (.text:ti_sysbios_family_c64p_Hwi_Module__startupDone__F)
                  0080c940    00000020     sysbios.ae674 : BIOS.obj (.text:ti_sysbios_family_c64p_Hwi_clearInterrupt__E)
                  0080c960    00000020                   : BIOS.obj (.text:ti_sysbios_family_c64p_Hwi_startup__E)
                  0080c980    00000020                   : BIOS.obj (.text:ti_sysbios_family_c64p_Hwi_switchFromBootStack__E)
                  0080c9a0    00000020                   : BIOS.obj (.text:ti_sysbios_family_c64p_TimestampProvider_Module_startup__E)
                  0080c9c0    00000020                   : BIOS.obj (.text:ti_sysbios_family_c64p_TimestampProvider_get32__E)
                  0080c9e0    00000020                   : BIOS.obj (.text:ti_sysbios_family_c64p_TimestampProvider_get64__E)
                  0080ca00    00000020                   : BIOS.obj (.text:ti_sysbios_gates_GateHwi_Instance_init__E)
                  0080ca20    00000020                   : BIOS.obj (.text:ti_sysbios_gates_GateHwi_enter__E)
                  0080ca40    00000020                   : BIOS.obj (.text:ti_sysbios_gates_GateHwi_leave__E)
                  0080ca60    00000020                   : BIOS.obj (.text:ti_sysbios_gates_GateHwi_query__E)
                  0080ca80    00000020                   : BIOS.obj (.text:ti_sysbios_gates_GateMutex_Instance_finalize__E)
                  0080caa0    00000020                   : BIOS.obj (.text:ti_sysbios_gates_GateMutex_query__E)
                  0080cac0    00000020                   : BIOS.obj (.text:ti_sysbios_hal_Hwi_Module_startup__E)
                  0080cae0    00000020     mmw_dss_pe674.oe674 (.text:ti_sysbios_heaps_HeapBuf_Object__get__S)
                  0080cb00    00000020     mmw_dss_pe674.oe674 (.text:ti_sysbios_heaps_HeapMem_Module_GateProxy_enter__E)
                  0080cb20    00000020     mmw_dss_pe674.oe674 (.text:ti_sysbios_heaps_HeapMem_Module_GateProxy_leave__E)
                  0080cb40    00000020     sysbios.ae674 : BIOS.obj (.text:ti_sysbios_heaps_HeapMem_isBlocking__E)
                  0080cb60    00000020     mmw_dss_pe674.oe674 (.text:ti_sysbios_knl_Clock_TimerProxy_getMaxTicks__E)
                  0080cb80    00000020     sysbios.ae674 : BIOS.obj (.text:ti_sysbios_knl_Clock_logTick__E)
                  0080cba0    00000020                   : BIOS.obj (.text:ti_sysbios_knl_Idle_loop__E)
                  0080cbc0    00000020                   : BIOS.obj (.text:ti_sysbios_knl_Queue_Instance_init__E)
                  0080cbe0    00000020     mmw_dss_pe674.oe674 (.text:ti_sysbios_knl_Queue_Object__get__S)
                  0080cc00    00000020     mmw_dss_pe674.oe674 (.text:ti_sysbios_knl_Queue_destruct)
                  0080cc20    00000020     sysbios.ae674 : BIOS.obj (.text:ti_sysbios_knl_Queue_empty__E)
                  0080cc40    00000020                   : BIOS.obj (.text:ti_sysbios_knl_Semaphore_Instance_finalize__E)
                  0080cc60    00000020     mmw_dss_pe674.oe674 (.text:ti_sysbios_knl_Semaphore_Params__init__S)
                  0080cc80    00000020     mmw_dss_pe674.oe674 (.text:ti_sysbios_knl_Semaphore_delete)
                  0080cca0    00000020     sysbios.ae674 : BIOS.obj (.text:ti_sysbios_knl_Swi_disable__E)
                  0080ccc0    00000020     mmw_dss_pe674.oe674 (.text:ti_sysbios_knl_Task_Params__init__S)
                  0080cce0    00000020     sysbios.ae674 : BIOS.obj (.text:ti_sysbios_knl_Task_disable__E)
                  0080cd00    00000020                   : BIOS.obj (.text:ti_sysbios_knl_Task_startup__E)
                  0080cd20    00000020     mmw_dss_pe674.oe674 (.text:ti_sysbios_timers_rti_Timer_Module__startupDone__F)
                  0080cd40    00000020     sysbios.ae674 : BIOS.obj (.text:ti_sysbios_timers_rti_Timer_getMaxTicks__E)
                  0080cd60    00000020                   : BIOS.obj (.text:ti_sysbios_utils_Load_getCPULoad__E)
                  0080cd80    00000020                   : BIOS.obj (.text:ti_sysbios_utils_Load_taskRegHook__E)
                  0080cda0    00000020     mmw_dss_pe674.oe674 (.text:xdc_runtime_IHeap_alloc)
                  0080cdc0    00000020     mmw_dss_pe674.oe674 (.text:xdc_runtime_IHeap_free)
                  0080cde0    00000020     mmw_dss_pe674.oe674 (.text:xdc_runtime_IHeap_getStats)
                  0080ce00    00000020     mmw_dss_pe674.oe674 (.text:xdc_runtime_LoggerBuf_Module_GateProxy_enter__E)
                  0080ce20    00000020     mmw_dss_pe674.oe674 (.text:xdc_runtime_LoggerBuf_Module_GateProxy_leave__E)
                  0080ce40    00000020     sysbios.ae674 : BIOS.obj (.text:xdc_runtime_LoggerBuf_disable__E)
                  0080ce60    00000020                   : BIOS.obj (.text:xdc_runtime_LoggerBuf_enable__E)
                  0080ce80    00000020                   : BIOS.obj (.text:xdc_runtime_Memory_free__E)
                  0080cea0    00000020                   : BIOS.obj (.text:xdc_runtime_Memory_getStats__E)
                  0080cec0    00000020     mmw_dss_pe674.oe674 (.text:xdc_runtime_Startup_exec__I)
                  0080cee0    00000020     mmw_dss_pe674.oe674 (.text:xdc_runtime_Startup_reset__I)
                  0080cf00    00000020     sysbios.ae674 : BIOS.obj (.text:xdc_runtime_Startup_rtsDone__E)
                  0080cf20    00000020                   : BIOS.obj (.text:xdc_runtime_SysStd_exit__E)
                  0080cf40    00000020                   : BIOS.obj (.text:xdc_runtime_SysStd_putch__E)
                  0080cf60    00000020                   : BIOS.obj (.text:xdc_runtime_SysStd_ready__E)
                  0080cf80    00000020     mmw_dss_pe674.oe674 (.text:xdc_runtime_System_Module_GateProxy_enter__E)
                  0080cfa0    00000020     mmw_dss_pe674.oe674 (.text:xdc_runtime_System_Module_GateProxy_leave__E)
                  0080cfc0    00000020     sysbios.ae674 : BIOS.obj (.text:xdc_runtime_System_Module_startup__E)
                  0080cfe0    00000020     mmw_dss_pe674.oe674 (.text:xdc_runtime_Text_visitRope__I)

.dpc_l2Heap 
*          0    0080d000    0000c400     UNINITIALIZED
                  0080d000    0000c400     dss_main.oe674 (.dpc_l2Heap)

.const.1   0    0081c190    00003e70     
                  0081c190    00001a59     mmw_dss_pe674.oe674 (.const:xdc_runtime_Text_charTab__A)
                  0081dbe9    00000001     --HOLE-- [fill = 0]
                  0081dbea    00000002     mmw_dss_pe674.oe674 (.const:ti_sysbios_family_c64p_Cache_Module__id__C)
                  0081dbec    00000630     sysbios.ae674 : BIOS.obj (.const:.string)
                  0081e21c    00000004     mmw_dss_pe674.oe674 (.const:ti_sysbios_family_c62_TaskSupport_stackAlignment__C)
                  0081e220    000005a0     libgtrack3D.ae674 : gtrack_math.oe674 (.const:cosTable)
                  0081e7c0    000005a0                       : gtrack_math.oe674 (.const:sinTable)
                  0081ed60    000003b8                       : gtrack_unit_update.oe674 (.const:.string)
                  0081f118    000002e4     dss_main.oe674 (.const:.string)
                  0081f3fc    00000004     mmw_dss_pe674.oe674 (.const:ti_sysbios_family_c64p_Cache_E_invalidL1CacheSize__C)
                  0081f400    00000144     libgtrack3D.ae674 : gtrack_create.oe674 (.const:$P$T3$3)
                  0081f544    00000004     mmw_dss_pe674.oe674 (.const:ti_sysbios_family_c64p_Cache_E_invalidL2CacheSize__C)
                  0081f548    00000144     libgtrack3D.ae674 : gtrack_create.oe674 (.const:$P$T4$4)
                  0081f68c    00000114                       : gtrack_module.oe674 (.const:.string)
                  0081f7a0    000000e0     mmw_dss_pe674.oe674 (.const:xdc_runtime_Text_nodeTab__A)
                  0081f880    000000b8     libgtrack3D.ae674 : gtrack_unit_event.oe674 (.const:.string)
                  0081f938    00000090                       : gtrack_create.oe674 (.const:$P$T1$1)
                  0081f9c8    00000090                       : gtrack_create.oe674 (.const:$P$T2$2)
                  0081fa58    0000007c                       : gtrack_unit_predict.oe674 (.const:.string)
                  0081fad4    0000007c                       : gtrack_create.oe674 (.const:defaultSceneryParams)
                  0081fb50    00000074     mmw_dss_pe674.oe674 (.const:.string)
                  0081fbc4    00000058     libedma_xwr18xx.ae674 : edma.oe674 (.const:.string)
                  0081fc1c    00000054     libgtrack3D.ae674 : gtrack_unit_start.oe674 (.const:.string)
                  0081fc70    0000004c     libmailbox_xwr18xx.ae674 : mailbox.oe674 (.const:.string)
                  0081fcbc    00000044     mmw_dss_pe674.oe674 (.const:ti_sysbios_knl_Task_Object__PARAMS__C)
                  0081fd00    00000040     libhwa_xwr18xx.ae674 : hwa.oe674 (.const:gHwaTrigSignatures)
                  0081fd40    0000003c     libsoc_xwr18xx.ae674 : soc_xwr18xx_dss.oe674 (.const:.string)
                  0081fd7c    0000003c     libgtrack3D.ae674 : gtrack_create.oe674 (.const:defaultPresenceParams)
                  0081fdb8    0000003c     mmw_dss_pe674.oe674 (.const:xdc_runtime_LoggerBuf_Module__FXNS__C)
                  0081fdf4    00000038     libgtrack3D.ae674 : gtrack_unit_stop.oe674 (.const:.string)
                  0081fe2c    00000004     mmw_dss_pe674.oe674 (.const:ti_sysbios_family_c64p_Cache_MAR0_31__C)
                  0081fe30    00000038     libedma_xwr18xx.ae674 : edma_xwr1xxx.oe674 (.const:gEdmaHwAttrs)
                  0081fe68    00000034     mmw_dss_pe674.oe674 (.const:xdc_runtime_Startup_sfxnTab__A)
                  0081fe9c    00000028     libgtrack3D.ae674 : gtrack_math.oe674 (.const:.string)
                  0081fec4    00000004     mmw_dss_pe674.oe674 (.const:ti_sysbios_family_c64p_Cache_MAR128_159__C)
                  0081fec8    00000028     libdpm_xwr18xx.ae674 : dpm_msg.oe674 (.const:gDPMMessageFxnTable)
                  0081fef0    00000028     mmw_dss_pe674.oe674 (.const:ti_sysbios_heaps_HeapMem_Module__FXNS__C)
                  0081ff18    00000028     mmw_dss_pe674.oe674 (.const:xdc_runtime_LoggerBuf_Object__PARAMS__C)
                  0081ff40    00000024     gtrack_module.oe674 (.const:$P$T2$1)
                  0081ff64    00000024     libgtrack3D.ae674 : gtrack_unit_score.oe674 (.const:.string)
                  0081ff88    00000024     libmailbox_xwr18xx.ae674 : mailbox.oe674 (.const:Mailbox_defaultCfg)
                  0081ffac    00000004     mmw_dss_pe674.oe674 (.const:ti_sysbios_family_c64p_Cache_MAR160_191__C)
                  0081ffb0    00000024     libgtrack3D.ae674 : gtrack_utilities_3d.oe674 (.const:pInit)
                  0081ffd4    00000024     mmw_dss_pe674.oe674 (.const:ti_sysbios_gates_GateHwi_Module__FXNS__C)
                  0081fff8    00000008     mmw_dss_pe674.oe674 (.const:ti_sysbios_knl_Idle_funcList__C)

.l3ram     0    20000000    000b3c78     UNINITIALIZED
                  20000000    000b0000     dss_main.oe674 (.l3ram)
                  200b0000    00003c78     gtrack_module.oe674 (.l3ram)

systemHeap 
*          0    200b3c78    00008000     UNINITIALIZED
                  200b3c78    00008000     mmw_dss_pe674.oe674 (systemHeap)

.const.2   0    200bbc78    0000053c     
                  200bbc78    00000024     mmw_dss_pe674.oe674 (.const:ti_sysbios_gates_GateMutex_Module__FXNS__C)
                  200bbc9c    00000024     mmw_dss_pe674.oe674 (.const:ti_sysbios_heaps_HeapMem_Object__PARAMS__C)
                  200bbcc0    00000024     mmw_dss_pe674.oe674 (.const:ti_sysbios_knl_Semaphore_Object__PARAMS__C)
                  200bbce4    00000020     libhwa_xwr18xx.ae674 : hwa.oe674 (.const:$P$T0$1)
                  200bbd04    00000020                          : hwa.oe674 (.const:.string)
                  200bbd24    00000020     libosal_xwr18xx.ae674 : SemaphoreP_tirtos.oe674 (.const:.string)
[...]
0081b930  resultBuffer                                                 
0081b948  edmaDbg                                                      
0081b958  parmbuf                                                      
0081b960  ti_sysbios_knl_Task_Instance_State_0_hookEnv__A              
0081b968  _stack                                                       
0081c168  __TI_STACK_END                                               
0081c168  __TI_STATIC_BASE                                             
0081c174  gAntennaSpacing                                              
0081c17c  gDPM                                                         
0081c180  regionId                                                     
0081c188  gObjDetObj                                                   
0081c18c  g_gtrackDoneSemHandle                                        
0081c190  xdc_runtime_Text_charTab__A                                  
0081dbea  ti_sysbios_family_c64p_Cache_Module__id__C                   
0081e21c  ti_sysbios_family_c62_TaskSupport_stackAlignment__C          
0081f3fc  ti_sysbios_family_c64p_Cache_E_invalidL1CacheSize__C         
0081f544  ti_sysbios_family_c64p_Cache_E_invalidL2CacheSize__C         
0081f7a0  xdc_runtime_Text_nodeTab__A                                  
0081fad4  defaultSceneryParams                                         
0081fcbc  ti_sysbios_knl_Task_Object__PARAMS__C                        
0081fd7c  defaultPresenceParams                                        
0081fdb8  xdc_runtime_LoggerBuf_Module__FXNS__C                        
0081fe2c  ti_sysbios_family_c64p_Cache_MAR0_31__C                      
0081fe30  gEdmaHwAttrs                                                 
0081fe68  xdc_runtime_Startup_sfxnTab__A                               
0081fec4  ti_sysbios_family_c64p_Cache_MAR128_159__C                   
0081fec8  gDPMMessageFxnTable                                          
0081fef0  ti_sysbios_heaps_HeapMem_Module__FXNS__C                     
0081ff18  xdc_runtime_LoggerBuf_Object__PARAMS__C                      
0081ff88  Mailbox_defaultCfg                                           
0081ffac  ti_sysbios_family_c64p_Cache_MAR160_191__C                   
0081ffb0  pInit                                                        
0081ffd4  ti_sysbios_gates_GateHwi_Module__FXNS__C                     
0081fff8  ti_sysbios_knl_Idle_funcList__C                              
20000000  gMmwL3                                                       
200b3c78  ti_sysbios_heaps_HeapMem_Instance_State_0_buf__A             
200bbc78  ti_sysbios_gates_GateMutex_Module__FXNS__C                   
200bbc9c  ti_sysbios_heaps_HeapMem_Object__PARAMS__C                   
200bbcc0  ti_sysbios_knl_Semaphore_Object__PARAMS__C                   
200bbd44  ti_sysbios_gates_GateHwi_Object__DESC__C                     
200bbd64  ti_sysbios_gates_GateMutex_Object__DESC__C                   
200bbd84  ti_sysbios_heaps_HeapMem_Object__DESC__C                     
200bbda4  ti_sysbios_knl_Queue_Object__DESC__C                         
200bbdc4  ti_sysbios_knl_Semaphore_Object__DESC__C                     
200bbde4  ti_sysbios_knl_Task_Object__DESC__C                          
200bbe04  xdc_runtime_LoggerBuf_Object__DESC__C                        
200bbe40  xdc_runtime_Startup_sfxnRts__A                               
200bbe5a  ti_sysbios_family_c64p_EventCombiner_Module__id__C           
200bbe74  defaultAllocationParams                                      
200bbe8c  ti_sysbios_gates_GateHwi_Object__PARAMS__C                   
200bbea4  ti_sysbios_gates_GateMutex_Object__PARAMS__C                 
200bbebc  ti_sysbios_knl_Queue_Object__PARAMS__C                       
200bbed4  ti_sysbios_family_c64p_Cache_MAR192_223__C                   
200bbed8  ti_sysbios_knl_Task_hooks__A                                 
200bbf04  defaultGatingParams                                          
200bbf78  spreadMin                                                    
200bbf88  ti_sysbios_family_c64p_EventCombiner_EVTMASK__C              
200bbf98  defaultStateParams                                           
200bbfa4  ti_sysbios_family_c64p_Cache_MAR224_255__C                   
200bbfa8  ti_sysbios_knl_Idle_funcList__A                              
200bbfb4  ti_sysbios_knl_Task_hooks__C                                 
200bbfbc  ti_sysbios_family_c64p_Cache_MAR32_63__C                     
200bbfc0  xdc_runtime_Startup_firstFxns__A                             
200bbfc8  xdc_runtime_Startup_firstFxns__C                             
200bbfd0  xdc_runtime_Startup_lastFxns__C                              
200bbfd8  ti_sysbios_family_c64p_Cache_MAR64_95__C                     
200bbfdc  ti_sysbios_family_c64p_Cache_MAR96_127__C                    
200bbfe0  ti_sysbios_family_c64p_EventCombiner_A_invalidEventId__C     
200bbfe4  ti_sysbios_family_c64p_EventCombiner_EVTRegs__C              
200bbfe8  ti_sysbios_family_c64p_EventCombiner_E_unpluggedEvent__C     
200bbfec  ti_sysbios_family_c64p_EventCombiner_Module__diagsEnabled__C 
200bbff0  ti_sysbios_family_c64p_EventCombiner_Module__diagsIncluded__C
200bbff4  ti_sysbios_family_c64p_EventCombiner_Module__diagsMask__C    
200bbff8  ti_sysbios_family_c64p_Exception_E_exceptionMax__C           
200bbffc  ti_sysbios_family_c64p_Exception_exceptionHook__C            
200bc000  ti_sysbios_family_c64p_Exception_externalHook__C             
200bc004  ti_sysbios_family_c64p_Exception_internalHook__C             
200bc008  ti_sysbios_family_c64p_Exception_nmiHook__C                  
200bc00c  ti_sysbios_family_c64p_Hwi_INTRMUX1Address__C                
200bc010  ti_sysbios_gates_GateMutex_A_badContext__C                   
200bc014  ti_sysbios_gates_GateMutex_Instance_State_sem__O             
200bc018  ti_sysbios_gates_GateMutex_Module__diagsEnabled__C           
200bc01c  ti_sysbios_gates_GateMutex_Module__diagsIncluded__C          
200bc020  ti_sysbios_gates_GateMutex_Module__diagsMask__C              
200bc024  ti_sysbios_hal_Hwi_E_stackOverflow__C                        
200bc028  ti_sysbios_heaps_HeapBuf_Instance_State_freeList__O          
200bc02c  ti_sysbios_heaps_HeapBuf_Object__count__C                    
200bc030  ti_sysbios_heaps_HeapBuf_numConstructedHeaps__C              
200bc034  ti_sysbios_heaps_HeapMem_A_align__C                          
200bc038  ti_sysbios_heaps_HeapMem_A_heapSize__C                       
200bc03c  ti_sysbios_heaps_HeapMem_A_invalidFree__C                    
200bc040  ti_sysbios_heaps_HeapMem_A_zeroBlock__C                      
200bc044  ti_sysbios_heaps_HeapMem_E_memory__C                         
200bc048  ti_sysbios_heaps_HeapMem_Module__diagsEnabled__C             
200bc04c  ti_sysbios_heaps_HeapMem_Module__diagsIncluded__C            
200bc050  ti_sysbios_heaps_HeapMem_Module__diagsMask__C                
200bc054  ti_sysbios_heaps_HeapMem_Module__gateObj__C                  
200bc058  ti_sysbios_heaps_HeapMem_Object__count__C                    
200bc05c  ti_sysbios_heaps_HeapMem_reqAlign__C                         
200bc060  ti_sysbios_knl_Clock_Module_State_clockQ__O                  
200bc064  ti_sysbios_knl_Semaphore_A_badContext__C                     
200bc068  ti_sysbios_knl_Semaphore_A_noEvents__C                       
200bc06c  ti_sysbios_knl_Semaphore_A_overflow__C                       
200bc070  ti_sysbios_knl_Semaphore_A_pendTaskDisabled__C               
200bc074  ti_sysbios_knl_Semaphore_Instance_State_pendQ__O             
200bc078  ti_sysbios_knl_Semaphore_Module__diagsEnabled__C             
200bc07c  ti_sysbios_knl_Semaphore_Module__diagsIncluded__C            
200bc080  ti_sysbios_knl_Semaphore_Module__diagsMask__C                
200bc084  ti_sysbios_knl_Swi_Object__count__C                          
200bc088  ti_sysbios_knl_Task_A_badPriority__C                         
200bc08c  ti_sysbios_knl_Task_A_badTaskState__C                        
200bc090  ti_sysbios_knl_Task_A_badThreadType__C                       
200bc094  ti_sysbios_knl_Task_A_badTimeout__C                          
200bc098  ti_sysbios_knl_Task_A_noPendElem__C                          
200bc09c  ti_sysbios_knl_Task_A_sleepTaskDisabled__C                   
200bc0a0  ti_sysbios_knl_Task_E_spOutOfBounds__C                       
200bc0a4  ti_sysbios_knl_Task_E_stackOverflow__C                       
200bc0a8  ti_sysbios_knl_Task_Module_State_inactiveQ__O                
200bc0ac  ti_sysbios_knl_Task_Module__diagsEnabled__C                  
200bc0b0  ti_sysbios_knl_Task_Module__diagsIncluded__C                 
200bc0b4  ti_sysbios_knl_Task_Module__diagsMask__C                     
200bc0b8  ti_sysbios_knl_Task_Object__count__C                         
200bc0bc  ti_sysbios_knl_Task_Object__heap__C                          
200bc0c0  ti_sysbios_knl_Task_allBlockedFunc__C                        
200bc0c4  ti_sysbios_knl_Task_defaultStackHeap__C                      
200bc0c8  ti_sysbios_knl_Task_defaultStackSize__C                      
200bc0cc  ti_sysbios_knl_Task_numConstructedTasks__C                   
200bc0d0  ti_sysbios_timers_rti_Timer_E_cannotSupport__C               
200bc0d4  ti_sysbios_timers_rti_Timer_Module__diagsEnabled__C          
200bc0d8  ti_sysbios_timers_rti_Timer_Module__diagsIncluded__C         
200bc0dc  ti_sysbios_timers_rti_Timer_Module__diagsMask__C             
200bc0e0  ti_sysbios_timers_rti_Timer_numTimerDevices__C               
200bc0e4  ti_sysbios_timers_rti_Timer_startupNeeded__C                 
200bc0e8  ti_sysbios_utils_Load_Module_State_taskList__O               
200bc0ec  ti_sysbios_utils_Load_Module__diagsEnabled__C                
200bc0f0  ti_sysbios_utils_Load_Module__diagsIncluded__C               
200bc0f4  ti_sysbios_utils_Load_Module__diagsMask__C                   
200bc0f8  ti_sysbios_utils_Load_postUpdate__C                          
200bc0fc  ti_sysbios_utils_Load_windowInMs__C                          
200bc100  xdc_runtime_Assert_E_assertFailed__C                         
200bc104  xdc_runtime_Core_A_initializedParams__C                      
200bc108  xdc_runtime_Core_Module__diagsEnabled__C                     
200bc10c  xdc_runtime_Core_Module__diagsIncluded__C                    
200bc110  xdc_runtime_Core_Module__diagsMask__C                        
200bc114  xdc_runtime_Error_E_memory__C                                
200bc118  xdc_runtime_Error_policyFxn__C                               
200bc11c  xdc_runtime_Error_policy__C                                  
200bc120  xdc_runtime_Error_raiseHook__C                               
200bc124  xdc_runtime_IFilterLogger_Interface__BASE__C                 
200bc128  xdc_runtime_IGateProvider_Interface__BASE__C                 
200bc12c  xdc_runtime_IHeap_Interface__BASE__C                         
200bc130  xdc_runtime_ILogger_Interface__BASE__C                       
200bc134  xdc_runtime_IModule_Interface__BASE__C                       
200bc138  xdc_runtime_LoggerBuf_E_badLevel__C                          
200bc13c  xdc_runtime_LoggerBuf_Module__gateObj__C                     
200bc140  xdc_runtime_LoggerBuf_Object__count__C                       
200bc144  xdc_runtime_LoggerBuf_statusLogger__C                        
200bc148  xdc_runtime_Memory_defaultHeapInstance__C                    
200bc14c  xdc_runtime_Startup_execImpl__C                              
200bc150  xdc_runtime_Startup_maxPasses__C                             
200bc154  xdc_runtime_Startup_sfxnRts__C                               
200bc158  xdc_runtime_Startup_sfxnTab__C                               
200bc15c  xdc_runtime_System_Module__gateObj__C                        
200bc160  xdc_runtime_System_abortFxn__C                               
200bc164  xdc_runtime_System_exitFxn__C                                
200bc168  xdc_runtime_System_extendFxn__C                              
200bc16c  xdc_runtime_System_maxAtexitHandlers__C                      
200bc170  xdc_runtime_Text_charTab__C                                  
200bc174  xdc_runtime_Text_nameEmpty__C                                
200bc178  xdc_runtime_Text_nameStatic__C                               
200bc17c  xdc_runtime_Text_nameUnknown__C                              
200bc180  xdc_runtime_Text_nodeTab__C                                  
200bc184  xdc_runtime_Text_visitRopeFxn__C                             
200bc188  ti_sysbios_family_c64p_Exception_Module__id__C               
200bc18a  ti_sysbios_family_c64p_Exception_useInternalBuffer__C        
200bc18c  ti_sysbios_gates_GateMutex_Module__id__C                     
200bc18e  ti_sysbios_hal_Hwi_Module__id__C                             
200bc190  ti_sysbios_heaps_HeapMem_Module__id__C                       
200bc192  ti_sysbios_knl_Semaphore_Module__id__C                       
200bc194  ti_sysbios_knl_Task_Module__id__C                            
200bc196  ti_sysbios_timers_rti_Timer_Module__id__C                    
200bc198  ti_sysbios_timers_rti_Timer_continueOnSuspend__C             
200bc19a  ti_sysbios_utils_Load_Module__id__C                          
200bc19c  ti_sysbios_utils_Load_autoAddTasks__C                        
200bc19e  ti_sysbios_utils_Load_updateInIdle__C                        
200bc1a0  xdc_runtime_Core_Module__id__C                               
200bc1a2  xdc_runtime_Error_maxDepth__C                                
200bc1a4  xdc_runtime_LoggerBuf_Module__id__C                          
200bc1a6  xdc_runtime_LoggerBuf_filterByLevel__C                       
200bc1a8  xdc_runtime_Main_Module__id__C                               
200bc1aa  xdc_runtime_Memory_Module__id__C                             
200bc1ac  xdc_runtime_Text_charCnt__C                                  
200bc1ae  xdc_runtime_Text_isLoaded__C                                 
200bc1b0  xdc_runtime_Text_registryModsLastId__C                       
200bc1b2  xdc_runtime_Text_unnamedModsLastId__C                        
200bc1b8  __CIOBUF_                                                    
200bc3c0  ti_sysbios_family_c64p_EventCombiner_Module__state__V        
200bc7c0  _ftable                                                      
200bc9a0  _stream                                                      
200bca40  ti_sysbios_utils_Load_Module__state__V                       
200bcad8  ti_sysbios_knl_Swi_Module_State_0_readyQ__A                  
200bcb58  ti_sysbios_knl_Task_Module_State_0_readyQ__A                 
200bcbd8  _device                                                      
200bcc50  ti_sysbios_family_c64p_Hwi_Object__table__V                  
200bccc8  ti_sysbios_family_c64p_Hwi_Module__state__V                  
200bcd34  _lock                                                        
200bcd38  ti_sysbios_knl_Task_Object__table__V                         
200bcd94  gMailboxMCB                                                  
200bcde4  ti_sysbios_knl_Task_Module__state__V                         
200bce2c  _unlock                                                      
200bce74  __TI_ft_end                                                  
200bcef8  SOC_TranslateAddr_LUT                                        
200bcf78  ti_sysbios_gates_GateMutex_Object__table__V                  
200bcfb8  ti_sysbios_timers_rti_Timer_Object__table__V                 
200bcff4  __errno                                                      
200bcff4  errno                                                        
200bcff8  gHWAHwCfg                                                    
200bd028  ti_sysbios_family_c64p_Exception_Module__state__V            
200bd058  ti_sysbios_knl_Swi_Object__table__V                          
200bd088  ti_sysbios_knl_Clock_Module__state__V                        
200bd0b4  gDPC_ObjectDetectionCfg                                      
200bd0d8  ti_sysbios_BIOS_Module__state__V                             
200bd0fc  ti_sysbios_family_c64p_Cache_Module__state__V                
200bd100  xdc_runtime_LoggerBuf_Object__table__V                       
200bd124  ti_sysbios_heaps_HeapBuf_Module__state__V                    
200bd188  gSOCHwAttrib                                                 
200bd1c8  xdc_runtime_Error_IgnoreBlock                                
200bd1e8  xdc_runtime_System_Module_State_0_atexitHandlers__A          
200bd208  ti_sysbios_knl_Swi_Module__state__V                          
200bd224  xdc_runtime_Memory_Module__state__V                          
200bd228  ti_sysbios_utils_Load_Module_State_0_taskEnv__A              
200bd244  gMailboxDssBssHwCfg                                          
200bd25c  gMailboxDssMssHwCfg                                          
200bd274  xdc_runtime_Error_Module__state__V                           
200bd278  ti_sysbios_heaps_HeapMem_Object__table__V                    
200bd290  ti_sysbios_timers_rti_Timer_Module_State_0_device__A         
200bd2a8  gDPMRemoteTable                                              
200bd2c0  gHwaEDMAChanMapping                                          
200bd2d0  ti_sysbios_timers_rti_Timer_Module_State_0_intFreqs__A       
200bd2e0  ti_sysbios_timers_rti_Timer_Module__state__V                 
200bd30c  __TI_cleanup_ptr                                             
200bd310  __TI_dtors_ptr                                               
200bd314  __TI_enable_exit_profile_output                              
200bd318  ti_sysbios_knl_Task_Module__root__V                          
200bd330  gDPMHwAttrib                                                 
200bd338  ti_sysbios_gates_GateHwi_Module__root__V                     
200bd340  ti_sysbios_gates_GateMutex_Module__root__V                   
200bd348  ti_sysbios_hal_Hwi_Object__table__V                          
200bd350  ti_sysbios_heaps_HeapMem_Module__root__V                     
200bd358  ti_sysbios_knl_Queue_Module__root__V                         
200bd360  ti_sysbios_knl_Semaphore_Module__root__V                     
200bd368  ti_sysbios_timers_rti_Timer_Module_State_0_handles__A        
200bd370  xdc_runtime_LoggerBuf_Module__root__V                        
200bd378  xdc_runtime_Registry_Module__state__V                        
200bd380  xdc_runtime_Startup_Module__state__V                         
200bd388  xdc_runtime_System_Module__state__V                          
200bd390  xdc_runtime_LoggerBuf_Module__state__V                       
200bd3a8  gHWADriverPtr                                                
200bd3b0  ti_sysbios_gates_GateHwi_Object__table__V                    
200bd3b8  ti_sysbios_knl_Task_Module_State_0_idleTask__A               
200bd3c0  ti_sysbios_utils_Load_Module_State_0_runningTask__A          
200bd3c8  ti_sysbios_utils_Load_Module_State_0_taskStartTime__A        
21080000  gHSRAM                                                       
ffffffff  __TI_pprof_out_hndl                                          
ffffffff  __TI_prof_data_size                                          
ffffffff  __TI_prof_data_start                                         
ffffffff  __binit__                                                    
ffffffff  __c_args__                                                   
ffffffff  binit                                                        
UNDEFED   __TI_CINIT_Base                                              
UNDEFED   __TI_CINIT_Limit                                             
UNDEFED   __TI_Handler_Table_Base                                      
UNDEFED   __TI_Handler_Table_Limit                                     
UNDEFED   __TI_INITARRAY_Base                                          
UNDEFED   __TI_INITARRAY_Limit                                         
UNDEFED   __TI_TLS_INIT_Base                                           
UNDEFED   __TI_TLS_INIT_Limit                                          

[918 symbols]
