******************************************************************************
                  TI ARM Linker Unix v16.9.6                   
******************************************************************************
>> Linked Thu Jun 18 15:50:55 2026

OUTPUT FILE NAME:   <out_of_box_1843_mss_isk.xer4f>
ENTRY POINT SYMBOL: "_c_int00"  address: 000177b4


MEMORY CONFIGURATION

         name            origin    length      used     unused   attr    fill
----------------------  --------  ---------  --------  --------  ----  --------
PAGE 0:
  VECTORS               00000000   00000100  0000003c  000000c4     X
  PROG_RAM              00000100   0007ff00  0001e9ce  00061532  R  X
  DATA_RAM              08000000   00030000  0000e874  0002178c  RW  
  L3_RAM                51000000   000c0000  00000000  000c0000  RW  
  HWA_RAM               52030000   00010000  00000000  00010000  RW  
  HS_RAM                52080000   00008000  00000000  00008000  RW  

PAGE 1:
  L3_RAM                51000000   000c0000  00000000  000c0000  RW  


SEGMENT ALLOCATION MAP

run origin  load origin   length   init length attrs members
----------  ----------- ---------- ----------- ----- -------
00000000    00000000    0000003c   0000003c    r--
  00000000    00000000    0000003c   0000003c    r-- .vecs
00000100    00000100    0001e9d8   0001e9d8    r-x
  00000100    00000100    0001d512   0001d512    r-x .text
  0001d618    0001d618    00000fec   00000fec    r-- .const
  0001e608    0001e608    000004d0   000004d0    r-- .cinit
08000000    08000000    0000e878   00000000    rw-
  08000000    08000000    00008000   00000000    rw- systemHeap
  08008000    08008000    0000333c   00000000    rw- .bss
  0800b340    0800b340    00002538   00000000    rw- .data
  0800d878    0800d878    00000800   00000000    rw- .myFiqStack
  0800e078    0800e078    00000800   00000000    rw- .stack


SECTION ALLOCATION MAP

 output                                  attributes/
section   page    origin      length       input sections
--------  ----  ----------  ----------   ----------------
systemHeap 
*          0    08000000    00008000     UNINITIALIZED
                  08000000    00008000     mmw_mss_per4ft.oer4ft (systemHeap)

.vecs      0    00000000    0000003c     
                  00000000    0000003c     mmw_mss_per4ft.oer4ft (.vecs)

.text      0    00000100    0001d512     
                  00000100    0000107a     rtsv7R4_T_le_v3D16_eabi.lib : _printfi.obj (.text)
                  0000117a    00000002     libadcbuf_xwr18xx.aer4f : adcbuf_mmwave.oer4f (.text:ADCBUF_MMWave_init)
                  0000117c    00000898     rtsv7R4_T_le_v3D16_eabi.lib : _scanfi.obj (.text)
                  00001a14    0000079c     mss_main.oer4f (.text:MmwDemo_dataPathConfig)
                  000021b0    000006da     mmw_cli.oer4f (.text:MmwDemo_CLIInit)
                  0000288a    00000002     libmmwave_xwr18xx.aer4f : mmwave_link.oer4f (.text:MMWave_maskHostIRQ)
                  0000288c    000006a8     mss_main.oer4f (.text:MmwDemo_initTask)
                  00002f34    0000059e     mss_main.oer4f (.text:MmwDemo_openSensor)
                  000034d2    0000000e     libsoc_xwr18xx.aer4f : soc_xwr18xx_mss.oer4f (.text:SOC_microDelay)
                  000034e0    000004e1     sysbios.aer4ft : BIOS.obj (.text:xdc_runtime_System_doPrint__I)
                  000039c1    00000001     --HOLE-- [fill = 0]
                  000039c2    00000002     libqspiflash_xwr18xx.aer4f : qspiflash.oer4f (.text:QSPIFlash_init)
                  000039c4    000004a8     libadcbuf_xwr18xx.aer4f : adcbuf_mmwave.oer4f (.text:ADCBUF_MMWave_control)
                  00003e6c    00000440     mmwdemo_rfparser.oer4f (.text:MmwDemo_RFParser_parseCtrlConfig)
                  000042ac    00000438     mss_main.oer4f (.text:MmwDemo_handleObjectDetResult)
                  000046e4    00000414     libcli_xwr18xx.aer4f : cli_mmwave.oer4f (.text:CLI_MMWaveVersion)
                  00004af8    000003fd     mmw_cli.oer4f (.text:MmwDemo_CLISensorStart)
                  00004ef5    00000001     --HOLE-- [fill = 0]
                  00004ef6    00000002     libqspi_xwr18xx.aer4f : qspi.oer4f (.text:QSPI_init)
                  00004ef8    00000390     mss_main.oer4f (.text:MmwDemo_transmitProcessedOutput)
                  00005288    00000308     libsoc_xwr18xx.aer4f : soc_xwr18xx_mss.oer4f (.text:SOC_deviceInit)
                  00005590    000002f8     libcbuff_xwr18xx.aer4f : cbuff.oer4f (.text:CBUFF_createSession)
                  00005888    00000008     librtrimutils.aer4f : rtrimutils.oer4f (.text:GET_ANA_BASE_ADDRESS)
                  00005890    000002f4     sysbios.aer4ft : BIOS.obj (.text:ti_sysbios_knl_Semaphore_pend__E)
                  00005b84    000002dc     mss_main.oer4f (.text:MmwDemo_processPendingDynamicCfgCommands)
                  00005e60    000002cc     sysbios.aer4ft : BIOS.obj (.text:ti_sysbios_knl_Task_Instance_finalize__E)
                  0000612c    000002b8     rtsv7R4_T_le_v3D16_eabi.lib : ull_div32.obj (.text)
                  000063e4    0000000c     libcli_xwr18xx.aer4f : cli_mmwave.oer4f (.text:CLI_getMMWaveExtensionConfig)
                  000063f0    000002a4     sysbios.aer4ft : BIOS.obj (.text:ti_sysbios_heaps_HeapMem_freeUnprotected__E)
                  00006694    00000284     libmmwave_xwr18xx.aer4f : mmwave_dualcore.oer4f (.text:MMWave_deviceExecuteFxn)
                  00006918    00000280     libhsiheader_xwr18xx.aer4f : hsiheader.oer4f (.text:HSIHeader_createHeader)
                  00006b98    00000008     libosal_xwr18xx.aer4f : HwiP_tirtos.oer4f (.text:HwiP_disable)
                  00006ba0    00000280     sysbios.aer4ft : BIOS.obj (.text:ti_sysbios_family_arm_exc_Exception_excDumpContext__I)
                  00006e20    00000278     mss_main.oer4f (.text:MmwDemo_sensorStopEpilog)
                  00007098    0000026c     libqspiflash_xwr18xx.aer4f : qspiflash.oer4f (.text:QSPIFlash_open)
                  00007304    00000264     libcbuff_xwr18xx.aer4f : cbuff.oer4f (.text:CBUFF_init)
                  00007568    00000260     libmailbox_xwr18xx.aer4f : mailbox.oer4f (.text:Mailbox_open)
                  000077c8    00000254     libcli_xwr18xx.aer4f : cli_mmwave.oer4f (.text:CLI_MMWaveProfileCfg)
                  00007a1c    00000240     mss_main.oer4f (.text:MmwDemo_checkEdmaErrors)
                  00007c5c    0000023c     mss_main.oer4f (.text:MmwDemo_DPC_ObjectDetection_reportFxn)
                  00007e98    0000023c     mmw_lvds_stream.oer4f (.text:MmwDemo_LVDSStreamHwConfig)
                  000080d4    0000022c     libcbuff_xwr18xx.aer4f : cbuff_lvds.oer4f (.text:CBUFF_openLVDS)
                  00008300    00000228     sysbios.aer4ft : BIOS.obj (.text:ti_sysbios_heaps_HeapMem_allocUnprotected__E)
                  00008528    00000008     libmmwave_xwr18xx.aer4f : mmwave.oer4f (.text:MMWave_decodeErrorLevel)
                  00008530    00000224     sysbios.aer4ft : BIOS.obj (.text:ti_sysbios_timers_rti_Timer_Module_startup__E)
                  00008754    00000214     libedma_xwr18xx.aer4f : edma.oer4f (.text:EDMA_configChannel)
                  00008968    00000214     libuart_xwr18xx.aer4f : uartsci.oer4f (.text:UartSci_open)
                  00008b7c    00000210     mss_main.oer4f (.text:MmwDemo_eventCallbackFxn)
                  00008d8c    0000020a     libcbuff_xwr18xx.aer4f : cbuff_transfer.oer4f (.text:CBUFF_addLinkedList)
                  00008f96    00000002     libuart_xwr18xx.aer4f : uartsci.oer4f (.text:UartSci_init)
                  00008f98    00000204     libcli_xwr18xx.aer4f : cli_mmwave.oer4f (.text:CLI_MMWaveChirpCfg)
                  0000919c    00000204     libcrc_xwr18xx.aer4f : crc.oer4f (.text:CRC_open)
                  000093a0    00000204     sysbios.aer4ft : BIOS.obj (.text:ti_sysbios_knl_Task_sleep__E)
                  000095a4    00000200     mss_main.oer4f (.text:MmwDemo_stopSensor)
                  000097a4    0000000c     libedma_xwr18xx.aer4f : edma_low_level.oer4f (.text:EDMA3ChannelToParamMap)
                  000097b0    00000200     sysbios.aer4ft : BIOS.obj (.text:ti_sysbios_knl_Task_Instance_init__E)
                  000099b0    000001f0     libdma_xwr18xx.aer4f : dma.oer4f (.text:DMA_setChannelParams)
                  00009ba0    000001ef     libedma_xwr18xx.aer4f : edma.oer4f (.text:EDMA_paramConfig_assist)
                  00009d8f    00000001     --HOLE-- [fill = 0]
                  00009d90    000001e4     rtsv7R4_T_le_v3D16_eabi.lib : strtod.obj (.text)
                  00009f74    000001e4                                 : strtoll.obj (.text)
                  0000a158    000001d4     libcbuff_xwr18xx.aer4f : cbuff_edma.oer4f (.text:CBUFF_configEDMA)
                  0000a32c    00000004     libosal_xwr18xx.aer4f : HwiP_tirtos.oer4f (.text:HwiP_disableInterrupt)
                  0000a330    000001cc     sysbios.aer4ft : BIOS.obj (.text:ti_sysbios_family_arm_v7r_vim_Hwi_dispatchIRQC__I)
                  0000a4fc    000001c8     libcbuff_xwr18xx.aer4f : cbuff_lvds.oer4f (.text:CBUFF_initLVDS)
                  0000a6c4    000001c8     mss_main.oer4f (.text:main)
                  0000a88c    000001c8     libmmwavelink_xwr18xx.aer4f : rl_driver.oer4f (.text:rlDriverRxHdrRead)
                  0000aa54    000001c8     rtsv7R4_T_le_v3D16_eabi.lib : fopen.obj (.text)
                  0000ac1c    000001c0     libedma_xwr18xx.aer4f : edma.oer4f (.text:EDMA_open)
                  0000addc    000001b0     libmmwavelink_xwr18xx.aer4f : rl_driver.oer4f (.text:rlDriverMsgRead)
                  0000af8c    000001a8     libcli_xwr18xx.aer4f : cli_mmwave.oer4f (.text:CLI_MMWaveSubFrameCfg)
                  0000b134    000001a4     libcbuff_xwr18xx.aer4f : cbuff.oer4f (.text:CBUFF_activateSession)
                  0000b2d8    000001a4     libmmwave_xwr18xx.aer4f : mmwave_dualcore.oer4f (.text:MMWave_serializeCfg)
                  0000b47c    0000019c     mss_main.oer4f (.text:MmwDemo_startSensor)
                  0000b618    00000008     libmmwave_xwr18xx.aer4f : mmwave_link.oer4f (.text:MMWave_mboxCallbackFxn)
                  0000b620    0000019c     sysbios.aer4ft : BIOS.obj (.text:xdc_runtime_Error_policyDefault__E)
                  0000b7bc    00000194     libmmwave_xwr18xx.aer4f : mmwave_link.oer4f (.text:MMWave_openLink)
                  0000b950    00000190     libmmwavelink_xwr18xx.aer4f : rl_driver.oer4f (.text:rlDriverCmdInvoke)
                  0000bae0    00000188     mmw_cli.oer4f (.text:MmwDemo_CLIConfigDataPort)
                  0000bc68    00000008     libosal_xwr18xx.aer4f : SemaphoreP_tirtos.oer4f (.text:SemaphoreP_Params_init)
                  0000bc70    00000184     sysbios.aer4ft : BIOS.obj (.text:xdc_runtime_LoggerBuf_write8__E)
                  0000bdf4    00000180     libdpm_xwr18xx.aer4f : dpm_core.oer4f (.text:DPM_init)
                  0000bf74    00000180                          : dpm_msg.oer4f (.text:DPM_msgRecv)
                  0000c0f4    00000180     mmwdemo_rfparser.oer4f (.text:MmwDemo_RFParser_setAoAParams)
                  0000c274    0000017c     mss_main.oer4f (.text:MmwDemo_transferLVDSUserData)
                  0000c3f0    00000174     mmw_lvds_stream.oer4f (.text:MmwDemo_LVDSStreamInit)
                  0000c564    00000170     libgpio_xwr18xx.aer4f : gpio.oer4f (.text:GPIO_setConfig)
                  0000c6d4    0000016c     libsoc_xwr18xx.aer4f : soc_xwr18xx_mss.oer4f (.text:SOC_unhaltDSS)
                  0000c840    0000016c     sysbios.aer4ft : BIOS.obj (.text:ti_sysbios_knl_Semaphore_post__E)
                  0000c9ac    00000168     mmw_lvds_stream.oer4f (.text:MmwDemo_LVDSStreamSwConfig)
                  0000cb14    0000000c     libedma_xwr18xx.aer4f : edma_low_level.oer4f (.text:EDMAsetRegion)
                  0000cb20    00000168     sysbios.aer4ft : BIOS.obj (.text:ti_sysbios_family_arm_exc_Exception_excHandler__I)
                  0000cc88    00000164     rtsv7R4_T_le_v3D16_eabi.lib : strtoull.obj (.text)
                  0000cdec    00000160     libqspi_xwr18xx.aer4f : qspi.oer4f (.text:QSPI_open)
                  0000cf4c    00000004     libosal_xwr18xx.aer4f : HwiP_tirtos.oer4f (.text:HwiP_enableInterrupt)
                  0000cf50    00000160     sysbios.aer4ft : BIOS.obj (.text:ti_sysbios_family_arm_v7r_vim_Hwi_reconfig__E)
                  0000d0b0    00000158                    : BIOS.obj (.text:ti_sysbios_knl_Task_postInit__I)
                  0000d208    0000014c     libcli_xwr18xx.aer4f : cli_mmwave.oer4f (.text:CLI_MMWaveFrameCfg)
                  0000d354    0000014c                          : cli.oer4f (.text:CLI_task)
                  0000d4a0    0000014c     libmmwave_xwr18xx.aer4f : mmwave_link.oer4f (.text:MMWave_initMMWaveLink)
                  0000d5ec    0000014a     libuart_xwr18xx.aer4f : uartsci.oer4f (.text:UartSci_ISR)
                  0000d736    00000002     rtsv7R4_T_le_v3D16_eabi.lib : i_div0.obj (.text)
                  0000d738    00000148     libhsiheader_xwr18xx.aer4f : hsiheader.oer4f (.text:HSIHeader_init)
                  0000d880    00000148     libmmwavelink_xwr18xx.aer4f : rl_driver.oer4f (.text:rlDriverCmdSendRetry)
                  0000d9c8    00000146     mmw_cli.oer4f (.text:MmwDemo_CLICalibDcRangeSig)
                  0000db0e    00000002     mmw_mss_per4ft.oer4ft (.text:ti_sysbios_BIOS_nullFunc__I)
                  0000db10    00000140     sysbios.aer4ft : BIOS.obj (.text:ti_sysbios_heaps_HeapMem_Instance_init__E)
                  0000dc50    00000140                    : BIOS.obj (.text:xdc_runtime_Core_createObject__I)
                  0000dd90    0000013c     mmw_lvds_stream.oer4f (.text:MmwDemo_LVDSStreamDeleteHwSession)
                  0000decc    00000004     libmmwave_xwr18xx.aer4f : mmwave_link.oer4f (.text:MMWave_disableDevice)
                  0000ded0    0000013c     sysbios.aer4ft : BIOS.obj (.text:ti_sysbios_knl_Clock_workFunc__E)
                  0000e00c    00000134     libadcbuf_xwr18xx.aer4f : adcbuf_mmwave.oer4f (.text:ADCBUF_MMWave_open)
                  0000e140    00000134     mss_main.oer4f (.text:MmwDemo_edmaOpen)
                  0000e274    0000000c     libmmwave_xwr18xx.aer4f : mmwave_dualcore.oer4f (.text:MMWave_deviceMailboxCallbackFxn)
                  0000e280    00000134     sysbios.aer4ft : BIOS.obj (.text:xdc_runtime_Startup_startMods__I)
                  0000e3b4    00000130     mmw_lvds_stream.oer4f (.text:MmwDemo_LVDSStreamDeleteSwSession)
                  0000e4e4    00000130     rtsv7R4_T_le_v3D16_eabi.lib : strtol.obj (.text)
                  0000e614    0000012a     libedma_xwr18xx.aer4f : edma.oer4f (.text:EDMA_check4kSiErrata)
                  0000e73e    00000002     mmw_mss_per4ft.oer4ft (.text:xdc_runtime_Startup_reset__I)
                  0000e740    00000128     sysbios.aer4ft : BIOS.obj (.text:ti_sysbios_utils_Load_updateThreadContexts__E)
                  0000e868    00000124     libcli_xwr18xx.aer4f : cli_mmwave.oer4f (.text:CLI_MMWaveAdvFrameCfg)
                  0000e98c    00000124                          : cli_mmwave.oer4f (.text:CLI_MMWaveContModeCfg)
                  0000eab0    00000124     libedma_xwr18xx.aer4f : edma.oer4f (.text:EDMA_init)
                  0000ebd4    0000000c     libmmwave_xwr18xx.aer4f : mmwave_osal.oer4f (.text:MMWave_osalMutexUnlock)
                  0000ebe0    00000120     sysbios.aer4ft : BIOS.obj (.text:xdc_runtime_LoggerBuf_write4__E)
                  0000ed00    0000011c     mmw_cli.oer4f (.text:MmwDemo_CLILvdsStreamCfg)
                  0000ee1c    00000004     libmmwave_xwr18xx.aer4f : mmwave_link.oer4f (.text:MMWave_enableDevice)
                  0000ee20    00000118     sysbios.aer4ft : BIOS.obj (.text:ti_sysbios_family_arm_v7r_vim_Hwi_Instance_init__E)
                  0000ef38    00000114     libedma_xwr18xx.aer4f : edma.oer4f (.text:EDMA_configErrorMonitoring)
                  0000f04c    00000114                           : edma.oer4f (.text:EDMA_transferComplete_isr)
                  0000f160    00000110     mss_main.oer4f (.text:MmwDemo_calibInit)
                  0000f270    00000110     rtsv7R4_T_le_v3D16_eabi.lib : strtoul.obj (.text)
                  0000f380    0000010c     libdpm_xwr18xx.aer4f : dpm_msg.oer4f (.text:DPM_msgResultHandler)
                  0000f48c    0000010c     libmmwave_xwr18xx.aer4f : mmwave_link.oer4f (.text:MMWave_asyncEventHandler)
                  0000f598    0000010c                             : mmwave_dualcore.oer4f (.text:MMWave_deviceInitFxn)
                  0000f6a4    0000000c                             : mmwave_osal.oer4f (.text:MMWave_osalSemSignal)
                  0000f6b0    0000010c     sysbios.aer4ft : BIOS.obj (.text:ti_sysbios_knl_Task_schedule__I)
                  0000f7bc    00000004     libmmwave_xwr18xx.aer4f : mmwave_listlib.oer4f (.text:MMWave_listGetHead)
                  0000f7c0    0000010c     sysbios.aer4ft : BIOS.obj (.text:xdc_runtime_Core_constructObject__I)
                  0000f8cc    00000108     libdma_xwr18xx.aer4f : dma.oer4f (.text:DMA_disableInterrupt)
                  0000f9d4    00000108     libmailbox_xwr18xx.aer4f : mailbox.oer4f (.text:Mailbox_write)
                  0000fadc    00000108     mmw_cli.oer4f (.text:MmwDemo_CLICfarCfg)
                  0000fbe4    00000104     libcbuff_xwr18xx.aer4f : cbuff.oer4f (.text:CBUFF_deinit)
                  0000fce8    00000104     libedma_xwr18xx.aer4f : edma.oer4f (.text:EDMA_configParamSet)
                  0000fdec    00000104     libmmwave_xwr18xx.aer4f : mmwave_link.oer4f (.text:MMWave_startLink)
                  0000fef0    00000104     mmw_cli.oer4f (.text:MmwDemo_CLIChirpQualityRxSatMonCfg)
                  0000fff4    00000104     mmw_cli.oer4f (.text:MmwDemo_CLICompRangeBiasAndRxChanPhaseCfg)
                  000100f8    00000008     libmmwavelink_xwr18xx.aer4f : rl_driver.oer4f (.text:rlDriverConstructOutMsg)
                  00010100    00000104     sysbios.aer4ft : BIOS.obj (.text:ti_sysbios_timers_rti_Timer_getFreq__E)
                  00010204    00000100     libcli_xwr18xx.aer4f : cli_mmwave.oer4f (.text:CLI_MMWaveBPMCfgAdvanced)
                  00010304    00000100     libdma_xwr18xx.aer4f : dma.oer4f (.text:DMA_clearChannelInterruptFlag)
                  00010404    00000100     libmmwavelink_xwr18xx.aer4f : rl_driver.oer4f (.text:rlDriverInit)
                  00010504    000000fc     libcbuff_xwr18xx.aer4f : cbuff.oer4f (.text:CBUFF_deleteSession)
                  00010600    000000fc     libcrc_xwr18xx.aer4f : crc.oer4f (.text:CRC_computeSignature)
                  000106fc    000000fc     mmw_cli.oer4f (.text:MmwDemo_CLIADCBufCfg)
                  000107f8    00000008     libmmwavelink_xwr18xx.aer4f : rl_driver.oer4f (.text:rlDriverGetHandle)
                  00010800    000000fc     sysbios.aer4ft : BIOS.obj (.text:ti_sysbios_knl_Task_exit__E)
                  000108fc    000000f8     mmw_lvds_stream.oer4f (.text:MmwDemo_configLVDSHwData)
                  000109f4    000000f8     libmmwavelink_xwr18xx.aer4f : rl_driver.oer4f (.text:rlDriverRdVerifyMsg)
                  00010aec    000000f8     mmw_mss_per4ft.oer4ft (.text:xdc_runtime_System_printfExtend__I)
                  00010be4    000000f4     mmw_cli.oer4f (.text:MmwDemo_CLICalibDataSaveRestore)
                  00010cd8    00000008     sysbios.aer4ft : BIOS.obj (.text:ti_sysbios_family_arm_v7a_Pmu_getEnabled__E)
                  00010ce0    000000f0                    : BIOS.obj (.text:ti_sysbios_family_arm_v7r_vim_Hwi_Module_startup__E)
                  00010dd0    000000f0                    : BIOS.obj (.text:ti_sysbios_knl_Task_startCore__E)
                  00010ec0    000000f0                    : BIOS.obj (.text:ti_sysbios_utils_Load_taskCreateHook__E)
                  00010fb0    000000ec     rtsv7R4_T_le_v3D16_eabi.lib : s_scalbn.obj (.text)
                  0001109c    00000004     libmmwave_xwr18xx.aer4f : mmwave_listlib.oer4f (.text:MMWave_listGetNext)
                  000110a0    000000ec     sysbios.aer4ft : BIOS.obj (.text:ti_sysbios_heaps_HeapBuf_Module_startup__E)
                  0001118c    000000ea     mss_main.oer4f (.text:MmwDemo_setSubFramePendingState)
                  00011276    00000002     --HOLE-- [fill = 0]
                  00011278    000000e8     mmw_cli.oer4f (.text:MmwDemo_CLIChirpQualitySigImgMonCfg)
                  00011360    000000e8     libmmwavelink_xwr18xx.aer4f : rl_sensor.oer4f (.text:rlRfCalibDataStore)
                  00011448    000000e8                                 : rl_sensor.oer4f (.text:rlRfPhShiftCalibDataStore)
                  00011530    000000e4                                 : rl_sensor.oer4f (.text:rlRfPhShiftCalibDataRestore)
                  00011614    000000e0     libcli_xwr18xx.aer4f : cli.oer4f (.text:CLI_open)
                  000116f4    000000e0     libdma_xwr18xx.aer4f : dma.oer4f (.text:DMA_enableInterrupt)
                  000117d4    000000dc     libmmwave_xwr18xx.aer4f : mmwave.oer4f (.text:MMWave_init)
                  000118b0    000000dc     libmmwavelink_xwr18xx.aer4f : rl_driver.oer4f (.text:rlDriverMsgCmdReply)
                  0001198c    000000dc     rtsv7R4_T_le_v3D16_eabi.lib : setvbuf.obj (.text)
                  00011a68    000000d4     libmailbox_xwr18xx.aer4f : mailbox.oer4f (.text:Mailbox_read)
                  00011b3c    000000d4     libmmwavelink_xwr18xx.aer4f : rl_sensor.oer4f (.text:rlSetMultiBpmChirpConfig)
                  00011c10    000000d4     sysbios.aer4ft : BIOS.obj (.text:ti_sysbios_utils_Load_logLoads__I)
                  00011ce4    000000d0     libsoc_xwr18xx.aer4f : soc_xwr18xx_mss.oer4f (.text:SOC_controlSecureFirewall)
                  00011db4    000000d0     sysbios.aer4ft : exc_Exception_asm.obj (.text:ti_sysbios_family_arm_exc_Exception_excHandlerAsm__I)
                  00011e84    0000000c     libuart_xwr18xx.aer4f : UART.oer4f (.text:UART_Params_init)
                  00011e90    000000d0     sysbios.aer4ft : BIOS.obj (.text:ti_sysbios_utils_Load_idleFxn__E)
                  00011f60    000000d0                    : BIOS.obj (.text:xdc_runtime_LoggerBuf_Instance_init__E)
                  00012030    000000cc     libmmwavelink_xwr18xx.aer4f : rl_sensor.oer4f (.text:rlRfCalibDataRestore)
                  000120fc    000000cc                                 : rl_sensor.oer4f (.text:rlSetChirpConfig)
                  000121c8    000000cc     rtsv7R4_T_le_v3D16_eabi.lib : fflush.obj (.text)
                  00012294    000000cc                                 : sscanf.obj (.text)
                  00012360    000000cc     sysbios.aer4ft : BIOS.obj (.text:ti_sysbios_knl_Task_checkStacks__E)
                  0001242c    000000c8     libmmwave_xwr18xx.aer4f : mmwave_fullcfg.oer4f (.text:MMWave_addChirp)
                  000124f4    000000c8                             : mmwave_link.oer4f (.text:MMWave_configBPM)
                  000125bc    000000c8                             : mmwave_fullcfg.oer4f (.text:MMWave_flushCfg)
                  00012684    000000c8                             : mmwave_fullcfg.oer4f (.text:MMWave_getChirpHandle)
                  0001274c    000000c8     libmmwavelink_xwr18xx.aer4f : rl_sensor.oer4f (.text:rlSetFrameConfig)
                  00012814    000000c4     libcbuff_xwr18xx.aer4f : cbuff_transfer.oer4f (.text:CBUFF_setupNonInterleaved_CP_ADC_CQ)
                  000128d8    000000c4     libdpm_xwr18xx.aer4f : dpm_core.oer4f (.text:DPM_deinit)
                  0001299c    000000c4                          : dpm_core.oer4f (.text:DPM_ioctl)
                  00012a60    000000c4     sysbios.aer4ft : BIOS.obj (.text:ti_sysbios_family_arm_v7a_Pmu_configureCounter__E)
                  00012b24    000000c0     mmw_cli.oer4f (.text:MmwDemo_CLIAnalogMonitorCfg)
                  00012be4    000000c0     mmw_cli.oer4f (.text:MmwDemo_CLIEgoVelocity)
                  00012ca4    000000c0     libmmwavelink_xwr18xx.aer4f : rl_driver.oer4f (.text:rlDriverMsgWrite)
                  00012d64    0000000c     libuart_xwr18xx.aer4f : uartsci_dma.oer4f (.text:UartSci_isDMAEnabled)
                  00012d70    000000c0     sysbios.aer4ft : BIOS.obj (.text:ti_sysbios_timers_rti_Timer_startup__E)
                  00012e30    000000bc     libcli_xwr18xx.aer4f : cli.oer4f (.text:CLI_help)
                  00012eec    000000bc     libgpio_xwr18xx.aer4f : gpio.oer4f (.text:GPIO_write)
                  00012fa8    000000bc     libmmwave_xwr18xx.aer4f : mmwave_link.oer4f (.text:MMWave_computeCRC)
                  00013064    000000bc     mmw_lvds_stream.oer4f (.text:MmwDemo_LVDSStream_EDMAInit)
                  00013120    000000bc     rtsv7R4_T_le_v3D16_eabi.lib : open.obj (.text)
                  000131dc    000000b8     libcbuff_xwr18xx.aer4f : cbuff.oer4f (.text:CBUFF_ISR)
                  00013294    000000b8                            : cbuff_transfer.oer4f (.text:CBUFF_setupTransfer)
                  0001334c    000000b8     libdma_xwr18xx.aer4f : dma.oer4f (.text:DMA_getChannelInterruptFlag)
                  00013404    000000b8     mss_main.oer4f (.text:MmwDemo_isAllCfgInPendingState)
                  000134bc    000000b6     libsoc_xwr18xx.aer4f : soc_mpu.o (.text)
                  00013572    0000000e     libosal_xwr18xx.aer4f : SemaphoreP_tirtos.oer4f (.text:SemaphoreP_delete)
                  00013580    000000b4     sysbios.aer4ft : BIOS.obj (.text:ti_sysbios_gates_GateMutex_enter__E)
                  00013634    0000000c                    : arm_IntrinsicsSupport_asm.obj (.text:_ti_sysbios_family_arm_IntrinsicsSupport_maxbitA)
                  00013640    000000b4                    : BIOS.obj (.text:xdc_runtime_LoggerBuf_setFilterLevel__E)
                  000136f4    000000b2     libuart_xwr18xx.aer4f : uartsci_dma.oer4f (.text:UartSci_openDMA)
                  000137a6    00000002     --HOLE-- [fill = 0]
                  000137a8    000000b0     libcbuff_xwr18xx.aer4f : cbuff.oer4f (.text:CBUFF_deactivateSession)
                  00013858    000000b0     libmmwave_xwr18xx.aer4f : mmwave_fullcfg.oer4f (.text:MMWave_addProfile)
                  00013908    000000b0     libmmwavelink_xwr18xx.aer4f : rl_sensor.oer4f (.text:rlSetProfileConfig)
                  000139b8    00000008     mmw_mss_per4ft.oer4ft (.text:xdc_runtime_Text_visitRope__I)
                  000139c0    000000b0     sysbios.aer4ft : BIOS.obj (.text:ti_sysbios_utils_Load_updateLoads__E)
                  00013a70    000000b0                    : BIOS.obj (.text:xdc_runtime_Text_putMod__E)
                  00013b20    000000ae     mmwdemo_adcconfig.oer4f (.text:MmwDemo_ADCBufConfig)
                  00013bce    000000ae     rtsv7R4_T_le_v3D16_eabi.lib : _io_perm.obj (.text)
                  00013c7c    000000ac     libesm_xwr18xx.aer4f : esm.oer4f (.text:ESM_processInterrupt)
                  00013d28    00000006     libosal_xwr18xx.aer4f : CycleprofilerP_tirtos.oer4f (.text:CycleprofilerP_getTimeStamp)
                  00013d2e    00000002     --HOLE-- [fill = 0]
                  00013d30    000000ac     sysbios.aer4ft : BIOS.obj (.text:ti_sysbios_knl_Task_Module_startup__E)
                  00013ddc    00000004     libmmwave_xwr18xx.aer4f : mmwave_link.oer4f (.text:MMWave_mboxClose)
                  00013de0    000000ac     sysbios.aer4ft : BIOS.obj (.text:ti_sysbios_utils_Load_startup__E)
                  00013e8c    000000a8     libadcbuf_xwr18xx.aer4f : adcbuf_mmwave.oer4f (.text:ADCBUF_MMWave_getChanBufAddr)
                  00013f34    000000a8     libcli_xwr18xx.aer4f : cli_mmwave.oer4f (.text:CLI_MMWaveExtensionHelp)
                  00013fdc    000000a8     libedma_xwr18xx.aer4f : edma_low_level.oer4f (.text:EDMA3Init)
                  00014084    000000a8     libmmwave_xwr18xx.aer4f : mmwave_link.oer4f (.text:MMWave_configureProfileChirp)
                  0001412c    000000a8                             : mmwave_fullcfg.oer4f (.text:MMWave_getBpmChirpHandle)
                  000141d4    000000a8     mss_main.oer4f (.text:MmwDemo_isAllCfgInNonPendingState)
                  0001427c    000000a8     libpinmux_xwr18xx.aer4f : pinmux.oer4f (.text:Pinmux_Set_OverrideCtrl)
                  00014324    000000a8     libsoc_xwr18xx.aer4f : soc.oer4f (.text:SOC_deregisterSysIntListener)
                  000143cc    000000a8     libmmwavelink_xwr18xx.aer4f : rl_driver.oer4f (.text:rlDriverWaitForResponse)
                  00014474    000000a8                                 : rl_sensor.oer4f (.text:rlSetAdvFrameConfig)
                  0001451c    000000a4     libdma_xwr18xx.aer4f : dma.oer4f (.text:DMA_assignChannel)
                  000145c0    000000a4     libesm_xwr18xx.aer4f : esm.oer4f (.text:ESM_init)
                  00014664    000000a4     libmmwave_xwr18xx.aer4f : mmwave_fullcfg.oer4f (.text:MMWave_addBpmChirp)
                  00014708    000000a4                             : mmwave.oer4f (.text:MMWave_start)
                  000147ac    000000a4     libqspiflash_xwr18xx.aer4f : qspiflash.oer4f (.text:QSPIFlash_mmapWrite)
                  00014850    000000a2     sysbios.aer4ft : BIOS.obj (.text:xdc_runtime_Text_putSite__E)
                  000148f2    00000002     --HOLE-- [fill = 0]
                  000148f4    000000a0     libqspiflash_xwr18xx.aer4f : qspiflash.oer4f (.text:QSPIFlash_configMmapRead)
                  00014994    000000a0                                : qspiflash_device_macronix.oer4f (.text:QSPIFlash_macronix_progQuadRead)
                  00014a34    000000a0     libsoc_xwr18xx.aer4f : soc.oer4f (.text:SOC_registerSysIntListener)
                  00014ad4    000000a0     auto_init.aer4ft : auto_init.oer4ft (.text)
                  00014b74    0000000c     rtsv7R4_T_le_v3D16_eabi.lib : copy_zero_init.obj (.text:decompress:ZI)
                  00014b80    000000a0     sysbios.aer4ft : BIOS.obj (.text:ti_sysbios_knl_Task_blockI__E)
                  00014c20    0000009c     libmmwave_xwr18xx.aer4f : mmwave_link.oer4f (.text:MMWave_configLink)
                  00014cbc    0000009c                             : mmwave_fullcfg.oer4f (.text:MMWave_getProfileHandle)
                  00014d58    0000009c     mmw_cli.oer4f (.text:MmwDemo_CLIMeasureRangeBiasAndRxChanPhaseCfg)
                  00014df4    0000009c     libqspiflash_xwr18xx.aer4f : qspiflash_device_spansion.oer4f (.text:QSPIFlash_spansion_progQuadRead)
                  00014e90    0000009c     libuart_xwr18xx.aer4f : uartsci.oer4f (.text:UartSci_write)
                  00014f2c    0000009c     rtsv7R4_T_le_v3D16_eabi.lib : memcpy_t2.obj (.text)
                  00014fc8    00000006     libdpm_xwr18xx.aer4f : dpm_mailbox.oer4f (.text:DPM_mboxSynch)
                  00014fce    00000002     --HOLE-- [fill = 0]
                  00014fd0    0000009c     sysbios.aer4ft : BIOS.obj (.text:ti_sysbios_family_arm_v7r_vim_Hwi_initIntController__I)
                  0001506c    00000004     libmmwave_xwr18xx.aer4f : mmwave_link.oer4f (.text:MMWave_mboxRead)
                  00015070    0000009c     sysbios.aer4ft : BIOS.obj (.text:ti_sysbios_family_arm_v7r_vim_Hwi_mapChannel__I)
                  0001510c    00000004     libmmwave_xwr18xx.aer4f : mmwave_link.oer4f (.text:MMWave_registerInterruptHandler)
                  00015110    0000009c     sysbios.aer4ft : BIOS.obj (.text:ti_sysbios_knl_Semaphore_Instance_init__E)
                  000151ac    0000009a     libdpm_xwr18xx.aer4f : dpm_msg.oer4f (.text:DPM_msgResponseHandler)
                  00015246    00000002     --HOLE-- [fill = 0]
                  00015248    00000098     libmmwave_xwr18xx.aer4f : mmwave_fullcfg.oer4f (.text:MMWave_getChirpCfg)
                  000152e0    00000098     mmwdemo_rfparser.oer4f (.text:MmwDemo_RFParser_parseConfig)
                  00015378    00000098     rtsv7R4_T_le_v3D16_eabi.lib : fclose.obj (.text)
                  00015410    00000098                                 : fputc.obj (.text)
                  000154a8    00000098     sysbios.aer4ft : vim_Hwi_asm_switch.obj (.text)
                  00015540    00000098                    : BIOS.obj (.text:ti_sysbios_utils_Load_taskDeleteHook__E)
                  000155d8    00000096     libedma_xwr18xx.aer4f : edma.oer4f (.text:EDMA_getErrorStatusInfo)
                  0001566e    00000096     libuart_xwr18xx.aer4f : uartsci.oer4f (.text:UartSci_readChar)
                  00015704    00000094     libcbuff_xwr18xx.aer4f : cbuff_transfer.oer4f (.text:CBUFF_setupNonInterleaved_ADC)
                  00015798    00000094     mmw_lvds_stream.oer4f (.text:MmwDemo_LVDSStream_EDMAAllocateCBUFFHwChannel)
                  0001582c    00000094     mmw_lvds_stream.oer4f (.text:MmwDemo_LVDSStream_EDMAAllocateCBUFFSwChannel)
                  000158c0    00000094     libmmwavelink_xwr18xx.aer4f : rl_driver.oer4f (.text:rlDriverDeInit)
                  00015954    00000094                                 : rl_driver.oer4f (.text:rlDriverMsgReadCmdCtx)
                  000159e8    00000094                                 : rl_driver.oer4f (.text:rlDriverProcRdMsg)
                  00015a7c    00000094     sysbios.aer4ft : vim_Hwi_asm.obj (.text:ti_sysbios_family_arm_v7r_vim_Hwi_dispatchIRQ__I)
                  00015b10    00000090     libgpio_xwr18xx.aer4f : gpio.oer4f (.text:GPIO_init)
                  00015ba0    00000090     libmailbox_xwr18xx.aer4f : mailbox.oer4f (.text:Mailbox_close)
                  00015c30    00000090     libuart_xwr18xx.aer4f : uartsci_dma.oer4f (.text:UartSci_initiateTxDMA)
                  00015cc0    00000090                           : uartsci.oer4f (.text:UartSci_read)
                  00015d50    00000090     sysbios.aer4ft : BIOS.obj (.text:ti_sysbios_family_arm_v7a_Pmu_startCounter__E)
                  00015de0    00000090                    : BIOS.obj (.text:ti_sysbios_knl_Task_unblockI__E)
                  00015e70    00000090                    : BIOS.obj (.text:xdc_runtime_LoggerBuf_getFilterLevel__E)
                  00015f00    0000008c     libcli_xwr18xx.aer4f : cli_mmwave.oer4f (.text:CLI_MMWaveDataOutputMode)
                  00015f8c    0000008c     libsoc_xwr18xx.aer4f : soc.oer4f (.text:SOC_init)
                  00016018    0000008c                          : soc_xwr18xx.oer4f (.text:SOC_translateAddress)
                  000160a4    0000008c     libuart_xwr18xx.aer4f : uartsci_dma.oer4f (.text:UartSci_initiateRxDMA)
                  00016130    0000008c     libmmwavelink_xwr18xx.aer4f : rl_device.oer4f (.text:rlDevicePowerOn)
                  000161bc    0000008c                                 : rl_driver.oer4f (.text:rlDriverMsgReadSpawnCtx)
                  00016248    00000006     libedma_xwr18xx.aer4f : edma_low_level.oer4f (.text:EDMA3ClrCCErr)
                  0001624e    00000002     --HOLE-- [fill = 0]
                  00016250    0000008c     sysbios.aer4ft : BIOS.obj (.text:ti_sysbios_family_arm_v7a_Pmu_getCount__E)
                  000162dc    00000004     libmmwave_xwr18xx.aer4f : mmwave_link.oer4f (.text:MMWave_unmaskHostIRQ)
                  000162e0    0000008c     sysbios.aer4ft : BIOS.obj (.text:ti_sysbios_family_arm_v7r_vim_Hwi_Instance_finalize__E)
                  0001636c    00000004     libmmwave_xwr18xx.aer4f : mmwave_link.oer4f (.text:MMWave_waitIRQStatus)
                  00016370    0000008c     sysbios.aer4ft : BIOS.obj (.text:xdc_runtime_Memory_alloc__E)
                  000163fc    00000088     libmmwave_xwr18xx.aer4f : mmwave_fullcfg.oer4f (.text:MMWave_getProfileCfg)
                  00016484    00000088     rtsv7R4_T_le_v3D16_eabi.lib : vsnprintf.obj (.text)
                  0001650c    00000086     libcbuff_xwr18xx.aer4f : cbuff_edma.oer4f (.text:CBUFF_closeEDMA)
                  00016592    00000002     --HOLE-- [fill = 0]
                  00016594    00000084     libmmwave_xwr18xx.aer4f : mmwave_dualcore.oer4f (.text:MMWave_deviceCfgAsyncEvent)
                  00016618    00000084                             : mmwave_dualcore.oer4f (.text:MMWave_deviceEventFxn)
                  0001669c    00000084                             : mmwave_fullcfg.oer4f (.text:MMWave_getNumBpmChirp)
                  00016720    00000084                             : mmwave.oer4f (.text:MMWave_open)
                  000167a4    00000084     mss_main.oer4f (.text:MmwDemo_configSensor)
                  00016828    00000081     libcbuff_xwr18xx.aer4f : cbuff_edma.oer4f (.text:CBUFF_setupEDMAShadowLink)
                  000168a9    00000003     --HOLE-- [fill = 0]
                  000168ac    00000080     libcli_xwr18xx.aer4f : cli_mmwave.oer4f (.text:CLI_MMWaveChannelCfg)
                  0001692c    00000080     libdpm_xwr18xx.aer4f : dpm_mailbox.oer4f (.text:DPM_mboxRemoteMailboxCallbackFxn)
                  000169ac    00000080     libmmwave_xwr18xx.aer4f : mmwave_fullcfg.oer4f (.text:MMWave_getBpmChirpCfg)
                  00016a2c    00000080     mmw_cli.oer4f (.text:MmwDemo_CLIAoAFovCfg)
                  00016aac    00000080     libsoc_xwr18xx.aer4f : soc.oer4f (.text:SOC_getDeviceRFFreqScaleFactor)
                  00016b2c    00000080     libuart_xwr18xx.aer4f : uartsci.oer4f (.text:UartSci_writePolling)
                  00016bac    00000080     libmmwavelink_xwr18xx.aer4f : rl_driver.oer4f (.text:rlDriverExecuteGetApi)
                  00016c2c    00000004     mss_main.oer4f (.text:MmwDemo_sleep)
                  00016c30    00000080     sysbios.aer4ft : BIOS.obj (.text:ti_sysbios_timers_rti_Timer_initDevice__I)
                  00016cb0    0000007e     libosal_xwr18xx.aer4f : HwiP_tirtos.oer4f (.text:HwiP_create)
                  00016d2e    00000002     --HOLE-- [fill = 0]
                  00016d30    0000007d     libcbuff_xwr18xx.aer4f : cbuff_lvds.oer4f (.text:CBUFF_initLVDSLinkListParams)
                  00016dad    00000003     --HOLE-- [fill = 0]
                  00016db0    0000007c     libdpm_xwr18xx.aer4f : dpm_pipe.oer4f (.text:DPM_pipeSend)
                  00016e2c    0000007c     libedma_xwr18xx.aer4f : edma.oer4f (.text:EDMA_clearErrors)
                  00016ea8    0000007c     libmmwave_xwr18xx.aer4f : mmwave_dualcore.oer4f (.text:MMWave_deviceOpenFxn)
                  00016f24    0000007c     libmailbox_xwr18xx.aer4f : mailbox.oer4f (.text:Mailbox_init)
                  00016fa0    0000007c     mmw_lvds_stream.oer4f (.text:MmwDemo_LVDSStream_SwTriggerFrameDone)
                  0001701c    0000007c     libuart_xwr18xx.aer4f : uartsci.oer4f (.text:UartSci_readPolling)
                  00017098    0000007c     sysbios.aer4ft : arm_TaskSupport_asm.obj (.text:_ti_sysbios_family_arm_TaskSupport_buildTaskStack)
                  00017114    0000000c     libmmwavelink_xwr18xx.aer4f : rl_driver.oer4f (.text:rlDriverGetPlatformId)
                  00017120    0000007c     sysbios.aer4ft : BIOS.obj (.text:xdc_runtime_Core_deleteObject__I)
                  0001719c    0000007b     mmw_cli.oer4f (.text:MmwDemo_CLIGetSubframe)
                  00017217    00000001     --HOLE-- [fill = 0]
                  00017218    0000007a     rtsv7R4_T_le_v3D16_eabi.lib : memset_t2.obj (.text)
                  00017292    00000002     --HOLE-- [fill = 0]
                  00017294    00000078     libadcbuf_xwr18xx.aer4f : adcbuf_mmwave.oer4f (.text:ADCBUF_MMWave_getCQBufAddr)
                  0001730c    00000078     libcbuff_xwr18xx.aer4f : cbuff_transfer.oer4f (.text:CBUFF_configUserBufferEDMA)
                  00017384    00000078                            : cbuff.oer4f (.text:CBUFF_setVC)
                  000173fc    00000078     libcli_xwr18xx.aer4f : cli_mmwave.oer4f (.text:CLI_MMWaveADCCfg)
                  00017474    00000078     libmmwave_xwr18xx.aer4f : mmwave_fullcfg.oer4f (.text:MMWave_getNumChirps)
                  000174ec    00000078     libqspiflash_xwr18xx.aer4f : qspiflash.oer4f (.text:QSPIFlash_mmapRead)
                  00017564    00000078                                : qspiflash.oer4f (.text:QSPIFlash_sectorErase)
                  000175dc    00000078     libqspi_xwr18xx.aer4f : qspi.oer4f (.text:QSPI_cfgRead)
                  00017654    00000077                           : qspi.oer4f (.text:QSPI_memAccessCfg)
                  000176cb    00000001     --HOLE-- [fill = 0]
                  000176cc    00000074     libmmwave_xwr18xx.aer4f : mmwave.oer4f (.text:MMWave_config)
                  00017740    00000074                             : mmwave_dualcore.oer4f (.text:MMWave_deviceStartFxn)
                  000177b4    00000074     boot.aer4ft : boot.oer4ft (.text)
                  00017828    00000074     libmmwavelink_xwr18xx.aer4f : rl_driver.oer4f (.text:rlDriverAsyncEventHandler)
                  0001789c    00000074     rtsv7R4_T_le_v3D16_eabi.lib : getdevice.obj (.text)
                  00017910    00000074                                 : s_frexp.obj (.text)
                  00017984    00000072     libmmwavelink_xwr18xx.aer4f : rl_driver.oer4f (.text:rlDriverClientCbCheck)
                  000179f6    00000002     --HOLE-- [fill = 0]
                  000179f8    00000070     libedma_xwr18xx.aer4f : edma.oer4f (.text:EDMA_error_isr)
                  00017a68    00000070     libhsiheader_xwr18xx.aer4f : hsiheader.oer4f (.text:HSIHeader_deleteHeader)
                  00017ad8    00000070     libmmwave_xwr18xx.aer4f : mmwave_dualcore.oer4f (.text:MMWave_deviceCfgFxn)
                  00017b48    00000070     mmw_cli.oer4f (.text:MmwDemo_CLIGuiMonSel)
                  00017bb8    00000070     mmwdemo_flash.oer4f (.text:mmwDemo_flashInit)
                  00017c28    00000006     libedma_xwr18xx.aer4f : edma_low_level.oer4f (.text:EDMA3ErrIntrHighStatusGet)
                  00017c2e    00000002     --HOLE-- [fill = 0]
                  00017c30    00000070     sysbios.aer4ft : BIOS.obj (.text:xdc_runtime_Error_print__E)
                  00017ca0    0000006c     libdma_xwr18xx.aer4f : dma.oer4f (.text:DMA_disableChannel)
                  00017d0c    0000006c                          : dma.oer4f (.text:DMA_enableChannel)
                  00017d78    0000006c     libmmwave_xwr18xx.aer4f : mmwave_link.oer4f (.text:MMWave_spawn)
                  00017de4    0000006c                             : mmwave_link.oer4f (.text:MMWave_stopLink)
                  00017e50    0000006c     mmw_lvds_stream.oer4f (.text:MmwDemo_LVDSStream_EDMAFreeCBUFFHwChannel)
                  00017ebc    0000006c     mmw_lvds_stream.oer4f (.text:MmwDemo_LVDSStream_EDMAFreeCBUFFSwChannel)
                  00017f28    0000006c     mmw_lvds_stream.oer4f (.text:MmwDemo_LVDSStream_HwTriggerFrameDone)
                  00017f94    0000006c     libpinmux_xwr18xx.aer4f : pinmux.oer4f (.text:Pinmux_Set_FuncSel)
                  00018000    0000006c     libqspiflash_xwr18xx.aer4f : qspiflash.oer4f (.text:QSPIFlashReadSFDP)
                  0001806c    0000006c     libqspi_xwr18xx.aer4f : qspi.oer4f (.text:QSPI_cfgWrite)
                  000180d8    0000006c     rtsv7R4_T_le_v3D16_eabi.lib : copy_decompress_lzss.obj (.text:decompress:lzss)
                  00018144    0000006c                                 : trgmsg.obj (.text)
                  000181b0    0000006a     libuart_xwr18xx.aer4f : uartsci.oer4f (.text:UartSci_control)
                  0001821a    00000002     --HOLE-- [fill = 0]
                  0001821c    00000068     libdpm_xwr18xx.aer4f : dpm_msg.oer4f (.text:DPM_msgDPCCfgHandler)
                  00018284    00000068     libmmwave_xwr18xx.aer4f : mmwave_dualcore.oer4f (.text:MMWave_deviceStopFxn)
                  000182ec    00000068     libmailbox_xwr18xx.aer4f : mailbox.oer4f (.text:Mailbox_readFlush)
                  00018354    00000068     mss_main.oer4f (.text:MmwDemo_convertCfarToLinear)
                  000183bc    00000068     libmmwavelink_xwr18xx.aer4f : rl_driver.oer4f (.text:rlDriverExecuteSetApi)
                  00018424    00000068                                 : rl_driver.oer4f (.text:rlDriverHostIrqHandler)
                  0001848c    00000068     rtsv7R4_T_le_v3D16_eabi.lib : hostlseek.obj (.text)
                  000184f4    00000068                                 : hostrename.obj (.text)
                  0001855c    00000066     libmmwavelink_xwr18xx.aer4f : rl_device.oer4f (.text:rlDevicePowerOff)
                  000185c2    00000002     --HOLE-- [fill = 0]
                  000185c4    00000064     libcli_xwr18xx.aer4f : cli_mmwave.oer4f (.text:CLI_MMWaveLowPowerCfg)
                  00018628    00000064     libedma_xwr18xx.aer4f : edma.oer4f (.text:EDMA_getTransferControllerErrorStatusInfo)
                  0001868c    00000064     libosal_xwr18xx.aer4f : SemaphoreP_tirtos.oer4f (.text:SemaphoreP_create)
                  000186f0    00000064     rtsv7R4_T_le_v3D16_eabi.lib : fseek.obj (.text)
                  00018754    00000064                                 : sprintf.obj (.text)
                  000187b8    00000064     sysbios.aer4ft : exc_Exception_asm.obj (.text:ti_sysbios_family_arm_exc_Exception_initCore0__I)
                  0001881c    00000004     libsoc_xwr18xx.aer4f : soc_xwr18xx.oer4f (.text:SOC_gateClock)
                  00018820    00000064     sysbios.aer4ft : BIOS.obj (.text:ti_sysbios_family_arm_v7r_vim_Hwi_phantomIntHandler__I)
                  00018884    0000000c                    : BIOS.obj (.text:ti_sysbios_family_arm_v7a_Pmu_configureCounterI__I)
                  00018890    00000064                    : BIOS.obj (.text:ti_sysbios_knl_Clock_logTick__E)
                  000188f4    0000000c                    : BIOS.obj (.text:ti_sysbios_family_arm_v7a_Pmu_getCountI__E)
                  00018900    00000064                    : BIOS.obj (.text:ti_sysbios_utils_Load_logCPULoad__I)
                  00018964    0000000c     mmw_mss_per4ft.oer4ft (.text:ti_sysbios_knl_Queue_Object__get__S)
                  00018970    00000064     sysbios.aer4ft : BIOS.obj (.text:xdc_runtime_Startup_exec__E)
                  000189d4    00000062     mmw_cli.oer4f (.text:MmwDemo_CLICfarFovCfg)
                  00018a36    00000002     --HOLE-- [fill = 0]
                  00018a38    00000060     libcli_xwr18xx.aer4f : cli_mmwave.oer4f (.text:CLI_MMWaveExtensionHandler)
                  00018a98    00000060     libosal_xwr18xx.aer4f : DebugP_tirtos.oer4f (.text:DebugP_log2)
                  00018af8    00000060                           : DebugP_tirtos.oer4f (.text:DebugP_log3)
                  00018b58    00000006     libedma_xwr18xx.aer4f : edma_low_level.oer4f (.text:EDMA3GetCCErrStatus)
                  00018b5e    00000002     --HOLE-- [fill = 0]
                  00018b60    00000060     sysbios.aer4ft : BIOS.obj (.text:ti_sysbios_heaps_HeapMem_alloc__E)
                  00018bc0    00000060                    : BIOS.obj (.text:xdc_runtime_Assert_raise__I)
                  00018c20    0000005f                    : BIOS.obj (.text:xdc_runtime_Text_putLab__E)
                  00018c7f    00000001     --HOLE-- [fill = 0]
                  00018c80    0000005e     libuart_xwr18xx.aer4f : uartsci.oer4f (.text:UartSci_writeChar)
                  00018cde    00000002     --HOLE-- [fill = 0]
                  00018ce0    0000005c     libedma_xwr18xx.aer4f : edma.oer4f (.text:EDMA_getErrorStatus)
                  00018d3c    0000005c     libmmwave_xwr18xx.aer4f : mmwave_link.oer4f (.text:MMWave_mboxOpen)
                  00018d98    0000005c                             : mmwave.oer4f (.text:MMWave_stop)
                  00018df4    0000005c     mss_main.oer4f (.text:MmwDemo_mmWaveCtrlTask)
                  00018e50    0000005c     libqspiflash_xwr18xx.aer4f : qspiflash.oer4f (.text:QSPIFlashGetDeviceID)
                  00018eac    0000005c     libsoc_xwr18xx.aer4f : soc.oer4f (.text:SOC_enableLVDS)
                  00018f08    0000005c     rtsv7R4_T_le_v3D16_eabi.lib : hostopen.obj (.text)
                  00018f64    0000005c                                 : hostread.obj (.text)
                  00018fc0    0000005c     sysbios.aer4ft : BIOS.obj (.text:ti_sysbios_utils_Load_updateCurrentThreadTime__E)
                  0001901c    0000005a     libuart_xwr18xx.aer4f : uartsci.oer4f (.text:UartSci_readCancel)
                  00019076    0000005a     libmmwavelink_xwr18xx.aer4f : rl_driver.oer4f (.text:rlDriverCalChkSum)
                  000190d0    00000058     libdpm_xwr18xx.aer4f : dpm_core.oer4f (.text:DPM_execute)
                  00019128    00000058                          : dpm_mailbox.oer4f (.text:DPM_mboxInit)
                  00019180    00000058     libosal_xwr18xx.aer4f : DebugP_tirtos.oer4f (.text:DebugP_log0)
                  000191d8    00000058                           : DebugP_tirtos.oer4f (.text:DebugP_log1)
                  00019230    00000058     libedma_xwr18xx.aer4f : edma_low_level.oer4f (.text:EDMA3EnableChInShadowReg)
                  00019288    00000058     libesm_xwr18xx.aer4f : esm.oer4f (.text:ESM_highpriority_FIQ)
                  000192e0    00000058     libmmwave_xwr18xx.aer4f : mmwave.oer4f (.text:MMWave_execute)
                  00019338    00000058                             : mmwave_link.oer4f (.text:MMWave_initCRC)
                  00019390    00000058     mmw_cli.oer4f (.text:MmwDemo_CLISensorStop)
                  000193e8    00000058     mss_main.oer4f (.text:MmwDemo_EDMA_errorCallbackFxn)
                  00019440    00000058     mss_main.oer4f (.text:MmwDemo_EDMA_transferControllerErrorCallbackFxn)
                  00019498    00000058     libqspiflash_xwr18xx.aer4f : qspiflash.oer4f (.text:QSPIFlash_configMmapWrite)
                  000194f0    00000058     libuart_xwr18xx.aer4f : uartsci_dma.oer4f (.text:UartSci_closeDMA)
                  00019548    00000058     mmwdemo_flash.oer4f (.text:mmwDemo_flashRead)
                  000195a0    00000058     rtsv7R4_T_le_v3D16_eabi.lib : close.obj (.text)
                  000195f8    00000058                                 : hostwrite.obj (.text)
                  00019650    00000056     libedma_xwr18xx.aer4f : edma.oer4f (.text:EDMA_check4kSiErrata_boundaryCheckUtilType1)
                  000196a6    00000056     libmmwavelink_xwr18xx.aer4f : rl_driver.oer4f (.text:rlDriverOsiCbCheck)
                  000196fc    00000054     libcrc_xwr18xx.aer4f : crc.oer4f (.text:CRC_getTransactionId)
                  00019750    00000054     libdma_xwr18xx.aer4f : dma.oer4f (.text:DMA_freeChannel)
                  000197a4    00000054     libmmwave_xwr18xx.aer4f : mmwave_link.oer4f (.text:MMWave_initLink)
                  000197f8    00000054     mss_main.oer4f (.text:MmwDemo_CfgUpdate)
                  0001984c    00000054     libqspiflash_xwr18xx.aer4f : qspiflash.oer4f (.text:QSPIFlash_writeEnable)
                  000198a0    00000054     librtrimutils.aer4f : rtrimutils.oer4f (.text:rtrim_set)
                  000198f4    00000054     rtsv7R4_T_le_v3D16_eabi.lib : ltoa.obj (.text)
                  00019948    00000054     mmw_mss_per4ft.oer4ft (.text:ti_sysbios_family_arm_v7r_vim_Hwi_create)
                  0001999c    00000004     libsoc_xwr18xx.aer4f : soc_xwr18xx.oer4f (.text:SOC_ungateClock)
                  000199a0    00000054     sysbios.aer4ft : BIOS.obj (.text:ti_sysbios_heaps_HeapMem_getStats__E)
                  000199f4    0000000a     libadcbuf_xwr18xx.aer4f : ADCBuf.oer4f (.text:ADCBuf_control)
                  000199fe    00000002     --HOLE-- [fill = 0]
                  00019a00    00000054     sysbios.aer4ft : BIOS.obj (.text:xdc_runtime_Core_assignLabel__I)
                  00019a54    00000050     libcrc_xwr18xx.aer4f : crc.oer4f (.text:CRC_getSignature)
                  00019aa4    00000050     libdpm_xwr18xx.aer4f : dpm_core.oer4f (.text:DPM_synch)
                  00019af4    00000050     libedma_xwr18xx.aer4f : edma_low_level.oer4f (.text:EDMA3MapChToEvtQ)
                  00019b44    00000050     libmmwave_xwr18xx.aer4f : mmwave.oer4f (.text:MMWave_sync)
                  00019b94    00000050     mmw_cli.oer4f (.text:MmwDemo_CLIMultiObjBeamForming)
                  00019be4    00000050     mmw_cli.oer4f (.text:MmwDemo_CLIQueryDemoStatus)
                  00019c34    00000050     mss_main.oer4f (.text:mmwDemo_mssDPMTask)
                  00019c84    00000050     libmmwavelink_xwr18xx.aer4f : rl_driver.oer4f (.text:rlDeviceIdentifyCmdDir)
                  00019cd4    00000050                                 : rl_driver.oer4f (.text:rlDriverVerifyCRC)
                  00019d24    00000050     rtsv7R4_T_le_v3D16_eabi.lib : atoi.obj (.text)
                  00019d74    00000050                                 : exit.obj (.text)
                  00019dc4    00000050                                 : u_div32.obj (.text)
                  00019e14    0000000a     libadcbuf_xwr18xx.aer4f : ADCBuf.oer4f (.text:ADCBuf_getChanBufAddr)
                  00019e1e    00000002     --HOLE-- [fill = 0]
                  00019e20    00000050     sysbios.aer4ft : BIOS.obj (.text:xdc_runtime_System_exit__E)
                  00019e70    0000004c     libcli_xwr18xx.aer4f : cli.oer4f (.text:CLI_write)
                  00019ebc    0000004c     libedma_xwr18xx.aer4f : edma.oer4f (.text:EDMA_disableChannel)
                  00019f08    0000004c                           : edma.oer4f (.text:EDMA_enableChannel)
                  00019f54    0000004c     libmailbox_xwr18xx.aer4f : mailbox.oer4f (.text:Mailbox_boxEmptyISRProcessing)
                  00019fa0    0000004c     libqspiflash_xwr18xx.aer4f : qspiflash_device_macronix.oer4f (.text:QSPIFlash_macronix_init)
                  00019fec    0000004c     libuart_xwr18xx.aer4f : uartsci.oer4f (.text:UartSci_writeCancel)
                  0001a038    0000004c     librtrimutils.aer4f : rtrimutils.oer4f (.text:rtrim_get)
                  0001a084    0000004c     rtsv7R4_T_le_v3D16_eabi.lib : cpy_tbl.obj (.text)
                  0001a0d0    0000004c     sysbios.aer4ft : BIOS.obj (.text:ti_sysbios_family_arm_v7r_vim_Hwi_getStackInfo__E)
                  0001a11c    0000004c     mmw_mss_per4ft.oer4ft (.text:ti_sysbios_knl_Task_create)
                  0001a168    00000006     libedma_xwr18xx.aer4f : edma_low_level.oer4f (.text:EDMA3GetErrIntrStatus)
                  0001a16e    00000002     --HOLE-- [fill = 0]
                  0001a170    0000004c     sysbios.aer4ft : BIOS.obj (.text:ti_sysbios_knl_Task_stat__E)
                  0001a1bc    00000004     mmw_mss_per4ft.oer4ft (.text:ti_sysbios_BIOS_RtsGateProxy_enter__E)
                  0001a1c0    0000004c     sysbios.aer4ft : BIOS.obj (.text:ti_sysbios_utils_Load_taskSwitchHook__E)
                  0001a20c    0000004a     libdpm_xwr18xx.aer4f : dpm_mailbox.oer4f (.text:DPM_mboxSendResult)
                  0001a256    0000004a     libmailbox_xwr18xx.aer4f : mailbox.oer4f (.text:Mailbox_boxFullISRProcessing)
                  0001a2a0    0000004a     sysbios.aer4ft : BIOS.obj (.text:xdc_runtime_Core_assignParams__I)
                  0001a2ea    00000006     libedma_xwr18xx.aer4f : edma_low_level.oer4f (.text:EDMA3QdmaGetErrIntrStatus)
                  0001a2f0    0000004a     sysbios.aer4ft : BIOS.obj (.text:xdc_runtime_Text_xprintf__I)
                  0001a33a    00000002     --HOLE-- [fill = 0]
                  0001a33c    00000049     mmw_lvds_stream.oer4f (.text:MmwDemo_LVDSStream_EDMAAllocateCBUFFChannel)
                  0001a385    00000001     --HOLE-- [fill = 0]
                  0001a386    00000048     libcbuff_xwr18xx.aer4f : cbuff_transfer.oer4f (.text:CBUFF_setup_USER)
                  0001a3ce    00000048     libdpm_xwr18xx.aer4f : dpm_pipe.oer4f (.text:DPM_pipeRecv)
                  0001a416    00000002     --HOLE-- [fill = 0]
                  0001a418    00000048     mss_main.oer4f (.text:MmwDemo_resetStaticCfgPendingState)
                  0001a460    00000048     mmwdemo_flash.oer4f (.text:mmwDemo_flashWrite)
                  0001a4a8    00000048     libmmwavelink_xwr18xx.aer4f : rl_device.oer4f (.text:rlDeviceGetVersion)
                  0001a4f0    00000048                                 : rl_driver.oer4f (.text:rlDriverOsiInit)
                  0001a538    00000048     mmw_mss_per4ft.oer4ft (.text:xdc_runtime_LoggerBuf_Object__create__S)
                  0001a580    00000046     libmailbox_xwr18xx.aer4f : mailbox.oer4f (.text:CSL_FINSR)
                  0001a5c6    00000002     --HOLE-- [fill = 0]
                  0001a5c8    00000044     libadcbuf_xwr18xx.aer4f : adcbuf_mmwave.oer4f (.text:ADCBUF_MMWave_close)
                  0001a60c    00000044     libcrc_xwr18xx.aer4f : crc.oer4f (.text:CRC_resetSignature)
                  0001a650    00000044     libdpm_xwr18xx.aer4f : dpm_core.oer4f (.text:DPM_start)
                  0001a694    00000044                          : dpm_core.oer4f (.text:DPM_stop)
                  0001a6d8    00000044     libedma_xwr18xx.aer4f : edma.oer4f (.text:EDMA_linkParamSets)
                  0001a71c    00000044     libmailbox_xwr18xx.aer4f : mailbox.oer4f (.text:Mailbox_boxFullISRMssDss)
                  0001a760    00000044     libsoc_xwr18xx.aer4f : soc_xwr18xx_mss.oer4f (.text:SOC_resetDMA)
                  0001a7a4    00000044     rtsv7R4_T_le_v3D16_eabi.lib : hostclose.obj (.text)
                  0001a7e8    00000044                                 : hostunlink.obj (.text)
                  0001a82c    00000004     mmw_mss_per4ft.oer4ft (.text:ti_sysbios_BIOS_RtsGateProxy_leave__E)
                  0001a830    00000044     sysbios.aer4ft : BIOS.obj (.text:ti_sysbios_family_arm_v7r_tms570_Core_Module_startup__E)
                  0001a874    0000000a     libcbuff_xwr18xx.aer4f : cbuff_lvds.oer4f (.text:CBUFF_deinitLVDS)
                  0001a87e    00000002     --HOLE-- [fill = 0]
                  0001a880    00000044     sysbios.aer4ft : BIOS.obj (.text:ti_sysbios_knl_Task_allBlockedFunction__I)
                  0001a8c4    0000000a     libdpm_xwr18xx.aer4f : dpm_core.oer4f (.text:DPM_chirpISR)
                  0001a8ce    00000002     --HOLE-- [fill = 0]
                  0001a8d0    00000044     sysbios.aer4ft : BIOS.obj (.text:xdc_runtime_LoggerBuf_Module_startup__E)
                  0001a914    0000000a     libdpm_xwr18xx.aer4f : dpm_core.oer4f (.text:DPM_frameStartISR)
                  0001a91e    00000002     --HOLE-- [fill = 0]
                  0001a920    00000044     sysbios.aer4ft : BIOS.obj (.text:xdc_runtime_System_atexit__E)
                  0001a964    00000042     libcbuff_xwr18xx.aer4f : cbuff_lvds.oer4f (.text:CBUFF_closeLVDS)
                  0001a9a6    00000042     libedma_xwr18xx.aer4f : edma.oer4f (.text:EDMA_transferController_error_isr)
                  0001a9e8    00000042     libmmwave_xwr18xx.aer4f : mmwave_link.oer4f (.text:MMWave_executeLink)
                  0001aa2a    00000042     libmmwavelink_xwr18xx.aer4f : rl_controller.oer4f (.text:rlGetSubBlock)
                  0001aa6c    00000040     mmw_cli.oer4f (.text:MmwDemo_CLIClutterRemoval)
                  0001aaac    00000040     mmw_cli.oer4f (.text:MmwDemo_CLIExtendedMaxVelocity)
                  0001aaec    00000040     libqspiflash_xwr18xx.aer4f : qspiflash.oer4f (.text:QSPIFlash_progQuadRead)
                  0001ab2c    00000040                                : qspiflash_device_spansion.oer4f (.text:QSPIFlash_spansion_init)
                  0001ab6c    00000040     libmmwavelink_xwr18xx.aer4f : rl_driver.oer4f (.text:rlDriverValidateHdr)
                  0001abac    00000040     rtsv7R4_T_le_v3D16_eabi.lib : strtok.obj (.text)
                  0001abec    00000004     mmw_mss_per4ft.oer4ft (.text:ti_sysbios_family_arm_TaskSupport_Module__startupDone__S)
                  0001abf0    00000040     sysbios.aer4ft : BIOS.obj (.text:ti_sysbios_timers_rti_Timer_stop__E)
                  0001ac30    0000003e     libadcbuf_xwr18xx.aer4f : adcbuf_mmwave.oer4f (.text:CSL_FINSR)
                  0001ac6e    0000003e     libcbuff_xwr18xx.aer4f : cbuff.oer4f (.text:CSL_FINSR)
                  0001acac    0000003e                            : cbuff_lvds.oer4f (.text:CSL_FINSR)
                  0001acea    0000003e     libcrc_xwr18xx.aer4f : crc.oer4f (.text:CSL_FINSR)
                  0001ad28    0000003e     libdma_xwr18xx.aer4f : dma.oer4f (.text:CSL_FINSR)
                  0001ad66    0000003e     libgpio_xwr18xx.aer4f : gpio.oer4f (.text:CSL_FINSR)
                  0001ada4    0000003e     libpinmux_xwr18xx.aer4f : pinmux.oer4f (.text:CSL_FINSR)
                  0001ade2    0000003e     libqspi_xwr18xx.aer4f : qspi.oer4f (.text:CSL_FINSR)
                  0001ae20    0000003e     libsoc_xwr18xx.aer4f : soc.oer4f (.text:CSL_FINSR)
                  0001ae5e    0000003e                          : soc_xwr18xx.oer4f (.text:CSL_FINSR)
                  0001ae9c    0000003e                          : soc_xwr18xx_mss.oer4f (.text:CSL_FINSR)
                  0001aeda    0000003e     libuart_xwr18xx.aer4f : uartsci.oer4f (.text:CSL_FINSR)
                  0001af18    0000003e     libdpm_xwr18xx.aer4f : dpm_msg.oer4f (.text:DPM_msgStopHandler)
                  0001af56    0000003e     libmmwave_xwr18xx.aer4f : mmwave.oer4f (.text:MMWave_decodeError)
                  0001af94    0000003e     libuart_xwr18xx.aer4f : uartsci.oer4f (.text:UartSci_close)
                  0001afd2    0000003e     mmwdemo_monitor.oer4f (.text:mmwDemo_cfgAnalogMonitor)
                  0001b010    0000003c     libcbuff_xwr18xx.aer4f : cbuff_transfer.oer4f (.text:CBUFF_configCQEDMA)
                  0001b04c    0000003c     libcli_xwr18xx.aer4f : cli_mmwave.oer4f (.text:CLI_MMWaveFlushCfg)
                  0001b088    0000003c     libedma_xwr18xx.aer4f : edma.oer4f (.text:EDMA_chainChannels)
                  0001b0c4    0000003c                           : edma.oer4f (.text:EDMA_getTransferControllerErrorStatus)
                  0001b100    0000003c     libmailbox_xwr18xx.aer4f : mailbox.oer4f (.text:Mailbox_writeReset)
                  0001b13c    0000003c     libsoc_xwr18xx.aer4f : soc.oer4f (.text:SOC_unhaltBSS)
                  0001b178    0000003c     sysbios.aer4ft : vim_Hwi_asm.obj (.text:ti_sysbios_family_arm_v7r_vim_Hwi_init__I)
                  0001b1b4    0000000a     libosal_xwr18xx.aer4f : MemoryP_tirtos.oer4f (.text:MemoryP_ctrlFree)
                  0001b1be    00000002     --HOLE-- [fill = 0]
                  0001b1c0    0000003c     sysbios.aer4ft : BIOS.obj (.text:ti_sysbios_hal_Hwi_checkStack)
                  0001b1fc    00000004     mmw_mss_per4ft.oer4ft (.text:ti_sysbios_family_arm_v7r_vim_Hwi_delete)
                  0001b200    0000003c     sysbios.aer4ft : BIOS.obj (.text:ti_sysbios_heaps_HeapMem_init__I)
                  0001b23c    0000003a     libosal_xwr18xx.aer4f : HwiP_tirtos.oer4f (.text:HwiP_delete)
                  0001b276    00000038     libcbuff_xwr18xx.aer4f : cbuff_transfer.oer4f (.text:CBUFF_addUserBufferLLEntry)
                  0001b2ae    00000038                            : cbuff_transfer.oer4f (.text:CBUFF_setupHeader)
                  0001b2e6    00000002     --HOLE-- [fill = 0]
                  0001b2e8    00000038     libcli_xwr18xx.aer4f : cli_mmwave.oer4f (.text:CLI_MMWaveExtensionInit)
                  0001b320    00000038     libedma_xwr18xx.aer4f : edma_low_level.oer4f (.text:EDMA3ClrMissEvt)
                  0001b358    00000038     libuart_xwr18xx.aer4f : UART.oer4f (.text:UART_init)
                  0001b390    00000036     libmmwavelink_xwr18xx.aer4f : rl_controller.oer4f (.text:rlAppendSubBlock)
                  0001b3c6    00000036     rtsv7R4_T_le_v3D16_eabi.lib : strncpy.obj (.text)
                  0001b3fc    00000034     libadcbuf_xwr18xx.aer4f : ADCBuf.oer4f (.text:ADCBuf_open)
                  0001b430    00000034     libedma_xwr18xx.aer4f : edma.oer4f (.text:EDMA_configTransferControllerError)
                  0001b464    00000034     libmmwave_xwr18xx.aer4f : mmwave_link.oer4f (.text:MMWave_mboxWrite)
                  0001b498    00000034     libsoc_xwr18xx.aer4f : soc_xwr18xx_mss.oer4f (.text:SOC_isSecureDevice)
                  0001b4cc    00000034                          : soc_xwr18xx.oer4f (.text:SOC_setMMWaveDSSLinkState)
                  0001b500    00000034                          : soc_xwr18xx.oer4f (.text:SOC_setMMWaveMSSLinkState)
                  0001b534    00000034                          : soc_xwr18xx.oer4f (.text:SOC_setMSSLinkState)
                  0001b568    00000034     libuart_xwr18xx.aer4f : UART.oer4f (.text:UART_open)
                  0001b59c    00000004     mmw_mss_per4ft.oer4ft (.text:ti_sysbios_heaps_HeapMem_Module_GateProxy_enter__E)
                  0001b5a0    00000034     sysbios.aer4ft : BIOS.obj (.text:ti_sysbios_family_arm_a15_TimestampProvider_get64__E)
                  0001b5d4    00000034     mmw_mss_per4ft.oer4ft (.text:ti_sysbios_knl_Semaphore_create)
                  0001b608    00000032     libcrc_xwr18xx.aer4f : crc.oer4f (.text:CRC_getCRCDataSelectBitValue)
                  0001b63a    00000002     --HOLE-- [fill = 0]
                  0001b63c    00000032                          : crc.oer4f (.text:CRC_getCRCTypeBitValue)
                  0001b66e    00000032     libedma_xwr18xx.aer4f : edma.oer4f (.text:EDMA_configQueueThreshold)
                  0001b6a0    00000032     sysbios.aer4ft : BIOS.obj (.text:ti_sysbios_hal_Hwi_initStack)
                  0001b6d2    00000002     --HOLE-- [fill = 0]
                  0001b6d4    00000030     libadcbuf_xwr18xx.aer4f : ADCBuf.oer4f (.text:ADCBuf_init)
                  0001b704    00000030     libcbuff_xwr18xx.aer4f : cbuff_transfer.oer4f (.text:CBUFF_addCQLLEntry)
                  0001b734    00000030     libmmwave_xwr18xx.aer4f : mmwave_listlib.oer4f (.text:MMWave_listRemoveNode)
                  0001b764    00000030     libsoc_xwr18xx.aer4f : soc.oer4f (.text:SOC_getDevicePartNumber)
                  0001b794    00000030     libmmwavelink_xwr18xx.aer4f : rl_sensor.oer4f (.text:rlSensorStart)
                  0001b7c4    00000030     mmw_mss_per4ft.oer4ft (.text:ti_sysbios_BIOS_startFunc__I)
                  0001b7f4    0000000a     mss_main.oer4f (.text:MmwDemo_resetDynObjDetCfgPendingState)
                  0001b7fe    00000002     --HOLE-- [fill = 0]
                  0001b800    00000030     sysbios.aer4ft : BIOS.obj (.text:ti_sysbios_family_arm_TaskSupport_start__E)
                  0001b830    00000030     mmw_mss_per4ft.oer4ft (.text:ti_sysbios_gates_GateHwi_Object__create__S)
                  0001b860    00000030     mmw_mss_per4ft.oer4ft (.text:ti_sysbios_gates_GateMutex_Object__create__S)
                  0001b890    00000030     mmw_mss_per4ft.oer4ft (.text:ti_sysbios_heaps_HeapMem_Object__create__S)
                  0001b8c0    00000030     sysbios.aer4ft : BIOS.obj (.text:ti_sysbios_heaps_HeapMem_free__E)
                  0001b8f0    00000030     mmw_mss_per4ft.oer4ft (.text:ti_sysbios_knl_Semaphore_construct)
                  0001b920    0000002f     sysbios.aer4ft : BIOS.obj (.text:xdc_runtime_Text_printVisFxn__I)
                  0001b94f    00000001     --HOLE-- [fill = 0]
                  0001b950    0000002e     libdpm_xwr18xx.aer4f : dpm_msg.oer4f (.text:DPM_msgStartHandler)
                  0001b97e    00000002     --HOLE-- [fill = 0]
                  0001b980    0000002e     sysbios.aer4ft : BIOS.obj (.text:ti_sysbios_knl_Semaphore_pendTimeout__I)
                  0001b9ae    0000002e     mmw_mss_per4ft.oer4ft (.text:ti_sysbios_rts_MemAlloc_alloc)
                  0001b9dc    0000002c     libdpm_xwr18xx.aer4f : dpm_pipe.oer4f (.text:DPM_pipeInit)
                  0001ba08    0000002c     libedma_xwr18xx.aer4f : edma.oer4f (.text:EDMA_validate_channelIdchannelType)
                  0001ba34    0000002c     libgpio_xwr18xx.aer4f : gpio.oer4f (.text:GPIO_HighPriorityISR)
                  0001ba60    0000002c                           : gpio.oer4f (.text:GPIO_LowPriorityISR)
                  0001ba8c    0000002c     libmmwave_xwr18xx.aer4f : mmwave_osal.oer4f (.text:MMWave_osalMutexCreate)
                  0001bab8    0000002c                             : mmwave_osal.oer4f (.text:MMWave_osalSemCreate)
                  0001bae4    0000002c     libsoc_xwr18xx.aer4f : soc_xwr18xx_mss.oer4f (.text:SOC_waitBSSPowerUp)
                  0001bb10    0000002c     libmmwavelink_xwr18xx.aer4f : rl_device.oer4f (.text:rlDeviceGetMssVersion)
                  0001bb3c    0000002c                                 : rl_sensor.oer4f (.text:rlSensorStop)
                  0001bb68    0000002c     rtsv7R4_T_le_v3D16_eabi.lib : unlink.obj (.text)
                  0001bb94    0000002c     mmw_mss_per4ft.oer4ft (.text:ti_sysbios_BIOS_atExitFunc__I)
                  0001bbc0    0000002c     mmw_mss_per4ft.oer4ft (.text:ti_sysbios_knl_Clock_doTick__I)
                  0001bbec    0000002c     mmw_mss_per4ft.oer4ft (.text:ti_sysbios_knl_Queue_construct)
                  0001bc18    00000006     libosal_xwr18xx.aer4f : HwiP_tirtos.oer4f (.text:HwiP_restore)
                  0001bc1e    00000002     --HOLE-- [fill = 0]
                  0001bc20    0000002c     sysbios.aer4ft : BIOS.obj (.text:ti_sysbios_timers_rti_Timer_periodicStub__E)
                  0001bc4c    0000002a     libdpm_xwr18xx.aer4f : dpm_pipe.oer4f (.text:DPM_pipeDeinit)
                  0001bc76    0000002a     mmwdemo_adcconfig.oer4f (.text:MmwDemo_ADCBufOpen)
                  0001bca0    0000002a     libsoc_xwr18xx.aer4f : soc.oer4f (.text:SOC_SystemISR)
                  0001bcca    0000002a     libmmwavelink_xwr18xx.aer4f : rl_device.oer4f (.text:rlDeviceGetMmWaveLinkVersion)
                  0001bcf4    0000002a     rtsv7R4_T_le_v3D16_eabi.lib : strspn.obj (.text)
                  0001bd1e    00000002     --HOLE-- [fill = 0]
                  0001bd20    00000028     libcbuff_xwr18xx.aer4f : cbuff.oer4f (.text:CBUFF_ErrorISR)
                  0001bd48    00000028                            : cbuff.oer4f (.text:CBUFF_FrameStartISR)
                  0001bd70    00000028     libdpm_xwr18xx.aer4f : dpm_mailbox.oer4f (.text:DPM_mboxDeinit)
                  0001bd98    00000028                          : dpm_msg.oer4f (.text:DPM_msgInitHeader)
                  0001bdc0    00000028     libmailbox_xwr18xx.aer4f : mailbox.oer4f (.text:Mailbox_Config_init)
                  0001bde8    00000028     libqspiflash_xwr18xx.aer4f : qspiflash.oer4f (.text:QSPIFlash_getExtFlashAddr)
                  0001be10    00000028     libuart_xwr18xx.aer4f : uartsci_dma.oer4f (.text:UartSci_RxDMACallbackFxn)
                  0001be38    00000028                           : uartsci_dma.oer4f (.text:UartSci_TxDMACallbackFxn)
                  0001be60    00000028     mmwdemo_flash.oer4f (.text:mmwDemo_flashEraseOneSector)
                  0001be88    00000028     libmmwavelink_xwr18xx.aer4f : rl_driver.oer4f (.text:rlDriverConstructInMsg)
                  0001beb0    00000028     rtsv7R4_T_le_v3D16_eabi.lib : lseek.obj (.text)
                  0001bed8    00000028                                 : write.obj (.text)
                  0001bf00    00000028     sysbios.aer4ft : BIOS.obj (.text:ti_sysbios_knl_Idle_run__E)
                  0001bf28    00000006     libmmwavelink_xwr18xx.aer4f : rl_controller.oer4f (.text:rlGetSubBlockId)
                  0001bf2e    00000002     --HOLE-- [fill = 0]
                  0001bf30    00000028     sysbios.aer4ft : BIOS.obj (.text:xdc_runtime_SysStd_abort__E)
                  0001bf58    00000006     libmmwavelink_xwr18xx.aer4f : rl_controller.oer4f (.text:rlGetSubBlockLen)
                  0001bf5e    00000002     --HOLE-- [fill = 0]
                  0001bf60    00000028     sysbios.aer4ft : BIOS.obj (.text:xdc_runtime_System_aprintf_va__F)
                  0001bf88    00000026     mmwdemo_monitor.oer4f (.text:mmwDemo_cfgRxSaturationMonitor)
                  0001bfae    00000026     libmmwavelink_xwr18xx.aer4f : rl_monitoring.oer4f (.text:rlRfAnaMonConfig)
                  0001bfd4    00000026                                 : rl_sensor.oer4f (.text:rlRfGetTemperatureReport)
                  0001bffa    00000026                                 : rl_sensor.oer4f (.text:rlRfInitCalibConfig)
                  0001c020    00000026                                 : rl_sensor.oer4f (.text:rlRfRunTimeCalibConfig)
                  0001c046    00000026                                 : rl_monitoring.oer4f (.text:rlRfRxIfSatMonConfig)
                  0001c06c    00000026                                 : rl_monitoring.oer4f (.text:rlRfRxSigImgMonConfig)
                  0001c092    00000026                                 : rl_sensor.oer4f (.text:rlRfSetCalMonFreqLimitConfig)
                  0001c0b8    00000026                                 : rl_sensor.oer4f (.text:rlRfSetDeviceCfg)
                  0001c0de    00000026                                 : rl_sensor.oer4f (.text:rlRfSetLdoBypassConfig)
                  0001c104    00000026                                 : rl_sensor.oer4f (.text:rlSetAdcOutConfig)
                  0001c12a    00000026                                 : rl_sensor.oer4f (.text:rlSetBpmCommonConfig)
                  0001c150    00000026                                 : rl_sensor.oer4f (.text:rlSetChannelConfig)
                  0001c176    00000026                                 : rl_sensor.oer4f (.text:rlSetContModeConfig)
                  0001c19c    00000026     rtsv7R4_T_le_v3D16_eabi.lib : memcmp.obj (.text)
                  0001c1c2    0000000e                                 : copy_decompress_none.obj (.text:decompress:none)
                  0001c1d0    00000026     sysbios.aer4ft : BIOS.obj (.text:xdc_runtime_System_printf_va__F)
                  0001c1f6    00000002     --HOLE-- [fill = 0]
                  0001c1f8    00000025     mss_main.oer4f (.text:_MmwDemo_debugAssert)
                  0001c21d    00000001     --HOLE-- [fill = 0]
                  0001c21e    00000024     libcrc_xwr18xx.aer4f : crc.oer4f (.text:CRC_isTransactionIdValid)
                  0001c242    00000002     --HOLE-- [fill = 0]
                  0001c244    00000024     libedma_xwr18xx.aer4f : edma_low_level.oer4f (.text:EDMA3ClrEvt)
                  0001c268    00000024                           : edma_low_level.oer4f (.text:EDMA3ClrIntr)
                  0001c28c    00000024                           : edma_low_level.oer4f (.text:EDMA3DisableDmaEvt)
                  0001c2b0    00000024                           : edma_low_level.oer4f (.text:EDMA3DisableEvtIntr)
                  0001c2d4    00000024                           : edma_low_level.oer4f (.text:EDMA3EnableDmaEvt)
                  0001c2f8    00000024                           : edma_low_level.oer4f (.text:EDMA3EnableEvtIntr)
                  0001c31c    00000024                           : edma.oer4f (.text:EDMA_clearTransferControllerErrors)
                  0001c340    00000024     libgpio_xwr18xx.aer4f : gpio.oer4f (.text:GPIO_processInterrupt)
                  0001c364    00000024     libhsiheader_xwr18xx.aer4f : hsiheader.oer4f (.text:HSIHeader_processUserBuffer)
                  0001c388    00000024     libsoc_xwr18xx.aer4f : soc_xwr18xx.oer4f (.text:SOC_isDSSOperational)
                  0001c3ac    00000024                          : soc_xwr18xx.oer4f (.text:SOC_isMMWaveDSSOperational)
                  0001c3d0    00000024                          : soc_xwr18xx.oer4f (.text:SOC_isMMWaveMSSOperational)
                  0001c3f4    00000024     libmmwavelink_xwr18xx.aer4f : rl_device.oer4f (.text:rlDeviceSetHsiClk)
                  0001c418    00000024                                 : rl_sensor.oer4f (.text:rlEnableContMode)
                  0001c43c    00000024                                 : rl_sensor.oer4f (.text:rlRfSetCalMonTimeUnitConfig)
                  0001c460    00000024                                 : rl_sensor.oer4f (.text:rlSetLowPowerModeConfig)
                  0001c484    00000024     mmw_mss_per4ft.oer4ft (.text:ti_sysbios_BIOS_registerRTSLock__I)
                  0001c4a8    00000024     mmw_mss_per4ft.oer4ft (.text:ti_sysbios_BIOS_removeRTSLock__I)
                  0001c4cc    00000024     mmw_mss_per4ft.oer4ft (.text:ti_sysbios_gates_GateMutex_Object__delete__S)
                  0001c4f0    00000024     sysbios.aer4ft : BIOS.obj (.text:ti_sysbios_knl_Clock_Module_startup__E)
                  0001c514    00000024     mmw_mss_per4ft.oer4ft (.text:ti_sysbios_knl_Semaphore_Object__delete__S)
                  0001c538    00000022     libcbuff_xwr18xx.aer4f : cbuff_transfer.oer4f (.text:CBUFF_initLinkedList)
                  0001c55a    00000022     libqspiflash_xwr18xx.aer4f : qspiflash.oer4f (.text:QSPIFlashReadCmd)
                  0001c57c    00000022     libuart_xwr18xx.aer4f : uartsci.oer4f (.text:UartSci_disableRxDMA)
                  0001c59e    00000022                           : uartsci.oer4f (.text:UartSci_enableRxDMA)
                  0001c5c0    00000022     rtsv7R4_T_le_v3D16_eabi.lib : strcspn.obj (.text)
                  0001c5e2    00000020     libdpm_xwr18xx.aer4f : dpm_listlib.oer4f (.text:DPM_listCat)
                  0001c602    00000002     --HOLE-- [fill = 0]
                  0001c604    00000020     libedma_xwr18xx.aer4f : edma_low_level.oer4f (.text:EDMA3QdmaClrMissEvt)
                  0001c624    00000020     libesm_xwr18xx.aer4f : esm.oer4f (.text:ESM_lowpriority_IRQ)
                  0001c644    00000020     libhsiheader_xwr18xx.aer4f : hsiheader.oer4f (.text:HSIHeader_processCQ)
                  0001c664    00000020     libmmwave_xwr18xx.aer4f : mmwave_listlib.oer4f (.text:MMWave_listCat)
                  0001c684    00000020     mss_main.oer4f (.text:MmwDemo_DPM_ioctl_blocking)
                  0001c6a4    00000020     libpinmux_xwr18xx.aer4f : pinmux.oer4f (.text:Pinmux_Unlock)
                  0001c6c4    00000020     libmmwavelink_xwr18xx.aer4f : rl_sensor.oer4f (.text:rlRfInit)
                  0001c6e4    0000000a     libosal_xwr18xx.aer4f : SemaphoreP_tirtos.oer4f (.text:SemaphoreP_post)
                  0001c6ee    00000002     --HOLE-- [fill = 0]
                  0001c6f0    00000020     sysbios.aer4ft : BIOS.obj (.text:ti_sysbios_family_arm_TaskSupport_stackUsed__E)
                  0001c710    00000020                    : BIOS.obj (.text:ti_sysbios_family_arm_a15_TimestampProvider_autoRefreshFxn__I)
                  0001c730    00000020                    : BIOS.obj (.text:ti_sysbios_family_arm_v7a_Pmu_Module_startup__E)
                  0001c750    00000020     mmw_mss_per4ft.oer4ft (.text:ti_sysbios_family_arm_v7r_vim_Hwi_Object__delete__S)
                  0001c770    00000020     sysbios.aer4ft : BIOS.obj (.text:ti_sysbios_family_arm_v7r_vim_Hwi_disableInterrupt__E)
                  0001c790    00000020                    : BIOS.obj (.text:ti_sysbios_family_arm_v7r_vim_Hwi_enableInterrupt__E)
                  0001c7b0    00000020     mmw_mss_per4ft.oer4ft (.text:ti_sysbios_gates_GateHwi_Object__delete__S)
                  0001c7d0    00000020     mmw_mss_per4ft.oer4ft (.text:ti_sysbios_heaps_HeapMem_Object__delete__S)
                  0001c7f0    00000020     mmw_mss_per4ft.oer4ft (.text:ti_sysbios_knl_Semaphore_destruct)
                  0001c810    00000020     mmw_mss_per4ft.oer4ft (.text:xdc_runtime_LoggerBuf_Object__delete__S)
                  0001c830    0000001e     libdpm_xwr18xx.aer4f : dpm_pipe.oer4f (.text:DPM_pipeDequeue)
                  0001c84e    0000001e     libmmwave_xwr18xx.aer4f : mmwave_fullcfg.oer4f (.text:MMWave_internalDelChirp)
[...]
0001e47c  ti_sysbios_knl_Task_E_stackOverflow__C                               
0001e480  ti_sysbios_knl_Task_LD_block__C                                      
0001e484  ti_sysbios_knl_Task_LD_exit__C                                       
0001e488  ti_sysbios_knl_Task_LD_ready__C                                      
0001e48c  ti_sysbios_knl_Task_LM_sleep__C                                      
0001e490  ti_sysbios_knl_Task_LM_switch__C                                     
0001e494  ti_sysbios_knl_Task_Module_State_inactiveQ__O                        
0001e498  ti_sysbios_knl_Task_Module__diagsEnabled__C                          
0001e49c  ti_sysbios_knl_Task_Module__diagsIncluded__C                         
0001e4a0  ti_sysbios_knl_Task_Module__diagsMask__C                             
0001e4a4  ti_sysbios_knl_Task_Module__loggerFxn2__C                            
0001e4a8  ti_sysbios_knl_Task_Module__loggerFxn4__C                            
0001e4ac  ti_sysbios_knl_Task_Module__loggerObj__C                             
0001e4b0  ti_sysbios_knl_Task_Object__count__C                                 
0001e4b4  ti_sysbios_knl_Task_Object__heap__C                                  
0001e4b8  ti_sysbios_knl_Task_allBlockedFunc__C                                
0001e4bc  ti_sysbios_knl_Task_defaultStackHeap__C                              
0001e4c0  ti_sysbios_knl_Task_defaultStackSize__C                              
0001e4c4  ti_sysbios_knl_Task_numConstructedTasks__C                           
0001e4c8  ti_sysbios_timers_rti_Timer_E_cannotSupport__C                       
0001e4cc  ti_sysbios_timers_rti_Timer_Module__diagsEnabled__C                  
0001e4d0  ti_sysbios_timers_rti_Timer_Module__diagsIncluded__C                 
0001e4d4  ti_sysbios_timers_rti_Timer_Module__diagsMask__C                     
0001e4d8  ti_sysbios_timers_rti_Timer_numTimerDevices__C                       
0001e4dc  ti_sysbios_timers_rti_Timer_startupNeeded__C                         
0001e4e0  ti_sysbios_utils_Load_LS_cpuLoad__C                                  
0001e4e4  ti_sysbios_utils_Load_LS_taskLoad__C                                 
0001e4e8  ti_sysbios_utils_Load_Module_State_taskList__O                       
0001e4ec  ti_sysbios_utils_Load_Module__diagsEnabled__C                        
0001e4f0  ti_sysbios_utils_Load_Module__diagsIncluded__C                       
0001e4f4  ti_sysbios_utils_Load_Module__diagsMask__C                           
0001e4f8  ti_sysbios_utils_Load_Module__loggerFxn1__C                          
0001e4fc  ti_sysbios_utils_Load_Module__loggerFxn4__C                          
0001e500  ti_sysbios_utils_Load_Module__loggerObj__C                           
0001e504  ti_sysbios_utils_Load_postUpdate__C                                  
0001e508  ti_sysbios_utils_Load_windowInMs__C                                  
0001e50c  xdc_runtime_Assert_E_assertFailed__C                                 
0001e510  xdc_runtime_Core_A_initializedParams__C                              
0001e514  xdc_runtime_Core_Module__diagsEnabled__C                             
0001e518  xdc_runtime_Core_Module__diagsIncluded__C                            
0001e51c  xdc_runtime_Core_Module__diagsMask__C                                
0001e520  xdc_runtime_Error_E_memory__C                                        
0001e524  xdc_runtime_Error_Module__diagsEnabled__C                            
0001e528  xdc_runtime_Error_Module__diagsIncluded__C                           
0001e52c  xdc_runtime_Error_Module__diagsMask__C                               
0001e530  xdc_runtime_Error_Module__loggerFxn8__C                              
0001e534  xdc_runtime_Error_Module__loggerObj__C                               
0001e538  xdc_runtime_Error_policyFxn__C                                       
0001e53c  xdc_runtime_Error_policy__C                                          
0001e540  xdc_runtime_Error_raiseHook__C                                       
0001e544  xdc_runtime_IFilterLogger_Interface__BASE__C                         
0001e548  xdc_runtime_IGateProvider_Interface__BASE__C                         
0001e54c  xdc_runtime_IHeap_Interface__BASE__C                                 
0001e550  xdc_runtime_ILogger_Interface__BASE__C                               
0001e554  xdc_runtime_IModule_Interface__BASE__C                               
0001e558  xdc_runtime_Log_L_error__C                                           
0001e55c  xdc_runtime_LoggerBuf_E_badLevel__C                                  
0001e560  xdc_runtime_LoggerBuf_Module__gateObj__C                             
0001e564  xdc_runtime_LoggerBuf_Object__count__C                               
0001e568  xdc_runtime_LoggerBuf_statusLogger__C                                
0001e56c  xdc_runtime_Main_Module__diagsEnabled__C                             
0001e570  xdc_runtime_Main_Module__diagsIncluded__C                            
0001e574  xdc_runtime_Main_Module__diagsMask__C                                
0001e578  xdc_runtime_Main_Module__loggerFxn1__C                               
0001e57c  xdc_runtime_Main_Module__loggerFxn2__C                               
0001e580  xdc_runtime_Main_Module__loggerFxn4__C                               
0001e584  xdc_runtime_Main_Module__loggerObj__C                                
0001e588  xdc_runtime_Memory_defaultHeapInstance__C                            
0001e58c  xdc_runtime_Startup_execImpl__C                                      
0001e590  xdc_runtime_Startup_maxPasses__C                                     
0001e594  xdc_runtime_Startup_sfxnRts__C                                       
0001e598  xdc_runtime_Startup_sfxnTab__C                                       
0001e59c  xdc_runtime_System_Module__gateObj__C                                
0001e5a0  xdc_runtime_System_abortFxn__C                                       
0001e5a4  xdc_runtime_System_exitFxn__C                                        
0001e5a8  xdc_runtime_System_extendFxn__C                                      
0001e5ac  xdc_runtime_System_maxAtexitHandlers__C                              
0001e5b0  xdc_runtime_Text_charTab__C                                          
0001e5b4  xdc_runtime_Text_nameEmpty__C                                        
0001e5b8  xdc_runtime_Text_nameStatic__C                                       
0001e5bc  xdc_runtime_Text_nameUnknown__C                                      
0001e5c0  xdc_runtime_Text_visitRopeFxn__C                                     
0001e5c4  ti_sysbios_family_arm_exc_Exception_Module__id__C                    
0001e5c6  ti_sysbios_family_arm_v7a_Pmu_Module__id__C                          
0001e5c8  ti_sysbios_family_arm_v7r_tms570_Core_Module__id__C                  
0001e5ca  ti_sysbios_family_arm_v7r_vim_Hwi_Module__id__C                      
0001e5cc  ti_sysbios_family_arm_v7r_vim_Hwi_Module__loggerDefined__C           
0001e5ce  ti_sysbios_gates_GateMutex_Module__id__C                             
0001e5d0  ti_sysbios_hal_Hwi_Module__id__C                                     
0001e5d2  ti_sysbios_heaps_HeapMem_Module__id__C                               
0001e5d4  ti_sysbios_knl_Clock_Module__id__C                                   
0001e5d6  ti_sysbios_knl_Clock_Module__loggerDefined__C                        
0001e5d8  ti_sysbios_knl_Semaphore_Module__id__C                               
0001e5da  ti_sysbios_knl_Semaphore_Module__loggerDefined__C                    
0001e5dc  ti_sysbios_knl_Task_Module__id__C                                    
0001e5de  ti_sysbios_knl_Task_Module__loggerDefined__C                         
0001e5e0  ti_sysbios_timers_rti_Timer_Module__id__C                            
0001e5e2  ti_sysbios_timers_rti_Timer_continueOnSuspend__C                     
0001e5e4  ti_sysbios_utils_Load_Module__id__C                                  
0001e5e6  ti_sysbios_utils_Load_Module__loggerDefined__C                       
0001e5e8  ti_sysbios_utils_Load_autoAddTasks__C                                
0001e5ea  ti_sysbios_utils_Load_updateInIdle__C                                
0001e5ec  xdc_runtime_Core_Module__id__C                                       
0001e5ee  xdc_runtime_Error_Module__loggerDefined__C                           
0001e5f0  xdc_runtime_Error_maxDepth__C                                        
0001e5f2  xdc_runtime_LoggerBuf_Module__id__C                                  
0001e5f4  xdc_runtime_LoggerBuf_filterByLevel__C                               
0001e5f6  xdc_runtime_Main_Module__id__C                                       
0001e5f8  xdc_runtime_Main_Module__loggerDefined__C                            
0001e5fa  xdc_runtime_Memory_Module__id__C                                     
0001e5fc  xdc_runtime_Text_charCnt__C                                          
0001e5fe  xdc_runtime_Text_isLoaded__C                                         
0001e600  xdc_runtime_Text_registryModsLastId__C                               
0001e602  xdc_runtime_Text_unnamedModsLastId__C                                
0001e608  __TI_static_base__                                                   
0001ea94  __TI_Handler_Table_Base                                              
0001eaa0  __TI_Handler_Table_Limit                                             
0001eab8  __TI_CINIT_Base                                                      
0001ead8  __TI_CINIT_Limit                                                     
08000000  ti_sysbios_heaps_HeapMem_Instance_State_0_buf__A                     
08008000  xdc_runtime_LoggerBuf_Instance_State_0_entryArr__A                   
08009900  ti_sysbios_family_arm_exc_Exception_Module_State_0_excStack_0__A     
0800a900  ti_sysbios_knl_Task_Instance_State_0_stack__A                        
0800ac20  gCLI                                                                 
0800adc8  gGPIOMCB                                                             
0800af5c  __CIOBUF_                                                            
0800b07c  gMMWave_MCB                                                          
0800b17c  __TI_tmpnams                                                         
0800b21c  ti_sysbios_knl_Task_Instance_State_0_hookEnv__A                      
0800b220  gHSIHeaderMCB                                                        
0800b2b0  gEsmMCB                                                              
0800b320  gMmwDemoFlash                                                        
0800b32c  gMMWave_DualcoreMCB                                                  
0800b334  parmbuf                                                              
0800b340  gRFLdoBypassCfg                                                      
0800b348  gCalibDataStorage                                                    
0800b7a8  gMmwMssMCB                                                           
0800bf88  gEDMA_4K_errata_check                                                
0800bf8c  edmaDbg                                                              
0800c694  rl_txMsg                                                             
0800c794  rl_rxMsg                                                             
0800ca7c  gQSPIFlashHwCfg                                                      
0800ca80  gCLI_mmwave_freq_scale_factor                                        
0800ca88  gCLIMMWaveOpenCfg                                                    
0800cab0  gCLIMMWaveExtensionTable                                             
0800cb58  partInfoStringArray                                                  
0800cc18  gCLIMMWaveControlCfg                                                 
0800cce8  ti_sysbios_family_arm_v7r_vim_Hwi_Module_State_0_dispatchTable__A    
0800cee8  _ftable                                                              
0800cfd8  ti_sysbios_utils_Load_Module__state__V                               
0800d070  ti_sysbios_knl_Task_Module_State_0_readyQ__A                         
0800d0f0  _device                                                              
0800d168  gCBUFFHwAttribute                                                    
0800d1e0  ti_sysbios_knl_Task_Object__table__V                                 
0800d23c  gUartSciHwCfg                                                        
0800d294  _stream                                                              
0800d2e4  gMailboxMCB                                                          
0800d334  ti_sysbios_knl_Task_Module__state__V                                 
0800d37c  SOC_TranslateAddr_LUT                                                
0800d3bc  ti_sysbios_gates_GateMutex_Object__table__V                          
0800d3fc  ti_sysbios_timers_rti_Timer_Object__table__V                         
0800d438  gCBUFFInterfaceFxn                                                   
0800d470  ti_sysbios_family_arm_v7r_vim_Hwi_Module__state__V                   
0800d4a4  ti_sysbios_family_arm_v7r_vim_Hwi_Object__table__V                   
0800d4d0  ti_sysbios_knl_Clock_Module__state__V                                
0800d4fc  gUartSciFxnTable                                                     
0800d524  UART_config                                                          
0800d548  ti_sysbios_BIOS_Module__state__V                                     
0800d56c  xdc_runtime_LoggerBuf_Object__table__V                               
0800d590  gSOCHwAttrib                                                         
0800d5b0  ti_sysbios_knl_Clock_Object__table__V                                
0800d5d0  xdc_runtime_Error_IgnoreBlock                                        
0800d5f0  xdc_runtime_System_Module_State_0_atexitHandlers__A                  
0800d610  ti_sysbios_utils_Load_Module_State_0_taskEnv__A                      
0800d62c  ADCBuf_config                                                        
0800d644  gInterleavedTransferFxn                                              
0800d65c  gMailboxMssBssHwCfg                                                  
0800d674  gMailboxMssDssHwCfg                                                  
0800d68c  gMultipleChirpNonInterleavedTransferFxn                              
0800d6a4  gNonInterleavedTransferFxn                                           
0800d6bc  ti_sysbios_heaps_HeapMem_Object__table__V                            
0800d6d4  ti_sysbios_timers_rti_Timer_Module_State_0_device__A                 
0800d6ec  gDPMRemoteTable                                                      
0800d700  ti_sysbios_family_arm_exc_Exception_Module__state__V                 
0800d714  gQSPIHwCfg                                                           
0800d724  __TI_ft_end                                                          
0800d728  __aeabi_stdin                                                        
0800d72c  __aeabi_stdout                                                       
0800d730  __aeabi_stderr                                                       
0800d734  ti_sysbios_timers_rti_Timer_Module_State_0_intFreqs__A               
0800d744  ti_sysbios_timers_rti_Timer_Module__state__V                         
0800d754  __TI_cleanup_ptr                                                     
0800d758  __TI_dtors_ptr                                                       
0800d75c  __TI_enable_exit_profile_output                                      
0800d760  gESMHwCfgAttrs                                                       
0800d76c  ti_sysbios_family_arm_v7a_Pmu_Module__state__V                       
0800d778  ti_sysbios_knl_Task_Module__root__V                                  
0800d784  _lock                                                                
0800d788  _unlock                                                              
0800d78c  MmwDemo_RFParserHwCfg                                                
0800d794  QSPIFlash_deviceFxnTbl_macronix                                      
0800d79c  QSPIFlash_deviceFxnTbl_spansion                                      
0800d7a4  gDPMHwAttrib                                                         
0800d7ac  gGPIOHwAtrrib                                                        
0800d7b4  ti_sysbios_family_arm_v7r_vim_Hwi_Module__root__V                    
0800d7bc  ti_sysbios_gates_GateHwi_Module__root__V                             
0800d7c4  ti_sysbios_gates_GateMutex_Module__root__V                           
0800d7cc  ti_sysbios_hal_Hwi_Object__table__V                                  
0800d7d4  ti_sysbios_heaps_HeapMem_Module__root__V                             
0800d7dc  ti_sysbios_knl_Queue_Module__root__V                                 
0800d7e4  ti_sysbios_knl_Semaphore_Module__root__V                             
0800d7ec  ti_sysbios_timers_rti_Timer_Module_State_0_handles__A                
0800d7f4  xdc_runtime_LoggerBuf_Module__root__V                                
0800d7fc  xdc_runtime_Registry_Module__state__V                                
0800d804  xdc_runtime_Startup_Module__state__V                                 
0800d80c  xdc_runtime_System_Module__state__V                                  
0800d814  xdc_runtime_LoggerBuf_Module__state__V                               
0800d81a  ti_sysbios_family_arm_exc_Exception_Module_State_0_excActive__A      
0800d820  gCRCRegister                                                         
0800d824  gDPM                                                                 
0800d828  regionId                                                             
0800d82c  gPinmuxRegs                                                          
0800d830  gQSPIDriverPtr                                                       
0800d838  errno                                                                
0800d844  main_func_sp                                                         
0800d84c  ti_sysbios_family_arm_a15_TimestampProvider_Module__state__V         
0800d850  ti_sysbios_family_arm_exc_Exception_Module_State_0_excContext__A     
0800d854  ti_sysbios_family_arm_exc_Exception_Module_State_0_excStackBuffers__A
0800d858  ti_sysbios_family_arm_exc_Exception_Module_State_0_excStack__A       
0800d85c  ti_sysbios_gates_GateHwi_Object__table__V                            
0800d860  ti_sysbios_heaps_HeapBuf_Module__state__V                            
0800d864  ti_sysbios_knl_Task_Module_State_0_idleTask__A                       
0800d868  ti_sysbios_utils_Load_Module_State_0_runningTask__A                  
0800d86c  ti_sysbios_utils_Load_Module_State_0_taskStartTime__A                
0800d870  xdc_runtime_Memory_Module__state__V                                  
0800d874  xdc_runtime_Error_Module__state__V                                   
0800d876  xdc_runtime_Main_Module__root__V                                     
0800d878  ti_sysbios_family_arm_v7r_vim_Hwi_Module_State_0_fiqStack__A         
0800e078  __stack                                                              
0800e878  __STACK_END                                                          
fffffdec  ti_sysbios_family_arm_v7r_vim_Hwi_vim                                
ffffffff  __TI_pprof_out_hndl                                                  
ffffffff  __TI_prof_data_size                                                  
ffffffff  __TI_prof_data_start                                                 
ffffffff  __binit__                                                            
ffffffff  __c_args__                                                           
ffffffff  binit                                                                
UNDEFED   SHT$$INIT_ARRAY$$Base                                                
UNDEFED   SHT$$INIT_ARRAY$$Limit                                               

[1144 symbols]
